 zlibwapi

 Timestamp is 674cf85a (Sun Dec  1 17:59:22 2024)

 Preferred load address is 0000000180000000

 Start         Length     Name                   Class
 0001:00000000 0002d320H .text$mn                CODE
 0001:0002d320 00001040H .text$mn$00             CODE
 0001:0002e360 00001123H .text$x                 CODE
 0002:00000000 00000110H .CRT$XCA                DATA
 0002:00000110 00000110H .CRT$XCZ                DATA
 0002:00000220 00000110H .CRT$XIA                DATA
 0002:00000330 00000110H .CRT$XIZ                DATA
 0002:00000440 00000110H .CRT$XPA                DATA
 0002:00000550 00000110H .CRT$XPZ                DATA
 0002:00000660 00000110H .CRT$XTA                DATA
 0002:00000770 00000110H .CRT$XTZ                DATA
 0002:00000880 00004f00H .rdata                  DATA
 0002:00005780 00000200H .rdata$CastGuardVftablesA DATA
 0002:00005980 0000019cH .rdata$CastGuardVftablesC DATA
 0002:00005b1c 000001bcH .rdata$zzzdbg           DATA
 0002:00005cd8 00000110H .rtc$IAA                DATA
 0002:00005de8 00000110H .rtc$IZZ                DATA
 0002:00005ef8 00000110H .rtc$TAA                DATA
 0002:00006008 00000110H .rtc$TZZ                DATA
 0002:00006118 00000e68H .xdata                  DATA
 0002:00006f80 00001091H .edata                  DATA
 0003:00000000 00000a20H .data                   DATA
 0003:00000a20 00000771H .bss                    DATA
 0004:00000000 00001248H .pdata                  DATA
 0005:00000000 00000390H .idata$5                DATA
 0005:00000390 0000003cH .idata$2                DATA
 0005:000003cc 00000014H .idata$3                DATA
 0005:000003e0 00000390H .idata$4                DATA
 0005:00000770 0000061dH .idata$6                DATA
 0006:00000000 00000175H .00cfg                  DATA
 0007:00000000 00000170H .rsrc$01                DATA
 0007:00000170 000004dcH .rsrc$02                DATA

  Address         Publics by Value              Rva+Base               Lib:Object

 0000:00000000       __AbsoluteZero             0000000000000000     <absolute>
 0000:00000000       ___safe_se_handler_count   0000000000000000     <absolute>
 0000:00000000       ___safe_se_handler_table   0000000000000000     <absolute>
 0000:00000000       __arm64x_extra_rfe_table   0000000000000000     <absolute>
 0000:00000000       __arm64x_extra_rfe_table_size 0000000000000000     <absolute>
 0000:00000000       __arm64x_native_entrypoint 0000000000000000     <absolute>
 0000:00000000       __arm64x_redirection_metadata 0000000000000000     <absolute>
 0000:00000000       __arm64x_redirection_metadata_count 0000000000000000     <absolute>
 0000:00000000       __dynamic_value_reloc_table 0000000000000000     <absolute>
 0000:00000000       __enclave_config           0000000000000000     <absolute>
 0000:00000000       __guard_check_icall_a64n_fptr 0000000000000000     <absolute>
 0000:00000000       __guard_eh_cont_count      0000000000000000     <absolute>
 0000:00000000       __guard_eh_cont_table      0000000000000000     <absolute>
 0000:00000000       __guard_fids_count         0000000000000000     <absolute>
 0000:00000000       __guard_fids_table         0000000000000000     <absolute>
 0000:00000000       __guard_iat_count          0000000000000000     <absolute>
 0000:00000000       __guard_iat_table          0000000000000000     <absolute>
 0000:00000000       __guard_longjmp_count      0000000000000000     <absolute>
 0000:00000000       __guard_longjmp_table      0000000000000000     <absolute>
 0000:00000000       __hybrid_auxiliary_delayload_iat 0000000000000000     <absolute>
 0000:00000000       __hybrid_auxiliary_delayload_iat_copy 0000000000000000     <absolute>
 0000:00000000       __hybrid_auxiliary_iat     0000000000000000     <absolute>
 0000:00000000       __hybrid_auxiliary_iat_copy 0000000000000000     <absolute>
 0000:00000000       __hybrid_code_map          0000000000000000     <absolute>
 0000:00000000       __hybrid_code_map_count    0000000000000000     <absolute>
 0000:00000000       __hybrid_image_info_bitfield 0000000000000000     <absolute>
 0000:00000000       __volatile_metadata        0000000000000000     <absolute>
 0000:00000000       __x64_code_ranges_to_entry_points 0000000000000000     <absolute>
 0000:00000000       __x64_code_ranges_to_entry_points_count 0000000000000000     <absolute>
 0000:00000100       __guard_flags              0000000000000100     <absolute>
 0000:00000000       __ImageBase                0000000180000000     <linker-defined>
 0001:00000aa0       longest_match              0000000180001aa0 f   gvmat64.obj
 0001:00000d78       match_init                 0000000180001d78 f   gvmat64.obj
 0001:00000e30       inffas8664fnc              0000000180001e30 f   inffasx64.obj
 0001:00001210       adler32                    0000000180002210 f   adler32.obj
 0001:00001250       adler32_z                  0000000180002250 f   adler32.obj
 0001:00001a60       adler32_combine            0000000180002a60 f   adler32.obj
 0001:00001bd0       adler32_combine64          0000000180002bd0 f   adler32.obj
 0001:00001e80       compress                   0000000180002e80 f   compress.obj
 0001:00001ed0       compress2                  0000000180002ed0 f   compress.obj
 0001:00002090       compressBound              0000000180003090 f   compress.obj
 0001:00002150       crc32                      0000000180003150 f   crc32.obj
 0001:00002190       crc32_z                    0000000180003190 f   crc32.obj
 0001:00002500       crc32_combine              0000000180003500 f   crc32.obj
 0001:00002540       get_crc_table              0000000180003540 f   crc32.obj
 0001:00003800       crc32_combine64            0000000180004800 f   crc32.obj
 0001:00003de0       deflate                    0000000180004de0 f   deflate.obj
 0001:000052f0       deflateEnd                 00000001800062f0 f   deflate.obj
 0001:00005430       deflateSetDictionary       0000000180006430 f   deflate.obj
 0001:000057b0       deflateGetDictionary       00000001800067b0 f   deflate.obj
 0001:00005890       deflateCopy                0000000180006890 f   deflate.obj
 0001:00005b90       deflateReset               0000000180006b90 f   deflate.obj
 0001:00005bd0       deflateParams              0000000180006bd0 f   deflate.obj
 0001:00005e20       deflateTune                0000000180006e20 f   deflate.obj
 0001:00005eb0       deflateBound               0000000180006eb0 f   deflate.obj
 0001:000060c0       deflatePending             00000001800070c0 f   deflate.obj
 0001:00006130       deflatePrime               0000000180007130 f   deflate.obj
 0001:00006260       deflateSetHeader           0000000180007260 f   deflate.obj
 0001:000062c0       deflateInit_               00000001800072c0 f   deflate.obj
 0001:00006320       deflateInit2_              0000000180007320 f   deflate.obj
 0001:000067b0       deflateResetKeep           00000001800077b0 f   deflate.obj
 0001:0000baa0       gzclose                    000000018000caa0 f   gzclose.obj
 0001:0000bb10       gzdopen                    000000018000cb10 f   gzlib.obj
 0001:0000bb90       gzbuffer                   000000018000cb90 f   gzlib.obj
 0001:0000bc30       gzrewind                   000000018000cc30 f   gzlib.obj
 0001:0000bcc0       gzeof                      000000018000ccc0 f   gzlib.obj
 0001:0000bd30       gzerror                    000000018000cd30 f   gzlib.obj
 0001:0000bdf0       gzclearerr                 000000018000cdf0 f   gzlib.obj
 0001:0000be70       gzopen                     000000018000ce70 f   gzlib.obj
 0001:0000bea0       gzseek                     000000018000cea0 f   gzlib.obj
 0001:0000bf00       gztell                     000000018000cf00 f   gzlib.obj
 0001:0000bf50       gzoffset                   000000018000cf50 f   gzlib.obj
 0001:0000bfa0       gzopen_w                   000000018000cfa0 f   gzlib.obj
 0001:0000bfd0       gzopen64                   000000018000cfd0 f   gzlib.obj
 0001:0000c000       gzseek64                   000000018000d000 f   gzlib.obj
 0001:0000c310       gztell64                   000000018000d310 f   gzlib.obj
 0001:0000c390       gzoffset64                 000000018000d390 f   gzlib.obj
 0001:0000c450       gz_error                   000000018000d450 f   gzlib.obj
 0001:0000cf40       __local_stdio_printf_options 000000018000df40 f i gzlib.obj
 0001:0000cf50       snprintf                   000000018000df50 f i gzlib.obj
 0001:0000cfc0       vsnprintf                  000000018000dfc0 f i gzlib.obj
 0001:0000d060       gzread                     000000018000e060 f   gzread.obj
 0001:0000d130       gzfread                    000000018000e130 f   gzread.obj
 0001:0000d220       gzgets                     000000018000e220 f   gzread.obj
 0001:0000d450       gzgetc                     000000018000e450 f   gzread.obj
 0001:0000d550       gzungetc                   000000018000e550 f   gzread.obj
 0001:0000d7a0       gzdirect                   000000018000e7a0 f   gzread.obj
 0001:0000d800       gzclose_r                  000000018000e800 f   gzread.obj
 0001:0000d900       gzgetc_                    000000018000e900 f   gzread.obj
 0001:0000e920       gzsetparams                000000018000f920 f   gzwrite.obj
 0001:0000ea50       gzwrite                    000000018000fa50 f   gzwrite.obj
 0001:0000eae0       gzfwrite                   000000018000fae0 f   gzwrite.obj
 0001:0000ebc0       gzprintf                   000000018000fbc0 f   gzwrite.obj
 0001:0000ec20       gzputs                     000000018000fc20 f   gzwrite.obj
 0001:0000ecc0       gzputc                     000000018000fcc0 f   gzwrite.obj
 0001:0000ee40       gzflush                    000000018000fe40 f   gzwrite.obj
 0001:0000ef00       gzclose_w                  000000018000ff00 f   gzwrite.obj
 0001:0000f040       gzvprintf                  0000000180010040 f   gzwrite.obj
 0001:0000ff50       inflateBack                0000000180010f50 f   infback.obj
 0001:00011bd0       inflateBackEnd             0000000180012bd0 f   infback.obj
 0001:00011c40       inflateBackInit_           0000000180012c40 f   infback.obj
 0001:000125b0       inflate_fast               00000001800135b0 f   inffas8664.obj
 0001:00012a60       inflate                    0000000180013a60 f   inflate.obj
 0001:000158e0       inflateEnd                 00000001800168e0 f   inflate.obj
 0001:00015970       inflateSetDictionary       0000000180016970 f   inflate.obj
 0001:00015a70       inflateGetDictionary       0000000180016a70 f   inflate.obj
 0001:00015b50       inflateSync                0000000180016b50 f   inflate.obj
 0001:00015d60       inflateCopy                0000000180016d60 f   inflate.obj
 0001:00015fc0       inflateReset               0000000180016fc0 f   inflate.obj
 0001:00016030       inflateReset2              0000000180017030 f   inflate.obj
 0001:00016130       inflatePrime               0000000180017130 f   inflate.obj
 0001:00016210       inflateMark                0000000180017210 f   inflate.obj
 0001:000162b0       inflateGetHeader           00000001800172b0 f   inflate.obj
 0001:00016320       inflateInit_               0000000180017320 f   inflate.obj
 0001:00016360       inflateInit2_              0000000180017360 f   inflate.obj
 0001:000164d0       inflateSyncPoint           00000001800174d0 f   inflate.obj
 0001:00016540       inflateUndermine           0000000180017540 f   inflate.obj
 0001:00016590       inflateValidate            0000000180017590 f   inflate.obj
 0001:00016600       inflateCodesUsed           0000000180017600 f   inflate.obj
 0001:00016660       inflateResetKeep           0000000180017660 f   inflate.obj
 0001:00017bc0       inflate_table              0000000180018bc0 f   inftrees.obj
 0001:000185a0       fill_fopen64_filefunc      00000001800195a0 f   ioapi.obj
 0001:00018630       fill_fopen_filefunc        0000000180019630 f   ioapi.obj
 0001:000186c0       call_zopen64               00000001800196c0 f   ioapi.obj
 0001:00018730       call_zseek64               0000000180019730 f   ioapi.obj
 0001:000187c0       call_ztell64               00000001800197c0 f   ioapi.obj
 0001:00018830       fill_zlib_filefunc64_32_def_from_filefunc32 0000000180019830 f   ioapi.obj
 0001:00018ee0       fill_win32_filefunc        0000000180019ee0 f   iowin32.obj
 0001:00018f70       fill_win32_filefunc64      0000000180019f70 f   iowin32.obj
 0001:00019000       fill_win32_filefunc64A     000000018001a000 f   iowin32.obj
 0001:00019090       fill_win32_filefunc64W     000000018001a090 f   iowin32.obj
 0001:00019120       win32_open_file_func       000000018001a120 f   iowin32.obj
 0001:000191d0       win32_read_file_func       000000018001a1d0 f   iowin32.obj
 0001:00019280       win32_write_file_func      000000018001a280 f   iowin32.obj
 0001:00019330       win32_tell64_file_func     000000018001a330 f   iowin32.obj
 0001:000193d0       win32_seek64_file_func     000000018001a3d0 f   iowin32.obj
 0001:000194c0       win32_close_file_func      000000018001a4c0 f   iowin32.obj
 0001:00019530       win32_error_file_func      000000018001a530 f   iowin32.obj
 0001:000196c0       win32_open64_file_func     000000018001a6c0 f   iowin32.obj
 0001:00019770       win32_open64_file_funcA    000000018001a770 f   iowin32.obj
 0001:00019820       win32_open64_file_funcW    000000018001a820 f   iowin32.obj
 0001:00019970       win32_tell_file_func       000000018001a970 f   iowin32.obj
 0001:00019a10       win32_seek_file_func       000000018001aa10 f   iowin32.obj
 0001:00019e00       _tr_init                   000000018001ae00 f   trees.obj
 0001:00019ec0       _tr_tally                  000000018001aec0 f   trees.obj
 0001:0001a070       _tr_flush_block            000000018001b070 f   trees.obj
 0001:0001a500       _tr_flush_bits             000000018001b500 f   trees.obj
 0001:0001a520       _tr_align                  000000018001b520 f   trees.obj
 0001:0001a830       _tr_stored_block           000000018001b830 f   trees.obj
 0001:0001eae0       uncompress                 000000018001fae0 f   uncompr.obj
 0001:0001eb20       uncompress2                000000018001fb20 f   uncompr.obj
 0001:0001ee10       unzStringFileNameCompare   000000018001fe10 f   unzip.obj
 0001:0001ee70       unzOpen                    000000018001fe70 f   unzip.obj
 0001:0001eea0       unzOpen64                  000000018001fea0 f   unzip.obj
 0001:0001eed0       unzOpen2                   000000018001fed0 f   unzip.obj
 0001:0001ef40       unzOpen2_64                000000018001ff40 f   unzip.obj
 0001:0001efd0       unzClose                   000000018001ffd0 f   unzip.obj
 0001:0001f050       unzGetGlobalInfo           0000000180020050 f   unzip.obj
 0001:0001f0a0       unzGetGlobalInfo64         00000001800200a0 f   unzip.obj
 0001:0001f0f0       unzGetGlobalComment        00000001800200f0 f   unzip.obj
 0001:0001f1f0       unzGoToFirstFile           00000001800201f0 f   unzip.obj
 0001:0001f2e0       unzGoToNextFile            00000001800202e0 f   unzip.obj
 0001:0001f440       unzLocateFile              0000000180020440 f   unzip.obj
 0001:0001f610       unzGetFilePos              0000000180020610 f   unzip.obj
 0001:0001f660       unzGoToFilePos             0000000180020660 f   unzip.obj
 0001:0001f6b0       unzGetFilePos64            00000001800206b0 f   unzip.obj
 0001:0001f730       unzGoToFilePos64           0000000180020730 f   unzip.obj
 0001:0001f820       unzGetCurrentFileInfo64    0000000180020820 f   unzip.obj
 0001:0001f8a0       unzGetCurrentFileInfo      00000001800208a0 f   unzip.obj
 0001:0001fa50       unzGetCurrentFileZStreamPos64 0000000180020a50 f   unzip.obj
 0001:0001fab0       unzOpenCurrentFile         0000000180020ab0 f   unzip.obj
 0001:0001fae0       unzOpenCurrentFilePassword 0000000180020ae0 f   unzip.obj
 0001:0001fb20       unzOpenCurrentFile2        0000000180020b20 f   unzip.obj
 0001:0001fb70       unzOpenCurrentFile3        0000000180020b70 f   unzip.obj
 0001:0001ff90       unzCloseCurrentFile        0000000180020f90 f   unzip.obj
 0001:000200a0       unzReadCurrentFile         00000001800210a0 f   unzip.obj
 0001:00020620       unztell                    0000000180021620 f   unzip.obj
 0001:00020680       unztell64                  0000000180021680 f   unzip.obj
 0001:000206e0       unzeof                     00000001800216e0 f   unzip.obj
 0001:00020750       unzGetLocalExtrafield      0000000180021750 f   unzip.obj
 0001:00020890       unzGetOffset64             0000000180021890 f   unzip.obj
 0001:00020910       unzGetOffset               0000000180021910 f   unzip.obj
 0001:00020950       unzSetOffset64             0000000180021950 f   unzip.obj
 0001:00020a40       unzSetOffset               0000000180021a40 f   unzip.obj
 0001:00023650       zipOpen                    0000000180024650 f   zip.obj
 0001:00023680       zipOpen64                  0000000180024680 f   zip.obj
 0001:000236b0       zipOpen2                   00000001800246b0 f   zip.obj
 0001:00023740       zipOpen2_64                0000000180024740 f   zip.obj
 0001:000237f0       zipOpenNewFileInZip        00000001800247f0 f   zip.obj
 0001:000238e0       zipOpenNewFileInZip64      00000001800248e0 f   zip.obj
 0001:000239d0       zipOpenNewFileInZip2       00000001800249d0 f   zip.obj
 0001:00023ac0       zipOpenNewFileInZip2_64    0000000180024ac0 f   zip.obj
 0001:00023bb0       zipOpenNewFileInZip3       0000000180024bb0 f   zip.obj
 0001:00023cb0       zipOpenNewFileInZip3_64    0000000180024cb0 f   zip.obj
 0001:00023db0       zipOpenNewFileInZip4       0000000180024db0 f   zip.obj
 0001:00023eb0       zipOpenNewFileInZip4_64    0000000180024eb0 f   zip.obj
 0001:00024820       zipWriteInFileInZip        0000000180025820 f   zip.obj
 0001:00024b00       zipCloseFileInZip          0000000180025b00 f   zip.obj
 0001:00024b30       zipCloseFileInZipRaw       0000000180025b30 f   zip.obj
 0001:00024b70       zipCloseFileInZipRaw64     0000000180025b70 f   zip.obj
 0001:00025380       zipClose                   0000000180026380 f   zip.obj
 0001:000255e0       zipRemoveExtraInfoBlock    00000001800265e0 f   zip.obj
 0001:00026a20       LoadCentralDirectoryRecord 0000000180027a20 f   zip.obj
 0001:000271b0       zipOpen3                   00000001800281b0 f   zip.obj
 0001:000273c0       Write_LocalFileHeader      00000001800283c0 f   zip.obj
 0001:00027980       Write_Zip64EndOfCentralDirectoryLocator 0000000180028980 f   zip.obj
 0001:00027a70       Write_Zip64EndOfCentralDirectoryRecord 0000000180028a70 f   zip.obj
 0001:00027c80       Write_EndOfCentralDirectoryRecord 0000000180028c80 f   zip.obj
 0001:00027ec0       Write_GlobalComment        0000000180028ec0 f   zip.obj
 0001:000291b0       zlibVersion                000000018002a1b0 f   zutil.obj
 0001:000291c0       zlibCompileFlags           000000018002a1c0 f   zutil.obj
 0001:00029300       zError                     000000018002a300 f   zutil.obj
 0001:00029330       zcalloc                    000000018002a330 f   zutil.obj
 0001:00029360       zcfree                     000000018002a360 f   zutil.obj
 0001:000293f2       CreateFileA                000000018002a3f2 f   kernel32:KERNEL32.dll
 0001:000293f8       CreateFileW                000000018002a3f8 f   kernel32:KERNEL32.dll
 0001:000293fe       ReadFile                   000000018002a3fe f   kernel32:KERNEL32.dll
 0001:00029404       SetFilePointer             000000018002a404 f   kernel32:KERNEL32.dll
 0001:0002940a       WriteFile                  000000018002a40a f   kernel32:KERNEL32.dll
 0001:00029410       CloseHandle                000000018002a410 f   kernel32:KERNEL32.dll
 0001:00029416       GetLastError               000000018002a416 f   kernel32:KERNEL32.dll
 0001:00029430       __chkstk                   000000018002a430 f   MSVCRTD:chkstk.obj
 0001:00029430       _alloca_probe              000000018002a430 f   MSVCRTD:chkstk.obj
 0001:000299a0       _CRT_INIT                  000000018002a9a0 f   MSVCRTD:dll_dllmain.obj
 0001:000299e0       _DllMainCRTStartup         000000018002a9e0 f   MSVCRTD:dll_dllmain.obj
 0001:00029b20       __security_init_cookie     000000018002ab20 f   MSVCRTD:gs_support.obj
 0001:00029bc0       DllMain                    000000018002abc0 f   MSVCRTD:dll_dllmain_stub.obj
 0001:00029c10       ?__scrt_initialize_type_info@@YAXXZ 000000018002ac10 f   MSVCRTD:tncleanup.obj
 0001:00029c30       ?__scrt_uninitialize_type_info@@YAXXZ 000000018002ac30 f   MSVCRTD:tncleanup.obj
 0001:00029c50       __local_stdio_scanf_options 000000018002ac50 f i MSVCRTD:default_local_stdio_options.obj
 0001:00029c60       __scrt_initialize_default_local_stdio_options 000000018002ac60 f   MSVCRTD:default_local_stdio_options.obj
 0001:00029cc0       ?configure_argv@__scrt_narrow_argv_policy@@SAHXZ 000000018002acc0 f i MSVCRTD:utility.obj
 0001:00029de0       ?initialize_environment@__scrt_narrow_environment_policy@@SAHXZ 000000018002ade0 f i MSVCRTD:utility.obj
 0001:00029eb0       NtCurrentTeb               000000018002aeb0 f i MSVCRTD:utility.obj
 0001:00029ec0       __scrt_acquire_startup_lock 000000018002aec0 f   MSVCRTD:utility.obj
 0001:00029f40       __scrt_dllmain_after_initialize_c 000000018002af40 f   MSVCRTD:utility.obj
 0001:00029f80       __scrt_dllmain_before_initialize_c 000000018002af80 f   MSVCRTD:utility.obj
 0001:00029fb0       __scrt_dllmain_crt_thread_attach 000000018002afb0 f   MSVCRTD:utility.obj
 0001:00029ff0       __scrt_dllmain_crt_thread_detach 000000018002aff0 f   MSVCRTD:utility.obj
 0001:0002a010       __scrt_dllmain_exception_filter 000000018002b010 f   MSVCRTD:utility.obj
 0001:0002a090       __scrt_dllmain_uninitialize_c 000000018002b090 f   MSVCRTD:utility.obj
 0001:0002a0d0       __scrt_dllmain_uninitialize_critical 000000018002b0d0 f   MSVCRTD:utility.obj
 0001:0002a0f0       __scrt_initialize_crt      000000018002b0f0 f   MSVCRTD:utility.obj
 0001:0002a150       __scrt_initialize_onexit_tables 000000018002b150 f   MSVCRTD:utility.obj
 0001:0002a2a0       __scrt_is_nonwritable_in_current_image 000000018002b2a0 f   MSVCRTD:utility.obj
 0001:0002a350       __scrt_release_startup_lock 000000018002b350 f   MSVCRTD:utility.obj
 0001:0002a390       __scrt_uninitialize_crt    000000018002b390 f   MSVCRTD:utility.obj
 0001:0002a3e0       _onexit                    000000018002b3e0 f   MSVCRTD:utility.obj
 0001:0002a480       at_quick_exit              000000018002b480 f   MSVCRTD:utility.obj
 0001:0002a4e0       atexit                     000000018002b4e0 f   MSVCRTD:utility.obj
 0001:0002a520       __scrt_get_dyn_tls_init_callback 000000018002b520 f   MSVCRTD:dyn_tls_init.obj
 0001:0002a530       __crt_debugger_hook        000000018002b530 f   MSVCRTD:utility_desktop.obj
 0001:0002a550       __scrt_fastfail            000000018002b550 f   MSVCRTD:utility_desktop.obj
 0001:0002a750       __scrt_get_show_window_mode 000000018002b750 f   MSVCRTD:utility_desktop.obj
 0001:0002a7c0       __scrt_initialize_mta      000000018002b7c0 f   MSVCRTD:utility_desktop.obj
 0001:0002a7e0       __scrt_initialize_winrt    000000018002b7e0 f   MSVCRTD:utility_desktop.obj
 0001:0002a7f0       __scrt_is_managed_app      000000018002b7f0 f   MSVCRTD:utility_desktop.obj
 0001:0002a8c0       __scrt_set_unhandled_exception_filter 000000018002b8c0 f   MSVCRTD:utility_desktop.obj
 0001:0002a8e0       __scrt_exe_initialize_mta  000000018002b8e0 f   MSVCRTD:utility_desktop.obj
 0001:0002a8e0       __scrt_stub_for_initialize_mta 000000018002b8e0 f   MSVCRTD:utility_desktop.obj
 0001:0002a8f0       __scrt_unhandled_exception_filter 000000018002b8f0 f   MSVCRTD:utility_desktop.obj
 0001:0002a9c0       _RTC_Initialize            000000018002b9c0 f   MSVCRTD:initsect.obj
 0001:0002aa20       _RTC_Terminate             000000018002ba20 f   MSVCRTD:initsect.obj
 0001:0002aa80       _guard_check_icall_nop     000000018002ba80 f i MSVCRTD:guard_support.obj
 0001:0002aa90       ReadNoFence64              000000018002ba90 f i MSVCRTD:guard_support.obj
 0001:0002aac0       ReadPointerNoFence         000000018002bac0 f i MSVCRTD:guard_support.obj
 0001:0002aae0       __castguard_check_failure_debugbreak 000000018002bae0 f i MSVCRTD:guard_support.obj
 0001:0002ab10       __castguard_check_failure_fastfail 000000018002bb10 f i MSVCRTD:guard_support.obj
 0001:0002ab40       __castguard_check_failure_nop 000000018002bb40 f i MSVCRTD:guard_support.obj
 0001:0002ab50       __castguard_check_failure_os_handled 000000018002bb50 f i MSVCRTD:guard_support.obj
 0001:0002abc0       __castguard_check_failure_user_handled 000000018002bbc0 f i MSVCRTD:guard_support.obj
 0001:0002ace0       __castguard_set_user_handler 000000018002bce0 f i MSVCRTD:guard_support.obj
 0001:0002ad10       __castguard_slow_path_check_debugbreak 000000018002bd10 f i MSVCRTD:guard_support.obj
 0001:0002ad60       __castguard_slow_path_check_fastfail 000000018002bd60 f i MSVCRTD:guard_support.obj
 0001:0002adc0       __castguard_slow_path_check_nop 000000018002bdc0 f i MSVCRTD:guard_support.obj
 0001:0002ade0       __castguard_slow_path_check_os_handled 000000018002bde0 f i MSVCRTD:guard_support.obj
 0001:0002ae40       __castguard_slow_path_check_user_handled 000000018002be40 f i MSVCRTD:guard_support.obj
 0001:0002af30       _guard_icall_checks_enforced 000000018002bf30 f i MSVCRTD:guard_support.obj
 0001:0002af80       _guard_rf_checks_enforced  000000018002bf80 f i MSVCRTD:guard_support.obj
 0001:0002af90       __isa_available_init       000000018002bf90 f   MSVCRTD:cpu_disp.obj
 0001:0002b5c0       _get_startup_argv_mode     000000018002c5c0 f   MSVCRTD:argv_mode.obj
 0001:0002b5d0       __scrt_is_ucrt_dll_in_use  000000018002c5d0 f   MSVCRTD:ucrt_detection.obj
 0001:0002b600       __GSHandlerCheck           000000018002c600 f   MSVCRTD:gshandler.obj
 0001:0002b650       __GSHandlerCheckCommon     000000018002c650 f   MSVCRTD:gshandler.obj
 0001:0002b7a0       __security_check_cookie    000000018002c7a0 f   MSVCRTD:amdsecgs.obj
 0001:0002b7d0       __raise_securityfailure    000000018002c7d0 f   MSVCRTD:gs_report.obj
 0001:0002b820       __report_gsfailure         000000018002c820 f   MSVCRTD:gs_report.obj
 0001:0002b930       __report_rangecheckfailure 000000018002c930 f   MSVCRTD:gs_report.obj
 0001:0002b950       __report_securityfailure   000000018002c950 f   MSVCRTD:gs_report.obj
 0001:0002ba20       __report_securityfailureEx 000000018002ca20 f   MSVCRTD:gs_report.obj
 0001:0002bd1f       memcpy                     000000018002cd1f f   vcruntimed:VCRUNTIME140D.dll
 0001:0002bd25       memset                     000000018002cd25 f   vcruntimed:VCRUNTIME140D.dll
 0001:0002bd2b       memchr                     000000018002cd2b f   vcruntimed:VCRUNTIME140D.dll
 0001:0002bd31       __C_specific_handler       000000018002cd31 f   vcruntimed:VCRUNTIME140D.dll
 0001:0002bd37       __std_type_info_destroy_list 000000018002cd37 f   vcruntimed:VCRUNTIME140D.dll
 0001:0002bd3d       __current_exception        000000018002cd3d f   vcruntimed:VCRUNTIME140D.dll
 0001:0002bd43       __current_exception_context 000000018002cd43 f   vcruntimed:VCRUNTIME140D.dll
 0001:0002bd49       __stdio_common_vsprintf    000000018002cd49 f   ucrtd:ucrtbased.dll
 0001:0002bd4f       strlen                     000000018002cd4f f   ucrtd:ucrtbased.dll
 0001:0002bd55       free                       000000018002cd55 f   ucrtd:ucrtbased.dll
 0001:0002bd5b       malloc                     000000018002cd5b f   ucrtd:ucrtbased.dll
 0001:0002bd61       wcstombs                   000000018002cd61 f   ucrtd:ucrtbased.dll
 0001:0002bd67       _wopen                     000000018002cd67 f   ucrtd:ucrtbased.dll
 0001:0002bd6d       _lseeki64                  000000018002cd6d f   ucrtd:ucrtbased.dll
 0001:0002bd73       _open                      000000018002cd73 f   ucrtd:ucrtbased.dll
 0001:0002bd79       _errno                     000000018002cd79 f   ucrtd:ucrtbased.dll
 0001:0002bd7f       strerror                   000000018002cd7f f   ucrtd:ucrtbased.dll
 0001:0002bd85       _close                     000000018002cd85 f   ucrtd:ucrtbased.dll
 0001:0002bd8b       _read                      000000018002cd8b f   ucrtd:ucrtbased.dll
 0001:0002bd91       _write                     000000018002cd91 f   ucrtd:ucrtbased.dll
 0001:0002bd97       fclose                     000000018002cd97 f   ucrtd:ucrtbased.dll
 0001:0002bd9d       ferror                     000000018002cd9d f   ucrtd:ucrtbased.dll
 0001:0002bda3       fopen                      000000018002cda3 f   ucrtd:ucrtbased.dll
 0001:0002bda9       fread                      000000018002cda9 f   ucrtd:ucrtbased.dll
 0001:0002bdaf       fseek                      000000018002cdaf f   ucrtd:ucrtbased.dll
 0001:0002bdb5       _fseeki64                  000000018002cdb5 f   ucrtd:ucrtbased.dll
 0001:0002bdbb       ftell                      000000018002cdbb f   ucrtd:ucrtbased.dll
 0001:0002bdc1       _ftelli64                  000000018002cdc1 f   ucrtd:ucrtbased.dll
 0001:0002bdc7       fwrite                     000000018002cdc7 f   ucrtd:ucrtbased.dll
 0001:0002bdcd       strcmp                     000000018002cdcd f   ucrtd:ucrtbased.dll
 0001:0002bdd3       srand                      000000018002cdd3 f   ucrtd:ucrtbased.dll
 0001:0002bdd9       rand                       000000018002cdd9 f   ucrtd:ucrtbased.dll
 0001:0002bddf       _time64                    000000018002cddf f   ucrtd:ucrtbased.dll
 0001:0002bde5       _initterm                  000000018002cde5 f   ucrtd:ucrtbased.dll
 0001:0002bdeb       _initterm_e                000000018002cdeb f   ucrtd:ucrtbased.dll
 0001:0002bdf1       _seh_filter_dll            000000018002cdf1 f   ucrtd:ucrtbased.dll
 0001:0002bdf7       _configure_narrow_argv     000000018002cdf7 f   ucrtd:ucrtbased.dll
 0001:0002bdfd       _initialize_narrow_environment 000000018002cdfd f   ucrtd:ucrtbased.dll
 0001:0002be03       _initialize_onexit_table   000000018002ce03 f   ucrtd:ucrtbased.dll
 0001:0002be09       _register_onexit_function  000000018002ce09 f   ucrtd:ucrtbased.dll
 0001:0002be0f       _execute_onexit_table      000000018002ce0f f   ucrtd:ucrtbased.dll
 0001:0002be15       _crt_atexit                000000018002ce15 f   ucrtd:ucrtbased.dll
 0001:0002be1b       _crt_at_quick_exit         000000018002ce1b f   ucrtd:ucrtbased.dll
 0001:0002be21       _cexit                     000000018002ce21 f   ucrtd:ucrtbased.dll
 0001:0002be27       terminate                  000000018002ce27 f   ucrtd:ucrtbased.dll
 0001:0002be2d       QueryPerformanceCounter    000000018002ce2d f   kernel32:KERNEL32.dll
 0001:0002be33       GetCurrentProcessId        000000018002ce33 f   kernel32:KERNEL32.dll
 0001:0002be39       GetCurrentThreadId         000000018002ce39 f   kernel32:KERNEL32.dll
 0001:0002be3f       GetSystemTimeAsFileTime    000000018002ce3f f   kernel32:KERNEL32.dll
 0001:0002be45       DisableThreadLibraryCalls  000000018002ce45 f   kernel32:KERNEL32.dll
 0001:0002be4b       InitializeSListHead        000000018002ce4b f   kernel32:KERNEL32.dll
 0001:0002be51       RtlCaptureContext          000000018002ce51 f   kernel32:KERNEL32.dll
 0001:0002be57       RtlLookupFunctionEntry     000000018002ce57 f   kernel32:KERNEL32.dll
 0001:0002be5d       RtlVirtualUnwind           000000018002ce5d f   kernel32:KERNEL32.dll
 0001:0002be63       IsDebuggerPresent          000000018002ce63 f   kernel32:KERNEL32.dll
 0001:0002be69       UnhandledExceptionFilter   000000018002ce69 f   kernel32:KERNEL32.dll
 0001:0002be6f       SetUnhandledExceptionFilter 000000018002ce6f f   kernel32:KERNEL32.dll
 0001:0002be75       GetStartupInfoW            000000018002ce75 f   kernel32:KERNEL32.dll
 0001:0002be7b       IsProcessorFeaturePresent  000000018002ce7b f   kernel32:KERNEL32.dll
 0001:0002be81       GetModuleHandleW           000000018002ce81 f   kernel32:KERNEL32.dll
 0001:0002be87       GetCurrentProcess          000000018002ce87 f   kernel32:KERNEL32.dll
 0001:0002be8d       TerminateProcess           000000018002ce8d f   kernel32:KERNEL32.dll
 0001:0002bea0       __acrt_initialize          000000018002cea0 f   MSVCRTD:ucrt_stubs.obj
 0001:0002bea0       __scrt_stub_for_acrt_initialize 000000018002cea0 f   MSVCRTD:ucrt_stubs.obj
 0001:0002bea0       __vcrt_initialize          000000018002cea0 f   MSVCRTD:ucrt_stubs.obj
 0001:0002beb0       __acrt_thread_attach       000000018002ceb0 f   MSVCRTD:ucrt_stubs.obj
 0001:0002beb0       __scrt_stub_for_acrt_thread_attach 000000018002ceb0 f   MSVCRTD:ucrt_stubs.obj
 0001:0002beb0       __vcrt_thread_attach       000000018002ceb0 f   MSVCRTD:ucrt_stubs.obj
 0001:0002bec0       __acrt_thread_detach       000000018002cec0 f   MSVCRTD:ucrt_stubs.obj
 0001:0002bec0       __scrt_stub_for_acrt_thread_detach 000000018002cec0 f   MSVCRTD:ucrt_stubs.obj
 0001:0002bec0       __vcrt_thread_detach       000000018002cec0 f   MSVCRTD:ucrt_stubs.obj
 0001:0002bed0       __acrt_uninitialize        000000018002ced0 f   MSVCRTD:ucrt_stubs.obj
 0001:0002bed0       __scrt_stub_for_acrt_uninitialize 000000018002ced0 f   MSVCRTD:ucrt_stubs.obj
 0001:0002bed0       __vcrt_uninitialize        000000018002ced0 f   MSVCRTD:ucrt_stubs.obj
 0001:0002bee0       __acrt_uninitialize_critical 000000018002cee0 f   MSVCRTD:ucrt_stubs.obj
 0001:0002bee0       __scrt_stub_for_acrt_uninitialize_critical 000000018002cee0 f   MSVCRTD:ucrt_stubs.obj
 0001:0002bee0       __vcrt_uninitialize_critical 000000018002cee0 f   MSVCRTD:ucrt_stubs.obj
 0001:0002bef0       __scrt_stub_for_is_c_termination_complete 000000018002cef0 f   MSVCRTD:ucrt_stubs.obj
 0001:0002bef0       _is_c_termination_complete 000000018002cef0 f   MSVCRTD:ucrt_stubs.obj
 0001:0002d330       _guard_dispatch_icall_nop  000000018002e330 f   MSVCRTD:guard_dispatch.obj
 0001:0002d350       _guard_xfg_dispatch_icall_nop 000000018002e350 f   MSVCRTD:guard_xfg_dispatch.obj
 0002:00000000       __xc_a                     0000000180031000     MSVCRTD:initializers.obj
 0002:00000110       __xc_z                     0000000180031110     MSVCRTD:initializers.obj
 0002:00000220       __xi_a                     0000000180031220     MSVCRTD:initializers.obj
 0002:00000330       __xi_z                     0000000180031330     MSVCRTD:initializers.obj
 0002:00000440       __xp_a                     0000000180031440     MSVCRTD:initializers.obj
 0002:00000550       __xp_z                     0000000180031550     MSVCRTD:initializers.obj
 0002:00000660       __xt_a                     0000000180031660     MSVCRTD:initializers.obj
 0002:00000770       __xt_z                     0000000180031770     MSVCRTD:initializers.obj
 0002:00002ef0       deflate_copyright          0000000180033ef0     deflate.obj
 0002:000044e0       inflate_copyright          00000001800354e0     inftrees.obj
 0002:00004650       _length_code               0000000180035650     trees.obj
 0002:00004750       _dist_code                 0000000180035750     trees.obj
 0002:00005340       unz_copyright              0000000180036340     unzip.obj
 0002:000053b0       zip_copyright              00000001800363b0     zip.obj
 0002:00005410       z_errmsg                   0000000180036410     zutil.obj
 0002:00005470       _pDefaultRawDllMain        0000000180036470     MSVCRTD:dll_dllmain.obj
 0002:00005470       _pRawDllMain               0000000180036470     MSVCRTD:dll_dllmain.obj
 0002:000054a0       _load_config_used          00000001800364a0     MSVCRTD:loadcfg.obj
 0002:00005780       __CastGuardVftablesStart   0000000180036780     MSVCRTD:guard_support.obj
 0002:00005980       __CastGuardVftablesEnd     0000000180036980     MSVCRTD:guard_support.obj
 0002:00005cd8       __rtc_iaa                  0000000180036cd8     MSVCRTD:initsect.obj
 0002:00005de8       __rtc_izz                  0000000180036de8     MSVCRTD:initsect.obj
 0002:00005ef8       __rtc_taa                  0000000180036ef8     MSVCRTD:initsect.obj
 0002:00006008       __rtc_tzz                  0000000180037008     MSVCRTD:initsect.obj
 0003:00000840       __scrt_native_dllmain_reason 000000018003a840     MSVCRTD:utility.obj
 0003:00000880       __security_cookie          000000018003a880     MSVCRTD:gs_cookie.obj
 0003:000008c0       __security_cookie_complement 000000018003a8c0     MSVCRTD:gs_cookie.obj
 0003:000008d8       __isa_inverted             000000018003a8d8     MSVCRTD:cpu_disp.obj
 0003:000008e0       __isa_available            000000018003a8e0     MSVCRTD:cpu_disp.obj
 0003:000008e4       __isa_enabled              000000018003a8e4     MSVCRTD:cpu_disp.obj
 0003:000008e8       __memset_fast_string_threshold 000000018003a8e8     MSVCRTD:cpu_disp.obj
 0003:000008f0       __memset_nt_threshold      000000018003a8f0     MSVCRTD:cpu_disp.obj
 0003:00000900       __scrt_ucrt_dll_is_in_use  000000018003a900     MSVCRTD:ucrt_stubs.obj
 0003:00000a30       ?__type_info_root_node@@3U__type_info_node@@A 000000018003aa30     MSVCRTD:tncleanup.obj
 0003:00000a48       ?_OptionsStorage@?1??__local_stdio_printf_options@@9@4_KA 000000018003aa48     MSVCRTD:default_local_stdio_options.obj
 0003:00000a58       ?_OptionsStorage@?1??__local_stdio_scanf_options@@9@4_KA 000000018003aa58     MSVCRTD:default_local_stdio_options.obj
 0003:00000a68       __scrt_current_native_startup_state 000000018003aa68     MSVCRTD:utility.obj
 0003:00000a70       __scrt_native_startup_lock 000000018003aa70     MSVCRTD:utility.obj
 0003:00000ac0       __scrt_debugger_hook_flag  000000018003aac0     MSVCRTD:utility_desktop.obj
 0003:00000ac8       __castguard_check_failure_user_handled_fptr 000000018003aac8     MSVCRTD:guard_support.obj
 0003:00000ad4       __avx10_version            000000018003aad4     MSVCRTD:cpu_disp.obj
 0003:00000ad8       __favor                    000000018003aad8     MSVCRTD:cpu_disp.obj
 0003:00001168       ?_OptionsStorage@?1??__local_stdio_printf_options@@9@9 000000018003b168     <common>
 0003:00001180       __dyn_tls_init_callback    000000018003b180     <common>
 0005:00000000       __imp_CreateFileA          000000018003e000     kernel32:KERNEL32.dll
 0005:00000008       __imp_CreateFileW          000000018003e008     kernel32:KERNEL32.dll
 0005:00000010       __imp_ReadFile             000000018003e010     kernel32:KERNEL32.dll
 0005:00000018       __imp_SetFilePointer       000000018003e018     kernel32:KERNEL32.dll
 0005:00000020       __imp_WriteFile            000000018003e020     kernel32:KERNEL32.dll
 0005:00000028       __imp_CloseHandle          000000018003e028     kernel32:KERNEL32.dll
 0005:00000030       __imp_GetLastError         000000018003e030     kernel32:KERNEL32.dll
 0005:00000038       __imp_GetCurrentProcess    000000018003e038     kernel32:KERNEL32.dll
 0005:00000040       __imp_GetModuleHandleW     000000018003e040     kernel32:KERNEL32.dll
 0005:00000048       __imp_IsProcessorFeaturePresent 000000018003e048     kernel32:KERNEL32.dll
 0005:00000050       __imp_GetStartupInfoW      000000018003e050     kernel32:KERNEL32.dll
 0005:00000058       __imp_SetUnhandledExceptionFilter 000000018003e058     kernel32:KERNEL32.dll
 0005:00000060       __imp_UnhandledExceptionFilter 000000018003e060     kernel32:KERNEL32.dll
 0005:00000068       __imp_IsDebuggerPresent    000000018003e068     kernel32:KERNEL32.dll
 0005:00000070       __imp_RtlVirtualUnwind     000000018003e070     kernel32:KERNEL32.dll
 0005:00000078       __imp_RtlLookupFunctionEntry 000000018003e078     kernel32:KERNEL32.dll
 0005:00000080       __imp_RtlCaptureContext    000000018003e080     kernel32:KERNEL32.dll
 0005:00000088       __imp_InitializeSListHead  000000018003e088     kernel32:KERNEL32.dll
 0005:00000090       __imp_DisableThreadLibraryCalls 000000018003e090     kernel32:KERNEL32.dll
 0005:00000098       __imp_GetSystemTimeAsFileTime 000000018003e098     kernel32:KERNEL32.dll
 0005:000000a0       __imp_GetCurrentThreadId   000000018003e0a0     kernel32:KERNEL32.dll
 0005:000000a8       __imp_GetCurrentProcessId  000000018003e0a8     kernel32:KERNEL32.dll
 0005:000000b0       __imp_QueryPerformanceCounter 000000018003e0b0     kernel32:KERNEL32.dll
 0005:000000b8       __imp_TerminateProcess     000000018003e0b8     kernel32:KERNEL32.dll
 0005:000000c0       \177KERNEL32_NULL_THUNK_DATA 000000018003e0c0     kernel32:KERNEL32.dll
 0005:00000138       __imp___C_specific_handler 000000018003e138     vcruntimed:VCRUNTIME140D.dll
 0005:00000140       __imp___std_type_info_destroy_list 000000018003e140     vcruntimed:VCRUNTIME140D.dll
 0005:00000148       __imp___current_exception  000000018003e148     vcruntimed:VCRUNTIME140D.dll
 0005:00000150       __imp___current_exception_context 000000018003e150     vcruntimed:VCRUNTIME140D.dll
 0005:00000158       __imp_memchr               000000018003e158     vcruntimed:VCRUNTIME140D.dll
 0005:00000160       __imp_memcpy               000000018003e160     vcruntimed:VCRUNTIME140D.dll
 0005:00000168       __imp_memset               000000018003e168     vcruntimed:VCRUNTIME140D.dll
 0005:00000170       \177VCRUNTIME140D_NULL_THUNK_DATA 000000018003e170     vcruntimed:VCRUNTIME140D.dll
 0005:000001d0       __imp_fseek                000000018003e1d0     ucrtd:ucrtbased.dll
 0005:000001d8       __imp__fseeki64            000000018003e1d8     ucrtd:ucrtbased.dll
 0005:000001e0       __imp_ftell                000000018003e1e0     ucrtd:ucrtbased.dll
 0005:000001e8       __imp__open                000000018003e1e8     ucrtd:ucrtbased.dll
 0005:000001f0       __imp_fwrite               000000018003e1f0     ucrtd:ucrtbased.dll
 0005:000001f8       __imp_strcmp               000000018003e1f8     ucrtd:ucrtbased.dll
 0005:00000200       __imp_srand                000000018003e200     ucrtd:ucrtbased.dll
 0005:00000208       __imp_rand                 000000018003e208     ucrtd:ucrtbased.dll
 0005:00000210       __imp__time64              000000018003e210     ucrtd:ucrtbased.dll
 0005:00000218       __imp__initterm            000000018003e218     ucrtd:ucrtbased.dll
 0005:00000220       __imp__initterm_e          000000018003e220     ucrtd:ucrtbased.dll
 0005:00000228       __imp__seh_filter_dll      000000018003e228     ucrtd:ucrtbased.dll
 0005:00000230       __imp__configure_narrow_argv 000000018003e230     ucrtd:ucrtbased.dll
 0005:00000238       __imp_fopen                000000018003e238     ucrtd:ucrtbased.dll
 0005:00000240       __imp__initialize_onexit_table 000000018003e240     ucrtd:ucrtbased.dll
 0005:00000248       __imp__register_onexit_function 000000018003e248     ucrtd:ucrtbased.dll
 0005:00000250       __imp__execute_onexit_table 000000018003e250     ucrtd:ucrtbased.dll
 0005:00000258       __imp__crt_atexit          000000018003e258     ucrtd:ucrtbased.dll
 0005:00000260       __imp__crt_at_quick_exit   000000018003e260     ucrtd:ucrtbased.dll
 0005:00000268       __imp__cexit               000000018003e268     ucrtd:ucrtbased.dll
 0005:00000270       __imp_terminate            000000018003e270     ucrtd:ucrtbased.dll
 0005:00000278       __imp_ferror               000000018003e278     ucrtd:ucrtbased.dll
 0005:00000280       __imp__lseeki64            000000018003e280     ucrtd:ucrtbased.dll
 0005:00000288       __imp__wopen               000000018003e288     ucrtd:ucrtbased.dll
 0005:00000290       __imp_wcstombs             000000018003e290     ucrtd:ucrtbased.dll
 0005:00000298       __imp_malloc               000000018003e298     ucrtd:ucrtbased.dll
 0005:000002a0       __imp_free                 000000018003e2a0     ucrtd:ucrtbased.dll
 0005:000002a8       __imp_strlen               000000018003e2a8     ucrtd:ucrtbased.dll
 0005:000002b0       __imp___stdio_common_vsprintf 000000018003e2b0     ucrtd:ucrtbased.dll
 0005:000002b8       __imp_fread                000000018003e2b8     ucrtd:ucrtbased.dll
 0005:000002c0       __imp_fclose               000000018003e2c0     ucrtd:ucrtbased.dll
 0005:000002c8       __imp__write               000000018003e2c8     ucrtd:ucrtbased.dll
 0005:000002d0       __imp__read                000000018003e2d0     ucrtd:ucrtbased.dll
 0005:000002d8       __imp__close               000000018003e2d8     ucrtd:ucrtbased.dll
 0005:000002e0       __imp_strerror             000000018003e2e0     ucrtd:ucrtbased.dll
 0005:000002e8       __imp__initialize_narrow_environment 000000018003e2e8     ucrtd:ucrtbased.dll
 0005:000002f0       __imp__errno               000000018003e2f0     ucrtd:ucrtbased.dll
 0005:000002f8       __imp__ftelli64            000000018003e2f8     ucrtd:ucrtbased.dll
 0005:00000300       \177ucrtbased_NULL_THUNK_DATA 000000018003e300     ucrtd:ucrtbased.dll
 0005:00000390       __IMPORT_DESCRIPTOR_KERNEL32 000000018003e390     kernel32:KERNEL32.dll
 0005:000003a4       __IMPORT_DESCRIPTOR_VCRUNTIME140D 000000018003e3a4     vcruntimed:VCRUNTIME140D.dll
 0005:000003b8       __IMPORT_DESCRIPTOR_ucrtbased 000000018003e3b8     ucrtd:ucrtbased.dll
 0005:000003cc       __NULL_IMPORT_DESCRIPTOR   000000018003e3cc     kernel32:KERNEL32.dll
 0006:00000000       __guard_check_icall_fptr   000000018003f000     MSVCRTD:guard_support.obj
 0006:00000010       __guard_xfg_check_icall_fptr 000000018003f010     MSVCRTD:guard_support.obj
 0006:00000020       __guard_dispatch_icall_fptr 000000018003f020     MSVCRTD:guard_support.obj
 0006:00000030       __guard_xfg_dispatch_icall_fptr 000000018003f030     MSVCRTD:guard_support.obj
 0006:00000040       __guard_xfg_table_dispatch_icall_fptr 000000018003f040     MSVCRTD:guard_support.obj
 0006:00000050       __castguard_check_failure_os_handled_fptr 000000018003f050     MSVCRTD:guard_support.obj
 0006:00000060       __guard_memcpy_fptr        000000018003f060     vcruntimed:softmemtag.obj

 entry point at        0001:00000019

 Static symbols

 0002:fffcf000       $unwind$vsnprintf          0000000180000000     gzwrite.obj
 0000:fffbe000       .debug$S                   0000000180000000     zlibwapi.exp
 0000:fffbe000       .debug$S                   0000000180000000     ucrtd:ucrtbased.dll
 0000:fffbe000       .debug$S                   0000000180000000     ucrtd:ucrtbased.dll
 0000:fffbe000       .debug$S                   0000000180000000     ucrtd:ucrtbased.dll
 0000:fffbe000       .debug$S                   0000000180000000     ucrtd:ucrtbased.dll
 0000:fffbe000       .debug$S                   0000000180000000     ucrtd:ucrtbased.dll
 0000:fffbe000       .debug$S                   0000000180000000     ucrtd:ucrtbased.dll
 0000:fffbe000       .debug$S                   0000000180000000     ucrtd:ucrtbased.dll
 0000:fffbe000       .debug$S                   0000000180000000     ucrtd:ucrtbased.dll
 0000:fffbe000       .debug$S                   0000000180000000     ucrtd:ucrtbased.dll
 0000:fffbe000       .debug$S                   0000000180000000     ucrtd:ucrtbased.dll
 0000:fffbe000       .debug$S                   0000000180000000     ucrtd:ucrtbased.dll
 0000:fffbe000       .debug$S                   0000000180000000     ucrtd:ucrtbased.dll
 0000:fffbe000       .debug$S                   0000000180000000     ucrtd:ucrtbased.dll
 0000:fffbe000       .debug$S                   0000000180000000     ucrtd:ucrtbased.dll
 0000:fffbe000       .debug$S                   0000000180000000     ucrtd:ucrtbased.dll
 0000:fffbe000       .debug$S                   0000000180000000     ucrtd:ucrtbased.dll
 0000:fffbe000       .debug$S                   0000000180000000     ucrtd:ucrtbased.dll
 0000:fffbe000       .debug$S                   0000000180000000     ucrtd:ucrtbased.dll
 0000:fffbe000       .debug$S                   0000000180000000     ucrtd:ucrtbased.dll
 0000:fffbe000       .debug$S                   0000000180000000     ucrtd:ucrtbased.dll
 0000:fffbe000       .debug$S                   0000000180000000     ucrtd:ucrtbased.dll
 0000:fffbe000       .debug$S                   0000000180000000     ucrtd:ucrtbased.dll
 0000:fffbe000       .debug$S                   0000000180000000     ucrtd:ucrtbased.dll
 0000:fffbe000       .debug$S                   0000000180000000     ucrtd:ucrtbased.dll
 0000:fffbe000       .debug$S                   0000000180000000     ucrtd:ucrtbased.dll
 0000:fffbe000       .debug$S                   0000000180000000     ucrtd:ucrtbased.dll
 0000:fffbe000       .debug$S                   0000000180000000     ucrtd:ucrtbased.dll
 0000:fffbe000       .debug$S                   0000000180000000     ucrtd:ucrtbased.dll
 0000:fffbe000       .debug$S                   0000000180000000     ucrtd:ucrtbased.dll
 0000:fffbe000       .debug$S                   0000000180000000     ucrtd:ucrtbased.dll
 0000:fffbe000       .debug$S                   0000000180000000     ucrtd:ucrtbased.dll
 0000:fffbe000       .debug$S                   0000000180000000     ucrtd:ucrtbased.dll
 0000:fffbe000       .debug$S                   0000000180000000     ucrtd:ucrtbased.dll
 0000:fffbe000       .debug$S                   0000000180000000     ucrtd:ucrtbased.dll
 0000:fffbe000       .debug$S                   0000000180000000     ucrtd:ucrtbased.dll
 0000:fffbe000       .debug$S                   0000000180000000     ucrtd:ucrtbased.dll
 0000:fffbe000       .debug$S                   0000000180000000     ucrtd:ucrtbased.dll
 0000:fffbe000       .debug$S                   0000000180000000     ucrtd:ucrtbased.dll
 0000:fffbe000       .debug$S                   0000000180000000     kernel32:KERNEL32.dll
 0000:fffbe000       .debug$S                   0000000180000000     kernel32:KERNEL32.dll
 0000:fffbe000       .debug$S                   0000000180000000     kernel32:KERNEL32.dll
 0000:fffbe000       .debug$S                   0000000180000000     kernel32:KERNEL32.dll
 0000:fffbe000       .debug$S                   0000000180000000     kernel32:KERNEL32.dll
 0000:fffbe000       .debug$S                   0000000180000000     kernel32:KERNEL32.dll
 0000:fffbe000       .debug$S                   0000000180000000     kernel32:KERNEL32.dll
 0000:fffbe000       .debug$S                   0000000180000000     kernel32:KERNEL32.dll
 0000:fffbe000       .debug$S                   0000000180000000     kernel32:KERNEL32.dll
 0000:fffbe000       .debug$S                   0000000180000000     kernel32:KERNEL32.dll
 0000:fffbe000       .debug$S                   0000000180000000     kernel32:KERNEL32.dll
 0000:fffbe000       .debug$S                   0000000180000000     kernel32:KERNEL32.dll
 0000:fffbe000       .debug$S                   0000000180000000     kernel32:KERNEL32.dll
 0000:fffbe000       .debug$S                   0000000180000000     kernel32:KERNEL32.dll
 0000:fffbe000       .debug$S                   0000000180000000     kernel32:KERNEL32.dll
 0000:fffbe000       .debug$S                   0000000180000000     kernel32:KERNEL32.dll
 0000:fffbe000       .debug$S                   0000000180000000     kernel32:KERNEL32.dll
 0000:fffbe000       .debug$S                   0000000180000000     kernel32:KERNEL32.dll
 0000:fffbe000       .debug$S                   0000000180000000     kernel32:KERNEL32.dll
 0000:fffbe000       .debug$S                   0000000180000000     kernel32:KERNEL32.dll
 0000:fffbe000       .debug$S                   0000000180000000     kernel32:KERNEL32.dll
 0000:fffbe000       .debug$S                   0000000180000000     kernel32:KERNEL32.dll
 0000:fffbe000       .debug$S                   0000000180000000     kernel32:KERNEL32.dll
 0000:fffbe000       .debug$S                   0000000180000000     kernel32:KERNEL32.dll
 0000:00000000       _volmd                     0000000180000000     MSVCRTD:cpu_disp.obj
 0000:fffc1000       __guard_ehcont_?dllmain_dispatch@@YAHQEAUHINSTANCE__@@KQEAX@Z 0000000180000000     MSVCRTD:dll_dllmain.obj
 0000:fffc1000       __guard_fids_?dllmain_dispatch@@YAHQEAUHINSTANCE__@@KQEAX@Z 0000000180000000     MSVCRTD:dll_dllmain.obj
 0000:00000000       _volmd                     0000000180000000     MSVCRTD:gs_report.obj
 0000:00000000       _volmd                     0000000180000000     MSVCRTD:gs_report.obj
 0000:00000000       _volmd                     0000000180000000     MSVCRTD:gs_report.obj
 0000:fffc1000       __guard_fids__             0000000180000000     MSVCRTD:guard_support.obj
 0000:fffc1000       __guard_fids__             0000000180000000     MSVCRTD:guard_support.obj
 0000:fffc1000       __guard_fids__guard_icall_checks_enforced 0000000180000000     MSVCRTD:guard_support.obj
 0000:00000000       _volmd                     0000000180000000     MSVCRTD:guard_support.obj
 0000:00000000       _volmd                     0000000180000000     MSVCRTD:guard_support.obj
 0000:fffc1000       __guard_ehcont___scrt_is_nonwritable_in_current_image 0000000180000000     MSVCRTD:utility.obj
 0000:00000000       _volmd                     0000000180000000     MSVCRTD:utility.obj
 0000:00000000       _volmd                     0000000180000000     MSVCRTD:utility.obj
 0000:00000000       _volmd                     0000000180000000     MSVCRTD:utility.obj
 0000:fffc1000       __guard_fids___scrt_set_unhandled_exception_filter 0000000180000000     MSVCRTD:utility_desktop.obj
 0000:00000000       _volmd                     0000000180000000     MSVCRTD:utility_desktop.obj
 0000:fffc1000       __guard_fids__             0000000180000000     vcruntimed:softmemtag.obj
 0000:fffbe000       .debug$S                   0000000180000000     vcruntimed:VCRUNTIME140D.dll
 0000:fffbe000       .debug$S                   0000000180000000     vcruntimed:VCRUNTIME140D.dll
 0000:fffbe000       .debug$S                   0000000180000000     vcruntimed:VCRUNTIME140D.dll
 0000:fffbe000       .debug$S                   0000000180000000     vcruntimed:VCRUNTIME140D.dll
 0000:fffbe000       .debug$S                   0000000180000000     vcruntimed:VCRUNTIME140D.dll
 0000:fffbe000       .debug$S                   0000000180000000     vcruntimed:VCRUNTIME140D.dll
 0000:fffbe000       .debug$S                   0000000180000000     vcruntimed:VCRUNTIME140D.dll
 0001:00000aa0       $$000000                   0000000180001aa0     gvmat64.obj
 0001:00000e30       $$000000                   0000000180001e30     inffasx64.obj
 0001:00001aa0       adler32_combine_           0000000180002aa0 f   adler32.obj
 0001:00002550       crc32_little               0000000180003550 f   crc32.obj
 0001:00002d50       crc32_big                  0000000180003d50 f   crc32.obj
 0001:000035b0       gf2_matrix_times           00000001800045b0 f   crc32.obj
 0001:00003610       gf2_matrix_square          0000000180004610 f   crc32.obj
 0001:00003670       crc32_combine_             0000000180004670 f   crc32.obj
 0001:000068f0       deflateStateCheck          00000001800078f0 f   deflate.obj
 0001:000069b0       slide_hash                 00000001800079b0 f   deflate.obj
 0001:00006ac0       fill_window                0000000180007ac0 f   deflate.obj
 0001:00006f70       deflate_stored             0000000180007f70 f   deflate.obj
 0001:00007a30       deflate_fast               0000000180008a30 f   deflate.obj
 0001:00008490       deflate_slow               0000000180009490 f   deflate.obj
 0001:000091a0       deflate_rle                000000018000a1a0 f   deflate.obj
 0001:00009a20       deflate_huff               000000018000aa20 f   deflate.obj
 0001:00009db0       lm_init                    000000018000adb0 f   deflate.obj
 0001:00009f30       putShortMSB                000000018000af30 f   deflate.obj
 0001:00009fa0       flush_pending              000000018000afa0 f   deflate.obj
 0001:0000a0b0       read_buf                   000000018000b0b0 f   deflate.obj
 0001:0000c5a0       gz_reset                   000000018000d5a0 f   gzlib.obj
 0001:0000c630       gz_open                    000000018000d630 f   gzlib.obj
 0001:0000cab4       $LN49                      000000018000dab4     gzlib.obj
 0001:0000cae0       $LN48                      000000018000dae0     gzlib.obj
 0001:0000d920       gz_load                    000000018000e920 f   gzread.obj
 0001:0000da20       gz_avail                   000000018000ea20 f   gzread.obj
 0001:0000db50       gz_look                    000000018000eb50 f   gzread.obj
 0001:0000de20       gz_decomp                  000000018000ee20 f   gzread.obj
 0001:0000dfc0       gz_fetch                   000000018000efc0 f   gzread.obj
 0001:0000e0f0       gz_skip                    000000018000f0f0 f   gzread.obj
 0001:0000e1f0       gz_read                    000000018000f1f0 f   gzread.obj
 0001:0000f2a0       gz_init                    00000001800102a0 f   gzwrite.obj
 0001:0000f480       gz_comp                    0000000180010480 f   gzwrite.obj
 0001:0000f760       gz_zero                    0000000180010760 f   gzwrite.obj
 0001:0000f880       gz_write                   0000000180010880 f   gzwrite.obj
 0001:00011b70       $LN347                     0000000180012b70     infback.obj
 0001:00011dc0       fixedtables                0000000180012dc0 f   infback.obj
 0001:00015854       $LN526                     0000000180016854     inflate.obj
 0001:000167a0       inflateStateCheck          00000001800177a0 f   inflate.obj
 0001:00016820       fixedtables                0000000180017820 f   inflate.obj
 0001:00016870       updatewindow               0000000180017870 f   inflate.obj
 0001:00016ac0       syncsearch                 0000000180017ac0 f   inflate.obj
 0001:00018910       fopen_file_func            0000000180019910 f   ioapi.obj
 0001:000189c0       fread_file_func            00000001800199c0 f   ioapi.obj
 0001:00018a10       fwrite_file_func           0000000180019a10 f   ioapi.obj
 0001:00018a60       ftell64_file_func          0000000180019a60 f   ioapi.obj
 0001:00018a90       fseek64_file_func          0000000180019a90 f   ioapi.obj
 0001:00018b30       fclose_file_func           0000000180019b30 f   ioapi.obj
 0001:00018b60       ferror_file_func           0000000180019b60 f   ioapi.obj
 0001:00018b90       fopen64_file_func          0000000180019b90 f   ioapi.obj
 0001:00018c40       ftell_file_func            0000000180019c40 f   ioapi.obj
 0001:00018c70       fseek_file_func            0000000180019c70 f   ioapi.obj
 0001:00019570       win32_translate_open_mode  000000018001a570 f   iowin32.obj
 0001:00019630       win32_build_iowin          000000018001a630 f   iowin32.obj
 0001:000198d0       MySetFilePointerEx         000000018001a8d0 f   iowin32.obj
 0001:0001aab0       tr_static_init             000000018001bab0 f   trees.obj
 0001:0001aac0       init_block                 000000018001bac0 f   trees.obj
 0001:0001abc0       pqdownheap                 000000018001bbc0 f   trees.obj
 0001:0001adc0       gen_bitlen                 000000018001bdc0 f   trees.obj
 0001:0001b1a0       gen_codes                  000000018001c1a0 f   trees.obj
 0001:0001b290       build_tree                 000000018001c290 f   trees.obj
 0001:0001b7e0       scan_tree                  000000018001c7e0 f   trees.obj
 0001:0001ba20       send_tree                  000000018001ca20 f   trees.obj
 0001:0001c730       build_bl_tree              000000018001d730 f   trees.obj
 0001:0001c810       send_all_trees             000000018001d810 f   trees.obj
 0001:0001ce30       compress_block             000000018001de30 f   trees.obj
 0001:0001d810       detect_data_type           000000018001e810 f   trees.obj
 0001:0001d910       bi_reverse                 000000018001e910 f   trees.obj
 0001:0001d970       bi_windup                  000000018001e970 f   trees.obj
 0001:0001da60       bi_flush                   000000018001ea60 f   trees.obj
 0001:00020a70       unz64local_getByte         0000000180021a70 f   unzip.obj
 0001:00020b00       unz64local_getShort        0000000180021b00 f   unzip.obj
 0001:00020ba0       unz64local_getLong         0000000180021ba0 f   unzip.obj
 0001:00020ca0       unz64local_getLong64       0000000180021ca0 f   unzip.obj
 0001:00020ea0       strcmpcasenosensitive_internal 0000000180021ea0 f   unzip.obj
 0001:00020f90       unz64local_SearchCentralDir 0000000180021f90 f   unzip.obj
 0001:000211e0       unz64local_SearchCentralDir64 00000001800221e0 f   unzip.obj
 0001:00021570       unzOpenInternal            0000000180022570 f   unzip.obj
 0001:00021ae0       unz64local_DosDateToTmuDate 0000000180022ae0 f   unzip.obj
 0001:00021bb0       unz64local_GetCurrentFileInfoInternal 0000000180022bb0 f   unzip.obj
 0001:00022430       unz64local_CheckCurrentFileCoherencyHeader 0000000180023430 f   unzip.obj
 0001:00023630       time                       0000000180024630 f   zip.obj
 0001:00025780       decrypt_byte               0000000180026780 f   zip.obj
 0001:000257d0       update_keys                00000001800267d0 f   zip.obj
 0001:000258a0       init_keys                  00000001800268a0 f   zip.obj
 0001:00025920       crypthead                  0000000180026920 f   zip.obj
 0001:00025b40       allocate_new_datablock     0000000180026b40 f   zip.obj
 0001:00025b90       free_datablock             0000000180026b90 f   zip.obj
 0001:00025be0       init_linkedlist            0000000180026be0 f   zip.obj
 0001:00025c10       free_linkedlist            0000000180026c10 f   zip.obj
 0001:00025c50       add_data_in_datablock      0000000180026c50 f   zip.obj
 0001:00025e00       zip64local_putValue        0000000180026e00 f   zip.obj
 0001:00025ed0       zip64local_putValue_inmemory 0000000180026ed0 f   zip.obj
 0001:00025f70       zip64local_TmzDateToDosDate 0000000180026f70 f   zip.obj
 0001:00026010       zip64local_getByte         0000000180027010 f   zip.obj
 0001:000260a0       zip64local_getShort        00000001800270a0 f   zip.obj
 0001:00026140       zip64local_getLong         0000000180027140 f   zip.obj
 0001:00026240       zip64local_getLong64       0000000180027240 f   zip.obj
 0001:00026440       zip64local_SearchCentralDir 0000000180027440 f   zip.obj
 0001:00026690       zip64local_SearchCentralDir64 0000000180027690 f   zip.obj
 0001:000277f0       zip64FlushWriteBuffer      00000001800287f0 f   zip.obj
 0001:00029420       $$000000                   000000018002a420     MSVCRTD:chkstk.obj
 0001:000294a0       ?dllmain_crt_dispatch@@YAHQEAUHINSTANCE__@@KQEAX@Z 000000018002a4a0 f   MSVCRTD:dll_dllmain.obj
 0001:00029550       ?dllmain_crt_process_attach@@YAHQEAUHINSTANCE__@@QEAX@Z 000000018002a550 f   MSVCRTD:dll_dllmain.obj
 0001:000296e0       ?dllmain_crt_process_detach@@YAH_N@Z 000000018002a6e0 f   MSVCRTD:dll_dllmain.obj
 0001:000297a0       ?dllmain_dispatch@@YAHQEAUHINSTANCE__@@KQEAX@Z 000000018002a7a0 f   MSVCRTD:dll_dllmain.obj
 0001:00029930       ?dllmain_raw@@YAHQEAUHINSTANCE__@@KQEAX@Z 000000018002a930 f   MSVCRTD:dll_dllmain.obj
 0001:00029a30       __get_entropy              000000018002aa30 f   MSVCRTD:gs_support.obj
 0001:00029ce0       ?find_pe_section@@YAPEAU_IMAGE_SECTION_HEADER@@QEAE_K@Z 000000018002ace0 f   MSVCRTD:utility.obj
 0001:00029e00       ?is_potentially_valid_image_base@@YA_NQEAX@Z 000000018002ae00 f   MSVCRTD:utility.obj
 0001:0002ab80       __castguard_check_failure_os_handled_wrapper 000000018002bb80 f   MSVCRTD:guard_support.obj
 0001:0002abf0       __castguard_check_failure_user_handled_wrapper 000000018002bbf0 f   MSVCRTD:guard_support.obj
 0001:0002ac50       __castguard_compat_check   000000018002bc50 f   MSVCRTD:guard_support.obj
 0001:0002aea0       __castguard_slow_path_compat_check 000000018002bea0 f   MSVCRTD:guard_support.obj
 0001:0002b790       $$000000                   000000018002c790     MSVCRTD:amdsecgs.obj
 0001:0002bb80       capture_current_context    000000018002cb80 f   MSVCRTD:gs_report.obj
 0001:0002bc40       capture_previous_context   000000018002cc40 f   MSVCRTD:gs_report.obj
 0001:0002d320       $$000000                   000000018002e320     MSVCRTD:guard_dispatch.obj
 0001:0002d340       $$000000                   000000018002e340     MSVCRTD:guard_xfg_dispatch.obj
 0001:0002e360       ?fin$0@?0??dllmain_crt_process_attach@@YAHQEAUHINSTANCE__@@QEAX@Z@4HA 000000018002f360 f   MSVCRTD:dll_dllmain.obj
 0001:0002e390       ?fin$0@?0??dllmain_crt_process_detach@@YAH_N@Z@4HA 000000018002f390 f   MSVCRTD:dll_dllmain.obj
 0001:0002e3ab       ?fin$1@?0??dllmain_crt_process_detach@@YAH_N@Z@4HA 000000018002f3ab f   MSVCRTD:dll_dllmain.obj
 0001:0002e3d0       ?filt$0@?0??dllmain_dispatch@@YAHQEAUHINSTANCE__@@KQEAX@Z@4HA 000000018002f3d0 f   MSVCRTD:dll_dllmain.obj
 0001:0002e430       __scrt_is_nonwritable_in_current_image$filt$0 000000018002f430 f   MSVCRTD:utility.obj
 0002:00000880       crc_table                  0000000180031880     crc32.obj
 0002:00002f40       configuration_table        0000000180033f40     deflate.obj
 0002:00002fe0       ?my_version@?1??deflateInit2_@@9@9 0000000180033fe0     deflate.obj
 0002:00003020       ?lenfix@?1??fixedtables@@9@9 0000000180034020     infback.obj
 0002:00003820       ?distfix@?1??fixedtables@@9@9 0000000180034820     infback.obj
 0002:000038a0       ?order@?1??inflateBack@@9@9 00000001800348a0     infback.obj
 0002:00003a80       ?lenfix@?1??fixedtables@@9@9 0000000180034a80     inflate.obj
 0002:00004280       ?distfix@?1??fixedtables@@9@9 0000000180035280     inflate.obj
 0002:00004300       ?order@?1??inflate@@9@9    0000000180035300     inflate.obj
 0002:00004510       ?lbase@?1??inflate_table@@9@9 0000000180035510     inftrees.obj
 0002:00004550       ?lext@?1??inflate_table@@9@9 0000000180035550     inftrees.obj
 0002:00004590       ?dbase@?1??inflate_table@@9@9 0000000180035590     inftrees.obj
 0002:000045d0       ?dext@?1??inflate_table@@9@9 00000001800355d0     inftrees.obj
 0002:00004950       extra_lbits                0000000180035950     trees.obj
 0002:000049d0       extra_dbits                00000001800359d0     trees.obj
 0002:00004a50       extra_blbits               0000000180035a50     trees.obj
 0002:00004aa0       bl_order                   0000000180035aa0     trees.obj
 0002:00004ac0       static_ltree               0000000180035ac0     trees.obj
 0002:00004f40       static_dtree               0000000180035f40     trees.obj
 0002:00004fc0       base_length                0000000180035fc0     trees.obj
 0002:00005040       base_dist                  0000000180036040     trees.obj
 0002:000050b8       static_l_desc              00000001800360b8     trees.obj
 0002:000050d8       static_d_desc              00000001800360d8     trees.obj
 0002:000050f8       static_bl_desc             00000001800360f8     trees.obj
 0002:00005480       GS_ExceptionPointers       0000000180036480     MSVCRTD:gs_report.obj
 0002:00006118       $unwind$adler32            0000000180037118     adler32.obj
 0002:00006120       $unwind$adler32_z          0000000180037120     adler32.obj
 0002:00006128       $unwind$adler32_combine    0000000180037128     adler32.obj
 0002:00006130       $unwind$adler32_combine_   0000000180037130     adler32.obj
 0002:00006138       $unwind$adler32_combine64  0000000180037138     adler32.obj
 0002:00006144       $unwind$compress           0000000180037144     compress.obj
 0002:0000614c       $unwind$compress2          000000018003714c     compress.obj
 0002:00006158       $unwind$crc32              0000000180037158     crc32.obj
 0002:00006160       $unwind$crc32_z            0000000180037160     crc32.obj
 0002:00006168       $unwind$crc32_combine      0000000180037168     crc32.obj
 0002:00006170       $unwind$crc32_little       0000000180037170     crc32.obj
 0002:00006178       $unwind$crc32_big          0000000180037178     crc32.obj
 0002:00006180       $unwind$gf2_matrix_times   0000000180037180     crc32.obj
 0002:00006188       $unwind$gf2_matrix_square  0000000180037188     crc32.obj
 0002:00006190       $unwind$crc32_combine_     0000000180037190     crc32.obj
 0002:00006198       $unwind$crc32_combine64    0000000180037198     crc32.obj
 0002:000061a8       $unwind$deflate            00000001800371a8     deflate.obj
 0002:000061b0       $unwind$deflateEnd         00000001800371b0     deflate.obj
 0002:000061b8       $unwind$deflateSetDictionary 00000001800371b8     deflate.obj
 0002:000061c0       $unwind$deflateGetDictionary 00000001800371c0     deflate.obj
 0002:000061c8       $unwind$deflateCopy        00000001800371c8     deflate.obj
 0002:000061d0       $unwind$deflateReset       00000001800371d0     deflate.obj
 0002:000061d8       $unwind$deflateParams      00000001800371d8     deflate.obj
 0002:000061e0       $unwind$deflateTune        00000001800371e0     deflate.obj
 0002:000061e8       $unwind$deflateBound       00000001800371e8     deflate.obj
 0002:000061f0       $unwind$deflatePending     00000001800371f0     deflate.obj
 0002:000061f8       $unwind$deflatePrime       00000001800371f8     deflate.obj
 0002:00006200       $unwind$deflateSetHeader   0000000180037200     deflate.obj
 0002:00006208       $unwind$deflateInit_       0000000180037208     deflate.obj
 0002:00006210       $unwind$deflateInit2_      0000000180037210     deflate.obj
 0002:00006218       $unwind$deflateResetKeep   0000000180037218     deflate.obj
 0002:00006220       $unwind$deflateStateCheck  0000000180037220     deflate.obj
 0002:00006228       $unwind$slide_hash         0000000180037228     deflate.obj
 0002:00006230       $unwind$fill_window        0000000180037230     deflate.obj
 0002:00006238       $unwind$deflate_stored     0000000180037238     deflate.obj
 0002:00006240       $unwind$deflate_fast       0000000180037240     deflate.obj
 0002:00006248       $unwind$deflate_slow       0000000180037248     deflate.obj
 0002:00006250       $unwind$deflate_rle        0000000180037250     deflate.obj
 0002:00006258       $unwind$deflate_huff       0000000180037258     deflate.obj
 0002:00006260       $unwind$lm_init            0000000180037260     deflate.obj
 0002:00006268       $unwind$flush_pending      0000000180037268     deflate.obj
 0002:00006270       $unwind$read_buf           0000000180037270     deflate.obj
 0002:0000628c       $unwind$gzclose            000000018003728c     gzclose.obj
 0002:00006294       $unwind$vsnprintf          0000000180037294     gzlib.obj
 0002:0000629c       $unwind$snprintf           000000018003729c     gzlib.obj
 0002:000062a4       $unwind$gzdopen            00000001800372a4     gzlib.obj
 0002:000062ac       $unwind$gzbuffer           00000001800372ac     gzlib.obj
 0002:000062b4       $unwind$gzrewind           00000001800372b4     gzlib.obj
 0002:000062bc       $unwind$gzeof              00000001800372bc     gzlib.obj
 0002:000062c4       $unwind$gzerror            00000001800372c4     gzlib.obj
 0002:000062cc       $unwind$gzclearerr         00000001800372cc     gzlib.obj
 0002:000062d4       $unwind$gzopen             00000001800372d4     gzlib.obj
 0002:000062dc       $unwind$gzseek             00000001800372dc     gzlib.obj
 0002:000062e4       $unwind$gztell             00000001800372e4     gzlib.obj
 0002:000062ec       $unwind$gzoffset           00000001800372ec     gzlib.obj
 0002:000062f4       $unwind$gzopen_w           00000001800372f4     gzlib.obj
 0002:000062fc       $unwind$gzopen64           00000001800372fc     gzlib.obj
 0002:00006304       $unwind$gzseek64           0000000180037304     gzlib.obj
 0002:0000630c       $unwind$gztell64           000000018003730c     gzlib.obj
 0002:00006314       $unwind$gzoffset64         0000000180037314     gzlib.obj
 0002:0000631c       $unwind$gz_error           000000018003731c     gzlib.obj
 0002:00006324       $unwind$gz_reset           0000000180037324     gzlib.obj
 0002:0000632c       $unwind$gz_open            000000018003732c     gzlib.obj
 0002:00006344       $unwind$gzread             0000000180037344     gzread.obj
 0002:0000634c       $unwind$gzfread            000000018003734c     gzread.obj
 0002:00006354       $unwind$gzgets             0000000180037354     gzread.obj
 0002:0000635c       $unwind$gzgetc             000000018003735c     gzread.obj
 0002:00006364       $unwind$gzungetc           0000000180037364     gzread.obj
 0002:0000636c       $unwind$gzdirect           000000018003736c     gzread.obj
 0002:00006374       $unwind$gzclose_r          0000000180037374     gzread.obj
 0002:0000637c       $unwind$gzgetc_            000000018003737c     gzread.obj
 0002:00006384       $unwind$gz_load            0000000180037384     gzread.obj
 0002:0000638c       $unwind$gz_avail           000000018003738c     gzread.obj
 0002:00006394       $unwind$gz_look            0000000180037394     gzread.obj
 0002:0000639c       $unwind$gz_decomp          000000018003739c     gzread.obj
 0002:000063a4       $unwind$gz_fetch           00000001800373a4     gzread.obj
 0002:000063ac       $unwind$gz_skip            00000001800373ac     gzread.obj
 0002:000063b4       $unwind$gz_read            00000001800373b4     gzread.obj
 0002:000063c8       $unwind$gzsetparams        00000001800373c8     gzwrite.obj
 0002:000063d0       $unwind$gzwrite            00000001800373d0     gzwrite.obj
 0002:000063d8       $unwind$gzfwrite           00000001800373d8     gzwrite.obj
 0002:000063e0       $unwind$gzprintf           00000001800373e0     gzwrite.obj
 0002:000063e8       $unwind$gzputs             00000001800373e8     gzwrite.obj
 0002:000063f0       $unwind$gzputc             00000001800373f0     gzwrite.obj
 0002:000063f8       $unwind$gzflush            00000001800373f8     gzwrite.obj
 0002:00006400       $unwind$gzclose_w          0000000180037400     gzwrite.obj
 0002:00006408       $unwind$gzvprintf          0000000180037408     gzwrite.obj
 0002:00006410       $unwind$gz_init            0000000180037410     gzwrite.obj
 0002:00006418       $unwind$gz_comp            0000000180037418     gzwrite.obj
 0002:00006420       $unwind$gz_zero            0000000180037420     gzwrite.obj
 0002:00006428       $unwind$gz_write           0000000180037428     gzwrite.obj
 0002:0000643c       $unwind$inflateBack        000000018003743c     infback.obj
 0002:00006444       $unwind$inflateBackEnd     0000000180037444     infback.obj
 0002:0000644c       $unwind$inflateBackInit_   000000018003744c     infback.obj
 0002:00006458       $unwind$inflate_fast       0000000180037458     inffas8664.obj
 0002:00006460       $unwind$inflate            0000000180037460     inflate.obj
 0002:00006468       $unwind$inflateEnd         0000000180037468     inflate.obj
 0002:00006470       $unwind$inflateSetDictionary 0000000180037470     inflate.obj
 0002:00006478       $unwind$inflateGetDictionary 0000000180037478     inflate.obj
 0002:00006480       $unwind$inflateSync        0000000180037480     inflate.obj
 0002:00006488       $unwind$inflateCopy        0000000180037488     inflate.obj
 0002:00006490       $unwind$inflateReset       0000000180037490     inflate.obj
 0002:00006498       $unwind$inflateReset2      0000000180037498     inflate.obj
 0002:000064a0       $unwind$inflatePrime       00000001800374a0     inflate.obj
 0002:000064a8       $unwind$inflateMark        00000001800374a8     inflate.obj
 0002:000064b0       $unwind$inflateGetHeader   00000001800374b0     inflate.obj
 0002:000064b8       $unwind$inflateInit_       00000001800374b8     inflate.obj
 0002:000064c0       $unwind$inflateInit2_      00000001800374c0     inflate.obj
 0002:000064c8       $unwind$inflateSyncPoint   00000001800374c8     inflate.obj
 0002:000064d0       $unwind$inflateUndermine   00000001800374d0     inflate.obj
 0002:000064d8       $unwind$inflateValidate    00000001800374d8     inflate.obj
 0002:000064e0       $unwind$inflateCodesUsed   00000001800374e0     inflate.obj
 0002:000064e8       $unwind$inflateResetKeep   00000001800374e8     inflate.obj
 0002:000064f0       $unwind$inflateStateCheck  00000001800374f0     inflate.obj
 0002:000064f8       $unwind$updatewindow       00000001800374f8     inflate.obj
 0002:00006500       $unwind$syncsearch         0000000180037500     inflate.obj
 0002:00006518       $unwind$inflate_table      0000000180037518     inftrees.obj
 0002:00006520       $unwind$call_zopen64       0000000180037520     ioapi.obj
 0002:00006528       $unwind$call_zseek64       0000000180037528     ioapi.obj
 0002:00006530       $unwind$call_ztell64       0000000180037530     ioapi.obj
 0002:00006538       $unwind$fopen_file_func    0000000180037538     ioapi.obj
 0002:00006540       $unwind$fread_file_func    0000000180037540     ioapi.obj
 0002:00006548       $unwind$fwrite_file_func   0000000180037548     ioapi.obj
 0002:00006550       $unwind$ftell64_file_func  0000000180037550     ioapi.obj
 0002:00006558       $unwind$fseek64_file_func  0000000180037558     ioapi.obj
 0002:00006560       $unwind$fclose_file_func   0000000180037560     ioapi.obj
 0002:00006568       $unwind$ferror_file_func   0000000180037568     ioapi.obj
 0002:00006570       $unwind$fopen64_file_func  0000000180037570     ioapi.obj
 0002:00006578       $unwind$ftell_file_func    0000000180037578     ioapi.obj
 0002:00006580       $unwind$fseek_file_func    0000000180037580     ioapi.obj
 0002:00006594       $unwind$win32_open_file_func 0000000180037594     iowin32.obj
 0002:0000659c       $unwind$win32_read_file_func 000000018003759c     iowin32.obj
 0002:000065a4       $unwind$win32_write_file_func 00000001800375a4     iowin32.obj
 0002:000065ac       $unwind$win32_tell64_file_func 00000001800375ac     iowin32.obj
 0002:000065b4       $unwind$win32_seek64_file_func 00000001800375b4     iowin32.obj
 0002:000065bc       $unwind$win32_close_file_func 00000001800375bc     iowin32.obj
 0002:000065c4       $unwind$win32_error_file_func 00000001800375c4     iowin32.obj
 0002:000065cc       $unwind$win32_build_iowin  00000001800375cc     iowin32.obj
 0002:000065d8       $unwind$win32_open64_file_func 00000001800375d8     iowin32.obj
 0002:000065e0       $unwind$win32_open64_file_funcA 00000001800375e0     iowin32.obj
 0002:000065e8       $unwind$win32_open64_file_funcW 00000001800375e8     iowin32.obj
 0002:000065f0       $unwind$MySetFilePointerEx 00000001800375f0     iowin32.obj
 0002:000065f8       $unwind$win32_tell_file_func 00000001800375f8     iowin32.obj
 0002:00006600       $unwind$win32_seek_file_func 0000000180037600     iowin32.obj
 0002:00006614       $unwind$_tr_init           0000000180037614     trees.obj
 0002:0000661c       $unwind$_tr_tally          000000018003761c     trees.obj
 0002:00006624       $unwind$_tr_flush_block    0000000180037624     trees.obj
 0002:0000662c       $unwind$_tr_flush_bits     000000018003762c     trees.obj
 0002:00006634       $unwind$_tr_align          0000000180037634     trees.obj
 0002:0000663c       $unwind$_tr_stored_block   000000018003763c     trees.obj
 0002:00006644       $unwind$init_block         0000000180037644     trees.obj
 0002:0000664c       $unwind$pqdownheap         000000018003764c     trees.obj
 0002:00006654       $unwind$gen_bitlen         0000000180037654     trees.obj
 0002:0000665c       $unwind$gen_codes          000000018003765c     trees.obj
 0002:00006664       $unwind$build_tree         0000000180037664     trees.obj
 0002:0000666c       $unwind$scan_tree          000000018003766c     trees.obj
 0002:00006674       $unwind$send_tree          0000000180037674     trees.obj
 0002:0000667c       $unwind$build_bl_tree      000000018003767c     trees.obj
 0002:00006684       $unwind$send_all_trees     0000000180037684     trees.obj
 0002:0000668c       $unwind$compress_block     000000018003768c     trees.obj
 0002:00006694       $unwind$detect_data_type   0000000180037694     trees.obj
 0002:0000669c       $unwind$bi_reverse         000000018003769c     trees.obj
 0002:000066b4       $unwind$uncompress         00000001800376b4     uncompr.obj
 0002:000066bc       $unwind$uncompress2        00000001800376bc     uncompr.obj
 0002:000066c8       $unwind$unzStringFileNameCompare 00000001800376c8     unzip.obj
 0002:000066d0       $unwind$unzOpen            00000001800376d0     unzip.obj
[...]
 0002:00006ccc       $unwind$__scrt_is_ucrt_dll_in_use 0000000180037ccc     MSVCRTD:ucrt_detection.obj
 0002:00006cd8       $xdatasym                  0000000180037cd8     MSVCRTD:guard_dispatch.obj
 0002:00006ce0       $xdatasym                  0000000180037ce0     MSVCRTD:guard_xfg_dispatch.obj
 0002:00006ce4       $unwind$__GSHandlerCheckCommon 0000000180037ce4     MSVCRTD:gshandler.obj
 0002:00006cec       $unwind$__GSHandlerCheck   0000000180037cec     MSVCRTD:gshandler.obj
 0002:00006cf8       $xdatasym                  0000000180037cf8     MSVCRTD:amdsecgs.obj
 0002:00006cfc       $unwind$__report_securityfailure 0000000180037cfc     MSVCRTD:gs_report.obj
 0002:00006d04       $unwind$__report_securityfailureEx 0000000180037d04     MSVCRTD:gs_report.obj
 0002:00006d0c       $unwind$__report_rangecheckfailure 0000000180037d0c     MSVCRTD:gs_report.obj
 0002:00006d14       $unwind$__report_gsfailure 0000000180037d14     MSVCRTD:gs_report.obj
 0002:00006d1c       $unwind$capture_current_context 0000000180037d1c     MSVCRTD:gs_report.obj
 0002:00006d24       $unwind$capture_previous_context 0000000180037d24     MSVCRTD:gs_report.obj
 0002:00006d2c       $unwind$__raise_securityfailure 0000000180037d2c     MSVCRTD:gs_report.obj
 0002:00006f80       .edata                     0000000180037f80     zlibwapi.exp
 0002:00006fa8       rgpv                       0000000180037fa8     zlibwapi.exp
 0002:00007264       rgszName                   0000000180038264     zlibwapi.exp
 0002:00007468       rgwOrd                     0000000180038468     zlibwapi.exp
 0002:0000756a       szName                     000000018003856a     zlibwapi.exp
 0002:00007577       $N00001                    0000000180038577     zlibwapi.exp
 0002:0000757f       $N00140                    000000018003857f     zlibwapi.exp
 0002:0000758f       $N00174                    000000018003858f     zlibwapi.exp
 0002:00007599       $N00002                    0000000180038599     zlibwapi.exp
 0002:000075a2       $N00039                    00000001800385a2     zlibwapi.exp
 0002:000075ac       $N00046                    00000001800385ac     zlibwapi.exp
 0002:000075ba       $N00003                    00000001800385ba     zlibwapi.exp
 0002:000075c0       $N00142                    00000001800385c0     zlibwapi.exp
 0002:000075ce       $N00175                    00000001800385ce     zlibwapi.exp
 0002:000075d6       $N00004                    00000001800385d6     zlibwapi.exp
 0002:000075de       $N00047                    00000001800385de     zlibwapi.exp
 0002:000075eb       $N00005                    00000001800385eb     zlibwapi.exp
 0002:000075f7       $N00006                    00000001800385f7     zlibwapi.exp
 0002:00007602       $N00173                    0000000180038602     zlibwapi.exp
 0002:00007617       $N00007                    0000000180038617     zlibwapi.exp
 0002:00007625       $N00008                    0000000180038625     zlibwapi.exp
 0002:00007632       $N00009                    0000000180038632     zlibwapi.exp
 0002:00007640       $N00052                    0000000180038640     zlibwapi.exp
 0002:0000764f       $N00051                    000000018003864f     zlibwapi.exp
 0002:0000765c       $N00010                    000000018003865c     zlibwapi.exp
 0002:00007669       $N00164                    0000000180038669     zlibwapi.exp
 0002:0000767a       $N00011                    000000018003867a     zlibwapi.exp
 0002:0000768f       $N00144                    000000018003868f     zlibwapi.exp
 0002:000076a0       $N00145                    00000001800386a0     zlibwapi.exp
 0002:000076ac       $N00110                    00000001800386ac     zlibwapi.exp
 0002:000076c0       $N00111                    00000001800386c0     zlibwapi.exp
 0002:000076d6       $N00112                    00000001800386d6     zlibwapi.exp
 0002:000076ed       $N00113                    00000001800386ed     zlibwapi.exp
 0002:00007704       $N00038                    0000000180038704     zlibwapi.exp
 0002:00007712       $N00146                    0000000180038712     zlibwapi.exp
 0002:0000771b       $N00048                    000000018003871b     zlibwapi.exp
 0002:00007726       $N00012                    0000000180038726     zlibwapi.exp
 0002:0000772e       $N00147                    000000018003872e     zlibwapi.exp
 0002:00007738       $N00148                    0000000180038738     zlibwapi.exp
 0002:00007742       $N00149                    0000000180038742     zlibwapi.exp
 0002:0000774b       $N00013                    000000018003874b     zlibwapi.exp
 0002:00007753       $N00034                    0000000180038753     zlibwapi.exp
 0002:00007759       $N00014                    0000000180038759     zlibwapi.exp
 0002:00007761       $N00015                    0000000180038761     zlibwapi.exp
 0002:00007769       $N00171                    0000000180038769     zlibwapi.exp
 0002:00007771       $N00172                    0000000180038771     zlibwapi.exp
 0002:0000777a       $N00030                    000000018003877a     zlibwapi.exp
 0002:00007781       $N00161                    0000000180038781     zlibwapi.exp
 0002:00007789       $N00041                    0000000180038789     zlibwapi.exp
 0002:00007790       $N00150                    0000000180038790     zlibwapi.exp
 0002:00007799       $N00016                    0000000180038799     zlibwapi.exp
 0002:000077a0       $N00165                    00000001800387a0     zlibwapi.exp
 0002:000077a9       $N00028                    00000001800387a9     zlibwapi.exp
 0002:000077b2       $N00029                    00000001800387b2     zlibwapi.exp
 0002:000077b9       $N00040                    00000001800387b9     zlibwapi.exp
 0002:000077c0       $N00017                    00000001800387c0     zlibwapi.exp
 0002:000077c7       $N00032                    00000001800387c7     zlibwapi.exp
 0002:000077d0       $N00031                    00000001800387d0     zlibwapi.exp
 0002:000077d7       $N00035                    00000001800387d7     zlibwapi.exp
 0002:000077e3       $N00033                    00000001800387e3     zlibwapi.exp
 0002:000077ea       $N00049                    00000001800387ea     zlibwapi.exp
 0002:000077f3       $N00167                    00000001800387f3     zlibwapi.exp
 0002:000077fd       $N00018                    00000001800387fd     zlibwapi.exp
 0002:00007805       $N00019                    0000000180038805     zlibwapi.exp
 0002:0000780d       $N00044                    000000018003880d     zlibwapi.exp
 0002:00007819       $N00045                    0000000180038819     zlibwapi.exp
 0002:00007828       $N00043                    0000000180038828     zlibwapi.exp
 0002:00007839       $N00168                    0000000180038839     zlibwapi.exp
 0002:0000784a       $N00042                    000000018003884a     zlibwapi.exp
 0002:00007856       $N00020                    0000000180038856     zlibwapi.exp
 0002:00007861       $N00166                    0000000180038861     zlibwapi.exp
 0002:00007876       $N00156                    0000000180038876     zlibwapi.exp
 0002:00007887       $N00021                    0000000180038887     zlibwapi.exp
 0002:00007895       $N00022                    0000000180038895     zlibwapi.exp
 0002:000078a2       $N00157                    00000001800388a2     zlibwapi.exp
 0002:000078ae       $N00158                    00000001800388ae     zlibwapi.exp
 0002:000078bb       $N00023                    00000001800388bb     zlibwapi.exp
 0002:000078c8       $N00159                    00000001800388c8     zlibwapi.exp
 0002:000078d6       $N00163                    00000001800388d6     zlibwapi.exp
 0002:000078e7       $N00024                    00000001800388e7     zlibwapi.exp
 0002:000078fc       $N00025                    00000001800388fc     zlibwapi.exp
 0002:00007908       $N00037                    0000000180038908     zlibwapi.exp
 0002:00007919       $N00160                    0000000180038919     zlibwapi.exp
 0002:0000792a       $N00169                    000000018003892a     zlibwapi.exp
 0002:0000793a       $N00026                    000000018003893a     zlibwapi.exp
 0002:00007945       $N00170                    0000000180038945     zlibwapi.exp
 0002:00007951       $N00062                    0000000180038951     zlibwapi.exp
 0002:0000795a       $N00072                    000000018003895a     zlibwapi.exp
 0002:0000796e       $N00064                    000000018003896e     zlibwapi.exp
 0002:00007984       $N00124                    0000000180038984     zlibwapi.exp
 0002:0000799c       $N00125                    000000018003899c     zlibwapi.exp
 0002:000079ba       $N00100                    00000001800389ba     zlibwapi.exp
 0002:000079c8       $N00127                    00000001800389c8     zlibwapi.exp
 0002:000079d8       $N00073                    00000001800389d8     zlibwapi.exp
 0002:000079ec       $N00063                    00000001800389ec     zlibwapi.exp
 0002:000079fd       $N00122                    00000001800389fd     zlibwapi.exp
 0002:00007a10       $N00076                    0000000180038a10     zlibwapi.exp
 0002:00007a26       $N00101                    0000000180038a26     zlibwapi.exp
 0002:00007a35       $N00128                    0000000180038a35     zlibwapi.exp
 0002:00007a46       $N00065                    0000000180038a46     zlibwapi.exp
 0002:00007a57       $N00066                    0000000180038a57     zlibwapi.exp
 0002:00007a67       $N00075                    0000000180038a67     zlibwapi.exp
 0002:00007a75       $N00061                    0000000180038a75     zlibwapi.exp
 0002:00007a7d       $N00077                    0000000180038a7d     zlibwapi.exp
 0002:00007a86       $N00121                    0000000180038a86     zlibwapi.exp
 0002:00007a92       $N00120                    0000000180038a92     zlibwapi.exp
 0002:00007a9c       $N00067                    0000000180038a9c     zlibwapi.exp
 0002:00007aaf       $N00078                    0000000180038aaf     zlibwapi.exp
 0002:00007ac3       $N00069                    0000000180038ac3     zlibwapi.exp
 0002:00007ad7       $N00079                    0000000180038ad7     zlibwapi.exp
 0002:00007af2       $N00068                    0000000180038af2     zlibwapi.exp
 0002:00007b05       $N00074                    0000000180038b05     zlibwapi.exp
 0002:00007b1e       $N00071                    0000000180038b1e     zlibwapi.exp
 0002:00007b25       $N00070                    0000000180038b25     zlibwapi.exp
 0002:00007b2d       $N00126                    0000000180038b2d     zlibwapi.exp
 0002:00007b37       $N00036                    0000000180038b37     zlibwapi.exp
 0002:00007b3e       $N00084                    0000000180038b3e     zlibwapi.exp
 0002:00007b47       $N00083                    0000000180038b47     zlibwapi.exp
 0002:00007b59       $N00087                    0000000180038b59     zlibwapi.exp
 0002:00007b6e       $N00136                    0000000180038b6e     zlibwapi.exp
 0002:00007b85       $N00080                    0000000180038b85     zlibwapi.exp
 0002:00007b8d       $N00088                    0000000180038b8d     zlibwapi.exp
 0002:00007b96       $N00131                    0000000180038b96     zlibwapi.exp
 0002:00007ba2       $N00130                    0000000180038ba2     zlibwapi.exp
 0002:00007bac       $N00081                    0000000180038bac     zlibwapi.exp
 0002:00007bc0       $N00086                    0000000180038bc0     zlibwapi.exp
 0002:00007bd5       $N00133                    0000000180038bd5     zlibwapi.exp
 0002:00007bed       $N00089                    0000000180038bed     zlibwapi.exp
 0002:00007c02       $N00134                    0000000180038c02     zlibwapi.exp
 0002:00007c1a       $N00135                    0000000180038c1a     zlibwapi.exp
 0002:00007c32       $N00132                    0000000180038c32     zlibwapi.exp
 0002:00007c48       $N00082                    0000000180038c48     zlibwapi.exp
 0002:00007c5c       $N00050                    0000000180038c5c     zlibwapi.exp
 0002:00007c6d       $N00027                    0000000180038c6d     zlibwapi.exp
 0003:00000000       $SG71955                   000000018003a000     compress.obj
 0003:00000008       $SG74315                   000000018003a008     gzlib.obj
 0003:00000010       $SG74342                   000000018003a010     gzlib.obj
 0003:00000018       $SG74461                   000000018003a018     gzlib.obj
 0003:00000028       $SG74490                   000000018003a028     gzlib.obj
 0003:0000002c       $SG74491                   000000018003a02c     gzlib.obj
 0003:00000040       $SG74309                   000000018003a040     gzread.obj
 0003:00000050       $SG74311                   000000018003a050     gzread.obj
 0003:00000058       $SG74312                   000000018003a058     gzread.obj
 0003:00000068       $SG74331                   000000018003a068     gzread.obj
 0003:00000080       $SG74334                   000000018003a080     gzread.obj
 0003:000000a8       $SG74336                   000000018003a0a8     gzread.obj
 0003:000000b8       $SG74338                   000000018003a0b8     gzread.obj
 0003:000000d0       $SG74418                   000000018003a0d0     gzread.obj
 0003:000000f0       $SG74434                   000000018003a0f0     gzread.obj
 0003:00000118       $SG74471                   000000018003a118     gzread.obj
 0003:00000168       $SG74268                   000000018003a168     gzwrite.obj
 0003:00000178       $SG74271                   000000018003a178     gzwrite.obj
 0003:00000188       $SG74272                   000000018003a188     gzwrite.obj
 0003:00000190       $SG74274                   000000018003a190     gzwrite.obj
 0003:000001a0       $SG74306                   000000018003a1a0     gzwrite.obj
 0003:000001c8       $SG74369                   000000018003a1c8     gzwrite.obj
 0003:000001f0       $SG74384                   000000018003a1f0     gzwrite.obj
 0003:00000238       $SG72058                   000000018003a238     infback.obj
 0003:00000240       $SG72444                   000000018003a240     infback.obj
 0003:00000258       $SG72449                   000000018003a258     infback.obj
 0003:00000278       $SG72461                   000000018003a278     infback.obj
 0003:000002a0       $SG72465                   000000018003a2a0     infback.obj
 0003:000002c0       $SG72476                   000000018003a2c0     infback.obj
 0003:000002e0       $SG72484                   000000018003a2e0     infback.obj
 0003:00000300       $SG72487                   000000018003a300     infback.obj
 0003:00000328       $SG72489                   000000018003a328     infback.obj
 0003:00000348       $SG72491                   000000018003a348     infback.obj
 0003:00000360       $SG72507                   000000018003a360     infback.obj
 0003:00000380       $SG72519                   000000018003a380     infback.obj
 0003:00000398       $SG72524                   000000018003a398     infback.obj
 0003:00000408       $SG74030                   000000018003a408     inffas8664.obj
 0003:00000428       $SG74033                   000000018003a428     inffas8664.obj
 0003:00000440       $SG74034                   000000018003a440     inffas8664.obj
 0003:00000470       $SG72109                   000000018003a470     inflate.obj
 0003:00000478       $SG72669                   000000018003a478     inflate.obj
 0003:00000490       $SG72671                   000000018003a490     inflate.obj
 0003:000004b0       $SG72675                   000000018003a4b0     inflate.obj
 0003:000004c8       $SG72679                   000000018003a4c8     inflate.obj
 0003:000004e8       $SG72681                   000000018003a4e8     inflate.obj
 0003:00000508       $SG72728                   000000018003a508     inflate.obj
 0003:00000520       $SG72745                   000000018003a520     inflate.obj
 0003:00000538       $SG72749                   000000018003a538     inflate.obj
 0003:00000558       $SG72761                   000000018003a558     inflate.obj
 0003:00000580       $SG72765                   000000018003a580     inflate.obj
 0003:000005a0       $SG72775                   000000018003a5a0     inflate.obj
 0003:000005c0       $SG72781                   000000018003a5c0     inflate.obj
 0003:000005e0       $SG72784                   000000018003a5e0     inflate.obj
 0003:00000608       $SG72786                   000000018003a608     inflate.obj
 0003:00000628       $SG72788                   000000018003a628     inflate.obj
 0003:00000640       $SG72802                   000000018003a640     inflate.obj
 0003:00000660       $SG72813                   000000018003a660     inflate.obj
 0003:00000678       $SG72823                   000000018003a678     inflate.obj
 0003:00000698       $SG72836                   000000018003a698     inflate.obj
 0003:000006b0       $SG72841                   000000018003a6b0     inflate.obj
 0003:00000740       $SG74044                   000000018003a740     ioapi.obj
 0003:00000744       $SG74047                   000000018003a744     ioapi.obj
 0003:00000748       $SG74049                   000000018003a748     ioapi.obj
 0003:0000074c       $SG74065                   000000018003a74c     ioapi.obj
 0003:00000750       $SG74068                   000000018003a750     ioapi.obj
 0003:00000754       $SG74070                   000000018003a754     ioapi.obj
 0003:0000075c       $SG71958                   000000018003a75c     uncompr.obj
 0003:00000764       $SG74785                   000000018003a764     unzip.obj
 0003:0000076c       $SG75004                   000000018003a76c     zip.obj
 0003:00000770       $SG75027                   000000018003a770     zip.obj
 0003:00000780       $SG74266                   000000018003a780     zutil.obj
 0003:00000790       $SG74267                   000000018003a790     zutil.obj
 0003:000007a0       $SG74269                   000000018003a7a0     zutil.obj
 0003:000007b0       $SG74270                   000000018003a7b0     zutil.obj
 0003:000007c0       $SG74271                   000000018003a7c0     zutil.obj
 0003:000007d0       $SG74272                   000000018003a7d0     zutil.obj
 0003:000007e8       $SG74273                   000000018003a7e8     zutil.obj
 0003:000007f8       $SG74274                   000000018003a7f8     zutil.obj
 0003:00000810       $SG74277                   000000018003a810     zutil.obj
 0003:00000a20       $SG74462                   000000018003aa20     gzlib.obj
 0003:00000a24       ?calls@?1??crypthead@@9@9  000000018003aa24     zip.obj
 0003:00000a28       $SG74268                   000000018003aa28     zutil.obj
 0003:00000a29       $SG74275                   000000018003aa29     zutil.obj
 0003:00000a2c       ?__proc_attached@@3HA      000000018003aa2c     MSVCRTD:dll_dllmain.obj
 0003:00000a78       ?is_initialized_as_dll@@3_NA 000000018003aa78     MSVCRTD:utility.obj
 0003:00000a79       ?module_local_atexit_table_initialized@@3_NA 000000018003aa79     MSVCRTD:utility.obj
 0003:00000a80       ?module_local_atexit_table@@3U_onexit_table_t@@A 000000018003aa80     MSVCRTD:utility.obj
 0003:00000a98       ?module_local_at_quick_exit_table@@3U_onexit_table_t@@A 000000018003aa98     MSVCRTD:utility.obj
 0003:00000ae0       GS_ExceptionRecord         000000018003aae0     MSVCRTD:gs_report.obj
 0003:00000b80       GS_ContextRecord           000000018003ab80     MSVCRTD:gs_report.obj
 0005:000007d4       .idata$6                   000000018003e7d4     kernel32:KERNEL32.dll
 0005:0000086c       .idata$6                   000000018003e86c     vcruntimed:VCRUNTIME140D.dll
 0005:00000a7c       .idata$6                   000000018003ea7c     ucrtd:ucrtbased.dll
 0007:00000170       $R000000                   0000000180040170     zlib.res
