 zlibwapi

 Timestamp is 674cf77e (Sun Dec  1 17:55:42 2024)

 Preferred load address is 0000000180000000

 Start         Length     Name                   Class
 0001:00000000 00012720H .text$mn                CODE
 0001:00012720 00000036H .text$mn$00             CODE
 0001:00012756 00000092H .text$x                 CODE
 0002:00000000 00000248H .idata$5                DATA
 0002:00000248 00000038H .00cfg                  DATA
 0002:00000280 00000008H .CRT$XCA                DATA
 0002:00000288 00000008H .CRT$XCZ                DATA
 0002:00000290 00000008H .CRT$XIA                DATA
 0002:00000298 00000008H .CRT$XIZ                DATA
 0002:000002a0 00000008H .CRT$XPA                DATA
 0002:000002a8 00000008H .CRT$XPZ                DATA
 0002:000002b0 00000008H .CRT$XTA                DATA
 0002:000002b8 00000008H .CRT$XTZ                DATA
 0002:000002c0 00000000H .gehcont$y              DATA
 0002:000002c0 00000000H .gfids$y                DATA
 0002:000002c0 000044c0H .rdata                  DATA
 0002:00004780 00000080H .rdata$CastGuardVftablesA DATA
 0002:00004800 00000080H .rdata$CastGuardVftablesC DATA
 0002:00004880 00000084H .rdata$voltmd           DATA
 0002:00004904 0000034cH .rdata$zzzdbg           DATA
 0002:00004c50 00000008H .rtc$IAA                DATA
 0002:00004c58 00000008H .rtc$IZZ                DATA
 0002:00004c60 00000008H .rtc$TAA                DATA
 0002:00004c68 00000008H .rtc$TZZ                DATA
 0002:00004c70 00001860H .xdata                  DATA
 0002:000064d0 00000cfcH .edata                  DATA
 0002:000071cc 000000a0H .idata$2                DATA
 0002:0000726c 00000014H .idata$3                DATA
 0002:00007280 00000248H .idata$4                DATA
 0002:000074c8 00000522H .idata$6                DATA
 0003:00000000 000000c0H .data                   DATA
 0003:000000c0 000000b0H .bss                    DATA
 0004:00000000 000011a0H .pdata                  DATA
 0005:00000000 00000060H .rsrc$01                DATA
 0005:00000060 00000338H .rsrc$02                DATA

  Address         Publics by Value              Rva+Base               Lib:Object

 0000:00000000       __AbsoluteZero             0000000000000000     <absolute>
 0000:00000000       ___safe_se_handler_count   0000000000000000     <absolute>
 0000:00000000       ___safe_se_handler_table   0000000000000000     <absolute>
 0000:00000000       __arm64x_extra_rfe_table   0000000000000000     <absolute>
 0000:00000000       __arm64x_extra_rfe_table_size 0000000000000000     <absolute>
 0000:00000000       __arm64x_native_entrypoint 0000000000000000     <absolute>
 0000:00000000       __arm64x_redirection_metadata 0000000000000000     <absolute>
 0000:00000000       __arm64x_redirection_metadata_count 0000000000000000     <absolute>
 0000:00000000       __dynamic_value_reloc_table 0000000000000000     <absolute>
 0000:00000000       __enclave_config           0000000000000000     <absolute>
 0000:00000000       __guard_check_icall_a64n_fptr 0000000000000000     <absolute>
 0000:00000000       __guard_eh_cont_count      0000000000000000     <absolute>
 0000:00000000       __guard_eh_cont_table      0000000000000000     <absolute>
 0000:00000000       __guard_fids_count         0000000000000000     <absolute>
 0000:00000000       __guard_fids_table         0000000000000000     <absolute>
 0000:00000000       __guard_iat_count          0000000000000000     <absolute>
 0000:00000000       __guard_iat_table          0000000000000000     <absolute>
 0000:00000000       __guard_longjmp_count      0000000000000000     <absolute>
 0000:00000000       __guard_longjmp_table      0000000000000000     <absolute>
 0000:00000000       __hybrid_auxiliary_delayload_iat 0000000000000000     <absolute>
 0000:00000000       __hybrid_auxiliary_delayload_iat_copy 0000000000000000     <absolute>
 0000:00000000       __hybrid_auxiliary_iat     0000000000000000     <absolute>
 0000:00000000       __hybrid_auxiliary_iat_copy 0000000000000000     <absolute>
 0000:00000000       __hybrid_code_map          0000000000000000     <absolute>
 0000:00000000       __hybrid_code_map_count    0000000000000000     <absolute>
 0000:00000000       __hybrid_image_info_bitfield 0000000000000000     <absolute>
 0000:00000000       __x64_code_ranges_to_entry_points 0000000000000000     <absolute>
 0000:00000000       __x64_code_ranges_to_entry_points_count 0000000000000000     <absolute>
 0000:00000100       __guard_flags              0000000000000100     <absolute>
 0000:00000000       __ImageBase                0000000180000000     <linker-defined>
 0001:00000000       adler32_z                  0000000180001000 f   adler32.obj
 0001:000002e0       adler32                    00000001800012e0 f   adler32.obj
 0001:000003d0       adler32_combine            00000001800013d0 f   adler32.obj
 0001:000003e0       compress2                  00000001800013e0 f   compress.obj
 0001:000004e0       compress                   00000001800014e0 f   compress.obj
 0001:00000500       compressBound              0000000180001500 f   compress.obj
 0001:00000520       get_crc_table              0000000180001520 f   crc32.obj
 0001:00000530       crc32_z                    0000000180001530 f   crc32.obj
 0001:00000540       crc32                      0000000180001540 f   crc32.obj
 0001:00000da0       crc32_combine              0000000180001da0 f   crc32.obj
 0001:00000e30       deflateInit_               0000000180001e30 f   deflate.obj
 0001:00000e70       deflateInit2_              0000000180001e70 f   deflate.obj
 0001:00001160       deflateSetDictionary       0000000180002160 f   deflate.obj
 0001:00001360       deflateGetDictionary       0000000180002360 f   deflate.obj
 0001:000013e0       deflateResetKeep           00000001800023e0 f   deflate.obj
 0001:00001490       deflateReset               0000000180002490 f   deflate.obj
 0001:000014c0       deflateSetHeader           00000001800024c0 f   deflate.obj
 0001:00001500       deflatePending             0000000180002500 f   deflate.obj
 0001:00001550       deflatePrime               0000000180002550 f   deflate.obj
 0001:00001600       deflateParams              0000000180002600 f   deflate.obj
 0001:00001770       deflateTune                0000000180002770 f   deflate.obj
 0001:000017c0       deflateBound               00000001800027c0 f   deflate.obj
 0001:00001990       deflate                    0000000180002990 f   deflate.obj
 0001:00002300       deflateEnd                 0000000180003300 f   deflate.obj
 0001:000023e0       deflateCopy                00000001800033e0 f   deflate.obj
 0001:00003d80       gzclose                    0000000180004d80 f   gzclose.obj
 0001:00003da0       __local_stdio_printf_options 0000000180004da0 f i gzlib.obj
 0001:00003db0       vsnprintf                  0000000180004db0 f i gzlib.obj
 0001:00003e20       snprintf                   0000000180004e20 f i gzlib.obj
 0001:00004200       gzopen                     0000000180005200 f   gzlib.obj
 0001:00004210       gzdopen                    0000000180005210 f   gzlib.obj
 0001:000042a0       gzopen_w                   00000001800052a0 f   gzlib.obj
 0001:000042b0       gzbuffer                   00000001800052b0 f   gzlib.obj
 0001:000042f0       gzrewind                   00000001800052f0 f   gzlib.obj
 0001:00004350       gzseek64                   0000000180005350 f   gzlib.obj
 0001:000044a0       gzseek                     00000001800054a0 f   gzlib.obj
 0001:000044d0       gztell64                   00000001800054d0 f   gzlib.obj
 0001:00004510       gztell                     0000000180005510 f   gzlib.obj
 0001:00004530       gzoffset64                 0000000180005530 f   gzlib.obj
 0001:00004590       gzoffset                   0000000180005590 f   gzlib.obj
 0001:000045b0       gzeof                      00000001800055b0 f   gzlib.obj
 0001:000045d0       gzerror                    00000001800055d0 f   gzlib.obj
 0001:00004620       gzclearerr                 0000000180005620 f   gzlib.obj
 0001:00004660       gz_error                   0000000180005660 f   gzlib.obj
 0001:00004e60       gzread                     0000000180005e60 f   gzread.obj
 0001:00004ed0       gzfread                    0000000180005ed0 f   gzread.obj
 0001:00004f50       gzgetc                     0000000180005f50 f   gzread.obj
 0001:00004fd0       gzgetc_                    0000000180005fd0 f   gzread.obj
 0001:00004fe0       gzungetc                   0000000180005fe0 f   gzread.obj
 0001:00005100       gzgets                     0000000180006100 f   gzread.obj
 0001:00005230       gzdirect                   0000000180006230 f   gzread.obj
 0001:00005270       gzclose_r                  0000000180006270 f   gzread.obj
 0001:00005800       gzwrite                    0000000180006800 f   gzwrite.obj
 0001:00005850       gzfwrite                   0000000180006850 f   gzwrite.obj
 0001:000058d0       gzputc                     00000001800068d0 f   gzwrite.obj
 0001:000059a0       gzputs                     00000001800069a0 f   gzwrite.obj
 0001:00005a10       gzvprintf                  0000000180006a10 f   gzwrite.obj
 0001:00005ba0       gzprintf                   0000000180006ba0 f   gzwrite.obj
 0001:00005bd0       gzflush                    0000000180006bd0 f   gzwrite.obj
 0001:00005c40       gzsetparams                0000000180006c40 f   gzwrite.obj
 0001:00005d40       gzclose_w                  0000000180006d40 f   gzwrite.obj
 0001:00005e10       inflateBackInit_           0000000180006e10 f   infback.obj
 0001:00005f60       inflateBack                0000000180006f60 f   infback.obj
 0001:00006ef0       inflateBackEnd             0000000180007ef0 f   infback.obj
 0001:00006f40       inflate_fast               0000000180007f40 f   inffast.obj
 0001:000074a0       inflateResetKeep           00000001800084a0 f   inflate.obj
 0001:00007530       inflateReset               0000000180008530 f   inflate.obj
 0001:00007560       inflateReset2              0000000180008560 f   inflate.obj
 0001:00007600       inflateInit2_              0000000180008600 f   inflate.obj
 0001:00007700       inflateInit_               0000000180008700 f   inflate.obj
 0001:00007710       inflatePrime               0000000180008710 f   inflate.obj
 0001:000078b0       inflate                    00000001800088b0 f   inflate.obj
 0001:000090b0       inflateEnd                 000000018000a0b0 f   inflate.obj
 0001:00009110       inflateGetDictionary       000000018000a110 f   inflate.obj
 0001:000091a0       inflateSetDictionary       000000018000a1a0 f   inflate.obj
 0001:00009260       inflateGetHeader           000000018000a260 f   inflate.obj
 0001:00009310       inflateSync                000000018000a310 f   inflate.obj
 0001:00009440       inflateSyncPoint           000000018000a440 f   inflate.obj
 0001:00009480       inflateCopy                000000018000a480 f   inflate.obj
 0001:00009630       inflateUndermine           000000018000a630 f   inflate.obj
 0001:00009660       inflateValidate            000000018000a660 f   inflate.obj
 0001:000096a0       inflateMark                000000018000a6a0 f   inflate.obj
 0001:00009710       inflateCodesUsed           000000018000a710 f   inflate.obj
 0001:00009750       inflate_table              000000018000a750 f   inftrees.obj
 0001:00009cf0       call_zopen64               000000018000acf0 f   ioapi.obj
 0001:00009d10       call_zseek64               000000018000ad10 f   ioapi.obj
 0001:00009d40       call_ztell64               000000018000ad40 f   ioapi.obj
 0001:00009d80       fill_zlib_filefunc64_32_def_from_filefunc32 000000018000ad80 f   ioapi.obj
 0001:00009f90       fill_fopen64_filefunc      000000018000af90 f   ioapi.obj
 0001:0000a0c0       win32_open64_file_func     000000018000b0c0 f   iowin32.obj
 0001:0000a140       win32_open64_file_funcA    000000018000b140 f   iowin32.obj
 0001:0000a1c0       win32_open64_file_funcW    000000018000b1c0 f   iowin32.obj
 0001:0000a240       win32_open_file_func       000000018000b240 f   iowin32.obj
 0001:0000a2c0       win32_read_file_func       000000018000b2c0 f   iowin32.obj
 0001:0000a330       win32_write_file_func      000000018000b330 f   iowin32.obj
 0001:0000a410       win32_tell_file_func       000000018000b410 f   iowin32.obj
 0001:0000a470       win32_tell64_file_func     000000018000b470 f   iowin32.obj
 0001:0000a4d0       win32_seek_file_func       000000018000b4d0 f   iowin32.obj
 0001:0000a550       win32_seek64_file_func     000000018000b550 f   iowin32.obj
 0001:0000a5d0       win32_close_file_func      000000018000b5d0 f   iowin32.obj
 0001:0000a610       win32_error_file_func      000000018000b610 f   iowin32.obj
 0001:0000a620       fill_win32_filefunc        000000018000b620 f   iowin32.obj
 0001:0000a680       fill_win32_filefunc64      000000018000b680 f   iowin32.obj
 0001:0000a6e0       fill_win32_filefunc64A     000000018000b6e0 f   iowin32.obj
 0001:0000a740       fill_win32_filefunc64W     000000018000b740 f   iowin32.obj
 0001:0000a7b0       _tr_init                   000000018000b7b0 f   trees.obj
 0001:0000b9e0       _tr_stored_block           000000018000c9e0 f   trees.obj
 0001:0000baf0       _tr_flush_bits             000000018000caf0 f   trees.obj
 0001:0000bb00       _tr_align                  000000018000cb00 f   trees.obj
 0001:0000bbf0       _tr_flush_block            000000018000cbf0 f   trees.obj
 0001:0000c400       uncompress2                000000018000d400 f   uncompr.obj
 0001:0000c560       uncompress                 000000018000d560 f   uncompr.obj
 0001:0000c930       unzStringFileNameCompare   000000018000d930 f   unzip.obj
 0001:0000d160       unzOpen2                   000000018000e160 f   unzip.obj
 0001:0000d1b0       unzOpen2_64                000000018000e1b0 f   unzip.obj
 0001:0000d210       unzOpen                    000000018000e210 f   unzip.obj
 0001:0000d220       unzOpen64                  000000018000e220 f   unzip.obj
 0001:0000d230       unzClose                   000000018000e230 f   unzip.obj
 0001:0000d280       unzGetGlobalInfo64         000000018000e280 f   unzip.obj
 0001:0000d2a0       unzGetGlobalInfo           000000018000e2a0 f   unzip.obj
 0001:0000d8a0       unzGetCurrentFileInfo64    000000018000e8a0 f   unzip.obj
 0001:0000d8f0       unzGetCurrentFileInfo      000000018000e8f0 f   unzip.obj
 0001:0000d9f0       unzGoToFirstFile           000000018000e9f0 f   unzip.obj
 0001:0000da70       unzGoToNextFile            000000018000ea70 f   unzip.obj
 0001:0000db30       unzLocateFile              000000018000eb30 f   unzip.obj
 0001:0000dd20       unzGetFilePos64            000000018000ed20 f   unzip.obj
 0001:0000dd60       unzGetFilePos              000000018000ed60 f   unzip.obj
 0001:0000dd90       unzGoToFilePos64           000000018000ed90 f   unzip.obj
 0001:0000de10       unzGoToFilePos             000000018000ee10 f   unzip.obj
 0001:0000e070       unzOpenCurrentFile3        000000018000f070 f   unzip.obj
 0001:0000e310       unzOpenCurrentFile         000000018000f310 f   unzip.obj
 0001:0000e330       unzOpenCurrentFilePassword 000000018000f330 f   unzip.obj
 0001:0000e350       unzOpenCurrentFile2        000000018000f350 f   unzip.obj
 0001:0000e370       unzGetCurrentFileZStreamPos64 000000018000f370 f   unzip.obj
 0001:0000e390       unzReadCurrentFile         000000018000f390 f   unzip.obj
 0001:0000e640       unztell                    000000018000f640 f   unzip.obj
 0001:0000e660       unztell64                  000000018000f660 f   unzip.obj
 0001:0000e690       unzeof                     000000018000f690 f   unzip.obj
 0001:0000e6c0       unzGetLocalExtrafield      000000018000f6c0 f   unzip.obj
 0001:0000e7b0       unzCloseCurrentFile        000000018000f7b0 f   unzip.obj
 0001:0000e870       unzGetGlobalComment        000000018000f870 f   unzip.obj
 0001:0000f4c0       LoadCentralDirectoryRecord 00000001800104c0 f   zip.obj
 0001:0000f880       zipOpen3                   0000000180010880 f   zip.obj
 0001:0000fa20       zipOpen2                   0000000180010a20 f   zip.obj
 0001:0000fa70       zipOpen2_64                0000000180010a70 f   zip.obj
 0001:0000fad0       zipOpen                    0000000180010ad0 f   zip.obj
 0001:0000fae0       zipOpen64                  0000000180010ae0 f   zip.obj
 0001:0000faf0       Write_LocalFileHeader      0000000180010af0 f   zip.obj
 0001:0000fd60       zipOpenNewFileInZip4_64    0000000180010d60 f   zip.obj
 0001:00010310       zipOpenNewFileInZip3       0000000180011310 f   zip.obj
 0001:000103c0       zipOpenNewFileInZip3_64    00000001800113c0 f   zip.obj
 0001:00010480       zipOpenNewFileInZip2       0000000180011480 f   zip.obj
 0001:00010510       zipOpenNewFileInZip2_64    0000000180011510 f   zip.obj
 0001:000105b0       zipOpenNewFileInZip64      00000001800115b0 f   zip.obj
 0001:00010640       zipOpenNewFileInZip        0000000180011640 f   zip.obj
 0001:000107b0       zipWriteInFileInZip        00000001800117b0 f   zip.obj
 0001:00010920       zipCloseFileInZipRaw       0000000180011920 f   zip.obj
 0001:00010930       zipCloseFileInZipRaw64     0000000180011930 f   zip.obj
 0001:00010e40       zipCloseFileInZip          0000000180011e40 f   zip.obj
 0001:00010e50       Write_Zip64EndOfCentralDirectoryLocator 0000000180011e50 f   zip.obj
 0001:00010ee0       Write_Zip64EndOfCentralDirectoryRecord 0000000180011ee0 f   zip.obj
 0001:00011030       Write_EndOfCentralDirectoryRecord 0000000180012030 f   zip.obj
 0001:00011160       Write_GlobalComment        0000000180012160 f   zip.obj
 0001:000111f0       zipClose                   00000001800121f0 f   zip.obj
 0001:00011370       zlibVersion                0000000180012370 f   zutil.obj
 0001:00011380       zlibCompileFlags           0000000180012380 f   zutil.obj
 0001:00011390       zError                     0000000180012390 f   zutil.obj
 0001:000113b0       zcalloc                    00000001800123b0 f   zutil.obj
 0001:000113c0       zcfree                     00000001800123c0 f   zutil.obj
 0001:000113ca       ReadFile                   00000001800123ca f   kernel32:KERNEL32.dll
 0001:000113d0       WriteFile                  00000001800123d0 f   kernel32:KERNEL32.dll
 0001:000113d6       SetFilePointer             00000001800123d6 f   kernel32:KERNEL32.dll
 0001:000113dc       CreateFileW                00000001800123dc f   kernel32:KERNEL32.dll
 0001:000113e2       GetLastError               00000001800123e2 f   kernel32:KERNEL32.dll
 0001:000113e8       CreateFileA                00000001800123e8 f   kernel32:KERNEL32.dll
 0001:000113ee       CloseHandle                00000001800123ee f   kernel32:KERNEL32.dll
 0001:00011720       _CRT_INIT                  0000000180012720 f   MSVCRT:dll_dllmain.obj
 0001:00011728       _DllMainCRTStartup         0000000180012728 f   MSVCRT:dll_dllmain.obj
 0001:000117d4       __security_init_cookie     00000001800127d4 f   MSVCRT:gs_support.obj
 0001:00011880       DllMain                    0000000180012880 f   MSVCRT:dll_dllmain_stub.obj
 0001:000118a4       ?__scrt_initialize_type_info@@YAXXZ 00000001800128a4 f   MSVCRT:tncleanup.obj
 0001:000118b4       ?__scrt_uninitialize_type_info@@YAXXZ 00000001800128b4 f   MSVCRT:tncleanup.obj
 0001:000118c0       __local_stdio_scanf_options 00000001800128c0 f i MSVCRT:default_local_stdio_options.obj
 0001:000118c8       __scrt_initialize_default_local_stdio_options 00000001800128c8 f   MSVCRT:default_local_stdio_options.obj
 0001:000118e4       ?configure_argv@__scrt_narrow_argv_policy@@SAHXZ 00000001800128e4 f i MSVCRT:utility.obj
 0001:00011944       ?initialize_environment@__scrt_narrow_environment_policy@@SAHXZ 0000000180012944 f i MSVCRT:utility.obj
 0001:0001197c       NtCurrentTeb               000000018001297c f i MSVCRT:utility.obj
 0001:00011988       __scrt_acquire_startup_lock 0000000180012988 f   MSVCRT:utility.obj
 0001:000119c4       __scrt_dllmain_after_initialize_c 00000001800129c4 f   MSVCRT:utility.obj
 0001:000119f8       __scrt_dllmain_before_initialize_c 00000001800129f8 f   MSVCRT:utility.obj
 0001:00011a10       __scrt_dllmain_crt_thread_attach 0000000180012a10 f   MSVCRT:utility.obj
 0001:00011a38       __scrt_dllmain_crt_thread_detach 0000000180012a38 f   MSVCRT:utility.obj
 0001:00011a50       __scrt_dllmain_exception_filter 0000000180012a50 f   MSVCRT:utility.obj
 0001:00011ab0       __scrt_dllmain_uninitialize_c 0000000180012ab0 f   MSVCRT:utility.obj
 0001:00011ae0       __scrt_dllmain_uninitialize_critical 0000000180012ae0 f   MSVCRT:utility.obj
 0001:00011af4       __scrt_initialize_crt      0000000180012af4 f   MSVCRT:utility.obj
 0001:00011b30       __scrt_initialize_onexit_tables 0000000180012b30 f   MSVCRT:utility.obj
 0001:00011bbc       __scrt_is_nonwritable_in_current_image 0000000180012bbc f   MSVCRT:utility.obj
 0001:00011c54       __scrt_release_startup_lock 0000000180012c54 f   MSVCRT:utility.obj
 0001:00011c78       __scrt_uninitialize_crt    0000000180012c78 f   MSVCRT:utility.obj
 0001:00011ca4       _onexit                    0000000180012ca4 f   MSVCRT:utility.obj
 0001:00011ce0       at_quick_exit              0000000180012ce0 f   MSVCRT:utility.obj
 0001:00011d00       atexit                     0000000180012d00 f   MSVCRT:utility.obj
 0001:00011d18       __scrt_get_dyn_tls_init_callback 0000000180012d18 f   MSVCRT:dyn_tls_init.obj
 0001:00011d20       __crt_debugger_hook        0000000180012d20 f   MSVCRT:utility_desktop.obj
 0001:00011d28       __scrt_fastfail            0000000180012d28 f   MSVCRT:utility_desktop.obj
 0001:00011e70       __scrt_get_show_window_mode 0000000180012e70 f   MSVCRT:utility_desktop.obj
 0001:00011eac       __scrt_initialize_mta      0000000180012eac f   MSVCRT:utility_desktop.obj
 0001:00011eb4       __scrt_initialize_winrt    0000000180012eb4 f   MSVCRT:utility_desktop.obj
 0001:00011eb8       __scrt_is_managed_app      0000000180012eb8 f   MSVCRT:utility_desktop.obj
 0001:00011f0c       __scrt_set_unhandled_exception_filter 0000000180012f0c f   MSVCRT:utility_desktop.obj
 0001:00011f1c       __scrt_exe_initialize_mta  0000000180012f1c f   MSVCRT:utility_desktop.obj
 0001:00011f1c       __scrt_stub_for_initialize_mta 0000000180012f1c f   MSVCRT:utility_desktop.obj
 0001:00011f20       __scrt_unhandled_exception_filter 0000000180012f20 f   MSVCRT:utility_desktop.obj
 0001:00011f7c       _RTC_Initialize            0000000180012f7c f   MSVCRT:initsect.obj
 0001:00011fb8       _RTC_Terminate             0000000180012fb8 f   MSVCRT:initsect.obj
 0001:00011ff4       _guard_check_icall_nop     0000000180012ff4 f i MSVCRT:guard_support.obj
 0001:00011ff8       ReadNoFence64              0000000180012ff8 f i MSVCRT:guard_support.obj
 0001:00011ffc       ReadPointerNoFence         0000000180012ffc f i MSVCRT:guard_support.obj
 0001:00012000       __castguard_check_failure_debugbreak 0000000180013000 f i MSVCRT:guard_support.obj
 0001:0001201c       __castguard_check_failure_fastfail 000000018001301c f i MSVCRT:guard_support.obj
 0001:00012040       __castguard_check_failure_nop 0000000180013040 f i MSVCRT:guard_support.obj
 0001:00012044       __castguard_check_failure_os_handled 0000000180013044 f i MSVCRT:guard_support.obj
 0001:00012090       __castguard_check_failure_user_handled 0000000180013090 f i MSVCRT:guard_support.obj
 0001:00012104       __castguard_set_user_handler 0000000180013104 f i MSVCRT:guard_support.obj
 0001:00012110       __castguard_slow_path_check_debugbreak 0000000180013110 f i MSVCRT:guard_support.obj
 0001:00012144       __castguard_slow_path_check_fastfail 0000000180013144 f i MSVCRT:guard_support.obj
 0001:00012180       __castguard_slow_path_check_nop 0000000180013180 f i MSVCRT:guard_support.obj
 0001:00012184       __castguard_slow_path_check_os_handled 0000000180013184 f i MSVCRT:guard_support.obj
 0001:000121d0       __castguard_slow_path_check_user_handled 00000001800131d0 f i MSVCRT:guard_support.obj
 0001:0001223c       _guard_icall_checks_enforced 000000018001323c f i MSVCRT:guard_support.obj
 0001:00012254       _guard_rf_checks_enforced  0000000180013254 f i MSVCRT:guard_support.obj
 0001:00012258       __isa_available_init       0000000180013258 f   MSVCRT:cpu_disp.obj
 0001:00012524       _get_startup_argv_mode     0000000180013524 f   MSVCRT:argv_mode.obj
 0001:0001252c       __scrt_is_ucrt_dll_in_use  000000018001352c f   MSVCRT:ucrt_detection.obj
 0001:00012540       __C_specific_handler       0000000180013540 f   vcruntime:VCRUNTIME140.dll
 0001:00012546       __std_type_info_destroy_list 0000000180013546 f   vcruntime:VCRUNTIME140.dll
 0001:0001254c       __current_exception        000000018001354c f   vcruntime:VCRUNTIME140.dll
 0001:00012552       __current_exception_context 0000000180013552 f   vcruntime:VCRUNTIME140.dll
 0001:00012558       memset                     0000000180013558 f   vcruntime:VCRUNTIME140.dll
 0001:0001255e       _lseeki64                  000000018001355e f   ucrt:api-ms-win-crt-stdio-l1-1-0.dll
 0001:00012564       _wopen                     0000000180013564 f   ucrt:api-ms-win-crt-stdio-l1-1-0.dll
 0001:0001256a       _open                      000000018001356a f   ucrt:api-ms-win-crt-stdio-l1-1-0.dll
 0001:00012570       wcstombs                   0000000180013570 f   ucrt:api-ms-win-crt-convert-l1-1-0.dll
 0001:00012576       __stdio_common_vsprintf    0000000180013576 f   ucrt:api-ms-win-crt-stdio-l1-1-0.dll
 0001:0001257c       free                       000000018001357c f   ucrt:api-ms-win-crt-heap-l1-1-0.dll
 0001:00012582       malloc                     0000000180013582 f   ucrt:api-ms-win-crt-heap-l1-1-0.dll
 0001:00012588       _read                      0000000180013588 f   ucrt:api-ms-win-crt-stdio-l1-1-0.dll
 0001:0001258e       _close                     000000018001358e f   ucrt:api-ms-win-crt-stdio-l1-1-0.dll
 0001:00012594       _errno                     0000000180013594 f   ucrt:api-ms-win-crt-runtime-l1-1-0.dll
 0001:0001259a       strerror                   000000018001359a f   ucrt:api-ms-win-crt-runtime-l1-1-0.dll
 0001:000125a0       _write                     00000001800135a0 f   ucrt:api-ms-win-crt-stdio-l1-1-0.dll
 0001:000125a6       ftell                      00000001800135a6 f   ucrt:api-ms-win-crt-stdio-l1-1-0.dll
 0001:000125ac       ferror                     00000001800135ac f   ucrt:api-ms-win-crt-stdio-l1-1-0.dll
 0001:000125b2       fopen                      00000001800135b2 f   ucrt:api-ms-win-crt-stdio-l1-1-0.dll
 0001:000125b8       fclose                     00000001800135b8 f   ucrt:api-ms-win-crt-stdio-l1-1-0.dll
 0001:000125be       fseek                      00000001800135be f   ucrt:api-ms-win-crt-stdio-l1-1-0.dll
 0001:000125c4       fwrite                     00000001800135c4 f   ucrt:api-ms-win-crt-stdio-l1-1-0.dll
 0001:000125ca       _ftelli64                  00000001800135ca f   ucrt:api-ms-win-crt-stdio-l1-1-0.dll
 0001:000125d0       fread                      00000001800135d0 f   ucrt:api-ms-win-crt-stdio-l1-1-0.dll
 0001:000125d6       _fseeki64                  00000001800135d6 f   ucrt:api-ms-win-crt-stdio-l1-1-0.dll
 0001:000125dc       srand                      00000001800135dc f   ucrt:api-ms-win-crt-utility-l1-1-0.dll
 0001:000125e2       rand                       00000001800135e2 f   ucrt:api-ms-win-crt-utility-l1-1-0.dll
 0001:000125e8       _time64                    00000001800135e8 f   ucrt:api-ms-win-crt-time-l1-1-0.dll
 0001:000125ee       _initterm                  00000001800135ee f   ucrt:api-ms-win-crt-runtime-l1-1-0.dll
 0001:000125f4       _initterm_e                00000001800135f4 f   ucrt:api-ms-win-crt-runtime-l1-1-0.dll
 0001:000125fa       _seh_filter_dll            00000001800135fa f   ucrt:api-ms-win-crt-runtime-l1-1-0.dll
 0001:00012600       _configure_narrow_argv     0000000180013600 f   ucrt:api-ms-win-crt-runtime-l1-1-0.dll
 0001:00012606       _initialize_narrow_environment 0000000180013606 f   ucrt:api-ms-win-crt-runtime-l1-1-0.dll
 0001:0001260c       _initialize_onexit_table   000000018001360c f   ucrt:api-ms-win-crt-runtime-l1-1-0.dll
 0001:00012612       _register_onexit_function  0000000180013612 f   ucrt:api-ms-win-crt-runtime-l1-1-0.dll
 0001:00012618       _execute_onexit_table      0000000180013618 f   ucrt:api-ms-win-crt-runtime-l1-1-0.dll
 0001:0001261e       _crt_atexit                000000018001361e f   ucrt:api-ms-win-crt-runtime-l1-1-0.dll
 0001:00012624       _crt_at_quick_exit         0000000180013624 f   ucrt:api-ms-win-crt-runtime-l1-1-0.dll
 0001:0001262a       _cexit                     000000018001362a f   ucrt:api-ms-win-crt-runtime-l1-1-0.dll
 0001:00012630       terminate                  0000000180013630 f   ucrt:api-ms-win-crt-runtime-l1-1-0.dll
 0001:00012636       QueryPerformanceCounter    0000000180013636 f   kernel32:KERNEL32.dll
 0001:0001263c       GetCurrentProcessId        000000018001363c f   kernel32:KERNEL32.dll
 0001:00012642       GetCurrentThreadId         0000000180013642 f   kernel32:KERNEL32.dll
 0001:00012648       GetSystemTimeAsFileTime    0000000180013648 f   kernel32:KERNEL32.dll
 0001:0001264e       DisableThreadLibraryCalls  000000018001364e f   kernel32:KERNEL32.dll
 0001:00012654       InitializeSListHead        0000000180013654 f   kernel32:KERNEL32.dll
 0001:0001265a       RtlCaptureContext          000000018001365a f   kernel32:KERNEL32.dll
 0001:00012660       RtlLookupFunctionEntry     0000000180013660 f   kernel32:KERNEL32.dll
 0001:00012666       RtlVirtualUnwind           0000000180013666 f   kernel32:KERNEL32.dll
 0001:0001266c       IsDebuggerPresent          000000018001366c f   kernel32:KERNEL32.dll
 0001:00012672       UnhandledExceptionFilter   0000000180013672 f   kernel32:KERNEL32.dll
 0001:00012678       SetUnhandledExceptionFilter 0000000180013678 f   kernel32:KERNEL32.dll
 0001:0001267e       GetStartupInfoW            000000018001367e f   kernel32:KERNEL32.dll
 0001:00012684       IsProcessorFeaturePresent  0000000180013684 f   kernel32:KERNEL32.dll
 0001:0001268a       GetModuleHandleW           000000018001368a f   kernel32:KERNEL32.dll
 0001:00012690       __acrt_initialize          0000000180013690 f   MSVCRT:ucrt_stubs.obj
 0001:00012690       __scrt_stub_for_acrt_initialize 0000000180013690 f   MSVCRT:ucrt_stubs.obj
 0001:00012690       __vcrt_initialize          0000000180013690 f   MSVCRT:ucrt_stubs.obj
 0001:00012694       __acrt_thread_attach       0000000180013694 f   MSVCRT:ucrt_stubs.obj
 0001:00012694       __scrt_stub_for_acrt_thread_attach 0000000180013694 f   MSVCRT:ucrt_stubs.obj
 0001:00012694       __vcrt_thread_attach       0000000180013694 f   MSVCRT:ucrt_stubs.obj
 0001:00012698       __acrt_thread_detach       0000000180013698 f   MSVCRT:ucrt_stubs.obj
 0001:00012698       __scrt_stub_for_acrt_thread_detach 0000000180013698 f   MSVCRT:ucrt_stubs.obj
 0001:00012698       __vcrt_thread_detach       0000000180013698 f   MSVCRT:ucrt_stubs.obj
 0001:0001269c       __acrt_uninitialize        000000018001369c f   MSVCRT:ucrt_stubs.obj
 0001:0001269c       __scrt_stub_for_acrt_uninitialize 000000018001369c f   MSVCRT:ucrt_stubs.obj
 0001:0001269c       __vcrt_uninitialize        000000018001369c f   MSVCRT:ucrt_stubs.obj
 0001:000126a0       __acrt_uninitialize_critical 00000001800136a0 f   MSVCRT:ucrt_stubs.obj
 0001:000126a0       __scrt_stub_for_acrt_uninitialize_critical 00000001800136a0 f   MSVCRT:ucrt_stubs.obj
 0001:000126a0       __vcrt_uninitialize_critical 00000001800136a0 f   MSVCRT:ucrt_stubs.obj
 0001:000126a4       __scrt_stub_for_is_c_termination_complete 00000001800136a4 f   MSVCRT:ucrt_stubs.obj
 0001:000126a4       _is_c_termination_complete 00000001800136a4 f   MSVCRT:ucrt_stubs.obj
 0001:000126c0       __chkstk                   00000001800136c0 f   MSVCRT:chkstk.obj
 0001:000126c0       _alloca_probe              00000001800136c0 f   MSVCRT:chkstk.obj
 0001:0001270e       memchr                     000000018001370e f   vcruntime:VCRUNTIME140.dll
 0001:00012714       memcpy                     0000000180013714 f   vcruntime:VCRUNTIME140.dll
 0001:00012730       _guard_dispatch_icall_nop  0000000180013730 f   MSVCRT:guard_dispatch.obj
 0001:00012750       _guard_xfg_dispatch_icall_nop 0000000180013750 f   MSVCRT:guard_xfg_dispatch.obj
 0002:00000000       __imp_ReadFile             0000000180014000     kernel32:KERNEL32.dll
 0002:00000008       __imp_WriteFile            0000000180014008     kernel32:KERNEL32.dll
 0002:00000010       __imp_SetFilePointer       0000000180014010     kernel32:KERNEL32.dll
 0002:00000018       __imp_CreateFileW          0000000180014018     kernel32:KERNEL32.dll
 0002:00000020       __imp_GetLastError         0000000180014020     kernel32:KERNEL32.dll
 0002:00000028       __imp_CreateFileA          0000000180014028     kernel32:KERNEL32.dll
 0002:00000030       __imp_CloseHandle          0000000180014030     kernel32:KERNEL32.dll
 0002:00000038       __imp_GetCurrentProcessId  0000000180014038     kernel32:KERNEL32.dll
 0002:00000040       __imp_GetCurrentThreadId   0000000180014040     kernel32:KERNEL32.dll
 0002:00000048       __imp_GetSystemTimeAsFileTime 0000000180014048     kernel32:KERNEL32.dll
 0002:00000050       __imp_DisableThreadLibraryCalls 0000000180014050     kernel32:KERNEL32.dll
 0002:00000058       __imp_InitializeSListHead  0000000180014058     kernel32:KERNEL32.dll
 0002:00000060       __imp_RtlCaptureContext    0000000180014060     kernel32:KERNEL32.dll
 0002:00000068       __imp_RtlLookupFunctionEntry 0000000180014068     kernel32:KERNEL32.dll
 0002:00000070       __imp_GetModuleHandleW     0000000180014070     kernel32:KERNEL32.dll
 0002:00000078       __imp_IsProcessorFeaturePresent 0000000180014078     kernel32:KERNEL32.dll
 0002:00000080       __imp_GetStartupInfoW      0000000180014080     kernel32:KERNEL32.dll
 0002:00000088       __imp_SetUnhandledExceptionFilter 0000000180014088     kernel32:KERNEL32.dll
 0002:00000090       __imp_UnhandledExceptionFilter 0000000180014090     kernel32:KERNEL32.dll
 0002:00000098       __imp_IsDebuggerPresent    0000000180014098     kernel32:KERNEL32.dll
 0002:000000a0       __imp_RtlVirtualUnwind     00000001800140a0     kernel32:KERNEL32.dll
 0002:000000a8       __imp_QueryPerformanceCounter 00000001800140a8     kernel32:KERNEL32.dll
 0002:000000b0       \177KERNEL32_NULL_THUNK_DATA 00000001800140b0     kernel32:KERNEL32.dll
 0002:000000b8       __imp___current_exception  00000001800140b8     vcruntime:VCRUNTIME140.dll
 0002:000000c0       __imp___std_type_info_destroy_list 00000001800140c0     vcruntime:VCRUNTIME140.dll
 0002:000000c8       __imp___C_specific_handler 00000001800140c8     vcruntime:VCRUNTIME140.dll
 0002:000000d0       __imp___current_exception_context 00000001800140d0     vcruntime:VCRUNTIME140.dll
 0002:000000d8       __imp_memset               00000001800140d8     vcruntime:VCRUNTIME140.dll
 0002:000000e0       __imp_memchr               00000001800140e0     vcruntime:VCRUNTIME140.dll
 0002:000000e8       __imp_memcpy               00000001800140e8     vcruntime:VCRUNTIME140.dll
 0002:000000f0       \177VCRUNTIME140_NULL_THUNK_DATA 00000001800140f0     vcruntime:VCRUNTIME140.dll
 0002:000000f8       __imp_wcstombs             00000001800140f8     ucrt:api-ms-win-crt-convert-l1-1-0.dll
 0002:00000100       \177api-ms-win-crt-convert-l1-1-0_NULL_THUNK_DATA 0000000180014100     ucrt:api-ms-win-crt-convert-l1-1-0.dll
 0002:00000108       __imp_free                 0000000180014108     ucrt:api-ms-win-crt-heap-l1-1-0.dll
 0002:00000110       __imp_malloc               0000000180014110     ucrt:api-ms-win-crt-heap-l1-1-0.dll
 0002:00000118       \177api-ms-win-crt-heap-l1-1-0_NULL_THUNK_DATA 0000000180014118     ucrt:api-ms-win-crt-heap-l1-1-0.dll
 0002:00000120       __imp_strerror             0000000180014120     ucrt:api-ms-win-crt-runtime-l1-1-0.dll
 0002:00000128       __imp__cexit               0000000180014128     ucrt:api-ms-win-crt-runtime-l1-1-0.dll
 0002:00000130       __imp__initterm            0000000180014130     ucrt:api-ms-win-crt-runtime-l1-1-0.dll
 0002:00000138       __imp__initterm_e          0000000180014138     ucrt:api-ms-win-crt-runtime-l1-1-0.dll
 0002:00000140       __imp__seh_filter_dll      0000000180014140     ucrt:api-ms-win-crt-runtime-l1-1-0.dll
 0002:00000148       __imp__configure_narrow_argv 0000000180014148     ucrt:api-ms-win-crt-runtime-l1-1-0.dll
 0002:00000150       __imp__initialize_narrow_environment 0000000180014150     ucrt:api-ms-win-crt-runtime-l1-1-0.dll
 0002:00000158       __imp__initialize_onexit_table 0000000180014158     ucrt:api-ms-win-crt-runtime-l1-1-0.dll
 0002:00000160       __imp__register_onexit_function 0000000180014160     ucrt:api-ms-win-crt-runtime-l1-1-0.dll
 0002:00000168       __imp__execute_onexit_table 0000000180014168     ucrt:api-ms-win-crt-runtime-l1-1-0.dll
 0002:00000170       __imp__crt_atexit          0000000180014170     ucrt:api-ms-win-crt-runtime-l1-1-0.dll
 0002:00000178       __imp__crt_at_quick_exit   0000000180014178     ucrt:api-ms-win-crt-runtime-l1-1-0.dll
 0002:00000180       __imp__errno               0000000180014180     ucrt:api-ms-win-crt-runtime-l1-1-0.dll
 0002:00000188       __imp_terminate            0000000180014188     ucrt:api-ms-win-crt-runtime-l1-1-0.dll
 0002:00000190       \177api-ms-win-crt-runtime-l1-1-0_NULL_THUNK_DATA 0000000180014190     ucrt:api-ms-win-crt-runtime-l1-1-0.dll
 0002:00000198       __imp__lseeki64            0000000180014198     ucrt:api-ms-win-crt-stdio-l1-1-0.dll
 0002:000001a0       __imp_fseek                00000001800141a0     ucrt:api-ms-win-crt-stdio-l1-1-0.dll
 0002:000001a8       __imp__wopen               00000001800141a8     ucrt:api-ms-win-crt-stdio-l1-1-0.dll
 0002:000001b0       __imp__open                00000001800141b0     ucrt:api-ms-win-crt-stdio-l1-1-0.dll
 0002:000001b8       __imp__ftelli64            00000001800141b8     ucrt:api-ms-win-crt-stdio-l1-1-0.dll
 0002:000001c0       __imp_fopen                00000001800141c0     ucrt:api-ms-win-crt-stdio-l1-1-0.dll
 0002:000001c8       __imp_ferror               00000001800141c8     ucrt:api-ms-win-crt-stdio-l1-1-0.dll
 0002:000001d0       __imp_ftell                00000001800141d0     ucrt:api-ms-win-crt-stdio-l1-1-0.dll
 0002:000001d8       __imp__write               00000001800141d8     ucrt:api-ms-win-crt-stdio-l1-1-0.dll
 0002:000001e0       __imp_fclose               00000001800141e0     ucrt:api-ms-win-crt-stdio-l1-1-0.dll
 0002:000001e8       __imp_fread                00000001800141e8     ucrt:api-ms-win-crt-stdio-l1-1-0.dll
 0002:000001f0       __imp__close               00000001800141f0     ucrt:api-ms-win-crt-stdio-l1-1-0.dll
 0002:000001f8       __imp__read                00000001800141f8     ucrt:api-ms-win-crt-stdio-l1-1-0.dll
 0002:00000200       __imp_fwrite               0000000180014200     ucrt:api-ms-win-crt-stdio-l1-1-0.dll
 0002:00000208       __imp__fseeki64            0000000180014208     ucrt:api-ms-win-crt-stdio-l1-1-0.dll
 0002:00000210       __imp___stdio_common_vsprintf 0000000180014210     ucrt:api-ms-win-crt-stdio-l1-1-0.dll
 0002:00000218       \177api-ms-win-crt-stdio-l1-1-0_NULL_THUNK_DATA 0000000180014218     ucrt:api-ms-win-crt-stdio-l1-1-0.dll
 0002:00000220       __imp__time64              0000000180014220     ucrt:api-ms-win-crt-time-l1-1-0.dll
 0002:00000228       \177api-ms-win-crt-time-l1-1-0_NULL_THUNK_DATA 0000000180014228     ucrt:api-ms-win-crt-time-l1-1-0.dll
 0002:00000230       __imp_srand                0000000180014230     ucrt:api-ms-win-crt-utility-l1-1-0.dll
 0002:00000238       __imp_rand                 0000000180014238     ucrt:api-ms-win-crt-utility-l1-1-0.dll
 0002:00000240       \177api-ms-win-crt-utility-l1-1-0_NULL_THUNK_DATA 0000000180014240     ucrt:api-ms-win-crt-utility-l1-1-0.dll
 0002:00000248       __guard_check_icall_fptr   0000000180014248     MSVCRT:guard_support.obj
 0002:00000250       __guard_xfg_check_icall_fptr 0000000180014250     MSVCRT:guard_support.obj
 0002:00000258       __guard_dispatch_icall_fptr 0000000180014258     MSVCRT:guard_support.obj
 0002:00000260       __guard_xfg_dispatch_icall_fptr 0000000180014260     MSVCRT:guard_support.obj
 0002:00000268       __guard_xfg_table_dispatch_icall_fptr 0000000180014268     MSVCRT:guard_support.obj
 0002:00000270       __castguard_check_failure_os_handled_fptr 0000000180014270     MSVCRT:guard_support.obj
 0002:00000278       __guard_memcpy_fptr        0000000180014278     vcruntime:softmemtag.obj
 0002:00000280       __xc_a                     0000000180014280     MSVCRT:initializers.obj
 0002:00000288       __xc_z                     0000000180014288     MSVCRT:initializers.obj
 0002:00000290       __xi_a                     0000000180014290     MSVCRT:initializers.obj
 0002:00000298       __xi_z                     0000000180014298     MSVCRT:initializers.obj
 0002:000002a0       __xp_a                     00000001800142a0     MSVCRT:initializers.obj
 0002:000002a8       __xp_z                     00000001800142a8     MSVCRT:initializers.obj
 0002:000002b0       __xt_a                     00000001800142b0     MSVCRT:initializers.obj
 0002:000002b8       __xt_z                     00000001800142b8     MSVCRT:initializers.obj
 0002:000002c0       _pDefaultRawDllMain        00000001800142c0     MSVCRT:dll_dllmain.obj
 0002:000002c0       _pRawDllMain               00000001800142c0     MSVCRT:dll_dllmain.obj
 0002:000002d0       __xmm@ffffffffffffffffffffffffffffffff 00000001800142d0     MSVCRT:utility.obj
 0002:000002e0       ??_C@_06CJNJFBNP@1?42?411@ 00000001800142e0     compress.obj
 0002:00003600       _length_code               0000000180017600     trees.obj
 0002:00003700       _dist_code                 0000000180017700     trees.obj
 0002:000040d0       unz_copyright              00000001800180d0     unzip.obj
 0002:00004130       z_errmsg                   0000000180018130     zutil.obj
 0002:00004180       ??_C@_02DKCKIIND@?$CFs@    0000000180018180     gzlib.obj
 0002:00004188       ??_C@_07EBNKNFJN@?$DMfd?3?$CFd?$DO@ 0000000180018188     gzlib.obj
 0002:00004190       ??_C@_0O@BNNCBLEN@out?5of?5memory@ 0000000180018190     gzlib.obj
 0002:0000419e       ??_C@_00CNPNBAHC@@         000000018001819e     gzlib.obj
 0002:000041a0       ??_C@_02LMMGGCAJ@?3?5@     00000001800181a0     gzlib.obj
 0002:000041a4       ??_C@_06DIJPEION@?$CFs?$CFs?$CFs@ 00000001800181a4     gzlib.obj
 0002:000041b0       ??_C@_0BH@CFIIDOJD@unexpected?5end?5of?5file@ 00000001800181b0     gzread.obj
 0002:000041c8       ??_C@_0CH@CPOLIEKA@internal?5error?3?5inflate?5stream?5@ 00000001800181c8     gzread.obj
 0002:000041f0       ??_C@_0BG@HCKBMIHF@compressed?5data?5error@ 00000001800181f0     gzread.obj
 0002:00004208       ??_C@_0BP@HLDABFKK@request?5does?5not?5fit?5in?5an?5int@ 0000000180018208     gzread.obj
 0002:00004228       ??_C@_0CB@EGGJDMIK@request?5does?5not?5fit?5in?5a?5size_@ 0000000180018228     gzread.obj
 0002:00004250       ??_C@_0BP@IIKIGMCC@out?5of?5room?5to?5push?5characters@ 0000000180018250     gzread.obj
 0002:00004270       ??_C@_0CH@DEEGAHIB@internal?5error?3?5deflate?5stream?5@ 0000000180018270     gzwrite.obj
 0002:00004298       ??_C@_0CF@MLPJFDMM@requested?5length?5does?5not?5fit?5i@ 0000000180018298     gzwrite.obj
 0002:000042c0       ??_C@_0BD@PJCBIDD@invalid?5block?5type@ 00000001800182c0     infback.obj
 0002:000042d8       ??_C@_0BN@LGAADGOK@invalid?5stored?5block?5lengths@ 00000001800182d8     infback.obj
 0002:000042f8       ??_C@_0CE@GMIGFPBB@too?5many?5length?5or?5distance?5sym@ 00000001800182f8     infback.obj
 0002:00004320       ??_C@_0BJ@HDEPPGOH@invalid?5code?5lengths?5set@ 0000000180018320     infback.obj
 0002:00004340       ??_C@_0BK@BMMPFBBH@invalid?5bit?5length?5repeat@ 0000000180018340     infback.obj
 0002:00004360       ??_C@_0CF@DGDMADCD@invalid?5code?5?9?9?5missing?5end?9of?9@ 0000000180018360     infback.obj
 0002:00004388       ??_C@_0BM@IIMGAINC@invalid?5literal?1lengths?5set@ 0000000180018388     infback.obj
 0002:000043a8       ??_C@_0BG@GMDFCBGP@invalid?5distances?5set@ 00000001800183a8     infback.obj
 0002:000043c0       ??_C@_0BM@FFFLPBBC@invalid?5literal?1length?5code@ 00000001800183c0     infback.obj
 0002:000043e0       ??_C@_0BG@LBKINIKP@invalid?5distance?5code@ 00000001800183e0     infback.obj
 0002:000043f8       ??_C@_0BO@ECPMAOGG@invalid?5distance?5too?5far?5back@ 00000001800183f8     infback.obj
 0002:00004418       ??_C@_0BH@LIBMMIGA@incorrect?5header?5check@ 0000000180018418     inflate.obj
 0002:00004430       ??_C@_0BL@IHKGDAEE@unknown?5compression?5method@ 0000000180018430     inflate.obj
 0002:00004450       ??_C@_0BE@EMOGCLGO@invalid?5window?5size@ 0000000180018450     inflate.obj
 0002:00004468       ??_C@_0BJ@BLBBCOMO@unknown?5header?5flags?5set@ 0000000180018468     inflate.obj
 0002:00004488       ??_C@_0BE@GONKLEPM@header?5crc?5mismatch@ 0000000180018488     inflate.obj
 0002:000044a0       ??_C@_0BF@MEIGEHBE@incorrect?5data?5check@ 00000001800184a0     inflate.obj
 0002:000044b8       ??_C@_0BH@FGKKJGOC@incorrect?5length?5check@ 00000001800184b8     inflate.obj
 0002:000044d0       ??_C@_02JDPG@rb@           00000001800184d0     ioapi.obj
 0002:000044d4       ??_C@_03HMFOOINA@r?$CLb@   00000001800184d4     ioapi.obj
 0002:000044d8       ??_C@_02GMLFBBN@wb@        00000001800184d8     ioapi.obj
 0002:000044dc       ??_C@_01JOAMLHOP@?9@       00000001800184dc     zip.obj
 0002:000044e0       ??_C@_0BA@MOKMMFOD@need?5dictionary@ 00000001800184e0     zutil.obj
 0002:000044f0       ??_C@_0L@FNAOCBOG@stream?5end@ 00000001800184f0     zutil.obj
 0002:00004500       ??_C@_0L@KIJFAKBJ@file?5error@ 0000000180018500     zutil.obj
 0002:00004510       ??_C@_0N@MKKNPMJD@stream?5error@ 0000000180018510     zutil.obj
 0002:00004520       ??_C@_0L@HAHMBNLP@data?5error@ 0000000180018520     zutil.obj
 0002:00004530       ??_C@_0BE@OGGJBMCE@insufficient?5memory@ 0000000180018530     zutil.obj
 0002:00004548       ??_C@_0N@DFPGLBGC@buffer?5error@ 0000000180018548     zutil.obj
 0002:00004558       ??_C@_0BF@CJFPCCEG@incompatible?5version@ 0000000180018558     zutil.obj
 0002:00004570       _load_config_used          0000000180018570     MSVCRT:loadcfg.obj
 0002:00004780       __CastGuardVftablesStart   0000000180018780     MSVCRT:guard_support.obj
 0002:00004800       __CastGuardVftablesEnd     0000000180018800     MSVCRT:guard_support.obj
 0002:00004880       __volatile_metadata        0000000180018880     <linker-defined>
 0002:00004c50       __rtc_iaa                  0000000180018c50     MSVCRT:initsect.obj
 0002:00004c58       __rtc_izz                  0000000180018c58     MSVCRT:initsect.obj
 0002:00004c60       __rtc_taa                  0000000180018c60     MSVCRT:initsect.obj
 0002:00004c68       __rtc_tzz                  0000000180018c68     MSVCRT:initsect.obj
 0002:000071cc       __IMPORT_DESCRIPTOR_KERNEL32 000000018001b1cc     kernel32:KERNEL32.dll
 0002:000071e0       __IMPORT_DESCRIPTOR_VCRUNTIME140 000000018001b1e0     vcruntime:VCRUNTIME140.dll
 0002:000071f4       __IMPORT_DESCRIPTOR_api-ms-win-crt-stdio-l1-1-0 000000018001b1f4     ucrt:api-ms-win-crt-stdio-l1-1-0.dll
 0002:00007208       __IMPORT_DESCRIPTOR_api-ms-win-crt-convert-l1-1-0 000000018001b208     ucrt:api-ms-win-crt-convert-l1-1-0.dll
 0002:0000721c       __IMPORT_DESCRIPTOR_api-ms-win-crt-heap-l1-1-0 000000018001b21c     ucrt:api-ms-win-crt-heap-l1-1-0.dll
 0002:00007230       __IMPORT_DESCRIPTOR_api-ms-win-crt-runtime-l1-1-0 000000018001b230     ucrt:api-ms-win-crt-runtime-l1-1-0.dll
 0002:00007244       __IMPORT_DESCRIPTOR_api-ms-win-crt-utility-l1-1-0 000000018001b244     ucrt:api-ms-win-crt-utility-l1-1-0.dll
 0002:00007258       __IMPORT_DESCRIPTOR_api-ms-win-crt-time-l1-1-0 000000018001b258     ucrt:api-ms-win-crt-time-l1-1-0.dll
 0002:0000726c       __NULL_IMPORT_DESCRIPTOR   000000018001b26c     kernel32:KERNEL32.dll
 0003:00000000       __scrt_native_dllmain_reason 000000018001c000     MSVCRT:utility.obj
 0003:00000040       __security_cookie          000000018001c040     MSVCRT:gs_cookie.obj
 0003:00000080       __security_cookie_complement 000000018001c080     MSVCRT:gs_cookie.obj
 0003:00000088       __isa_inverted             000000018001c088     MSVCRT:cpu_disp.obj
 0003:00000090       __isa_available            000000018001c090     MSVCRT:cpu_disp.obj
 0003:00000094       __isa_enabled              000000018001c094     MSVCRT:cpu_disp.obj
 0003:00000098       __memset_fast_string_threshold 000000018001c098     MSVCRT:cpu_disp.obj
 0003:000000a0       __memset_nt_threshold      000000018001c0a0     MSVCRT:cpu_disp.obj
 0003:000000b0       __scrt_ucrt_dll_is_in_use  000000018001c0b0     MSVCRT:ucrt_stubs.obj
 0003:000000d0       ?__type_info_root_node@@3U__type_info_node@@A 000000018001c0d0     MSVCRT:tncleanup.obj
 0003:000000e0       ?_OptionsStorage@?1??__local_stdio_printf_options@@9@4_KA 000000018001c0e0     MSVCRT:default_local_stdio_options.obj
 0003:000000e8       ?_OptionsStorage@?1??__local_stdio_scanf_options@@9@4_KA 000000018001c0e8     MSVCRT:default_local_stdio_options.obj
 0003:000000f0       __scrt_current_native_startup_state 000000018001c0f0     MSVCRT:utility.obj
 0003:000000f8       __scrt_native_startup_lock 000000018001c0f8     MSVCRT:utility.obj
 0003:00000138       __scrt_debugger_hook_flag  000000018001c138     MSVCRT:utility_desktop.obj
 0003:00000140       __castguard_check_failure_user_handled_fptr 000000018001c140     MSVCRT:guard_support.obj
 0003:00000148       __avx10_version            000000018001c148     MSVCRT:cpu_disp.obj
 0003:0000014c       __favor                    000000018001c14c     MSVCRT:cpu_disp.obj
 0003:00000158       __dyn_tls_init_callback    000000018001c158     <common>
 0003:00000160       ?_OptionsStorage@?1??__local_stdio_printf_options@@9@9 000000018001c160     <common>
 0003:00000168       ?_OptionsStorage@?1??__local_stdio_scanf_options@@9@9 000000018001c168     <common>

 entry point at        0001:00011728

 Static symbols

 0000:fffdf000       .debug$S                   0000000180000000     zlibwapi.exp
 0000:fffdf000       .debug$S                   0000000180000000     ucrt:api-ms-win-crt-convert-l1-1-0.dll
 0000:fffdf000       .debug$S                   0000000180000000     ucrt:api-ms-win-crt-heap-l1-1-0.dll
 0000:fffdf000       .debug$S                   0000000180000000     ucrt:api-ms-win-crt-heap-l1-1-0.dll
 0000:fffdf000       .debug$S                   0000000180000000     ucrt:api-ms-win-crt-runtime-l1-1-0.dll
 0000:fffdf000       .debug$S                   0000000180000000     ucrt:api-ms-win-crt-runtime-l1-1-0.dll
 0000:fffdf000       .debug$S                   0000000180000000     ucrt:api-ms-win-crt-runtime-l1-1-0.dll
 0000:fffdf000       .debug$S                   0000000180000000     ucrt:api-ms-win-crt-runtime-l1-1-0.dll
 0000:fffdf000       .debug$S                   0000000180000000     ucrt:api-ms-win-crt-runtime-l1-1-0.dll
 0000:fffdf000       .debug$S                   0000000180000000     ucrt:api-ms-win-crt-runtime-l1-1-0.dll
 0000:fffdf000       .debug$S                   0000000180000000     ucrt:api-ms-win-crt-runtime-l1-1-0.dll
 0000:fffdf000       .debug$S                   0000000180000000     ucrt:api-ms-win-crt-runtime-l1-1-0.dll
 0000:fffdf000       .debug$S                   0000000180000000     ucrt:api-ms-win-crt-runtime-l1-1-0.dll
 0000:fffdf000       .debug$S                   0000000180000000     ucrt:api-ms-win-crt-runtime-l1-1-0.dll
 0000:fffdf000       .debug$S                   0000000180000000     ucrt:api-ms-win-crt-runtime-l1-1-0.dll
 0000:fffdf000       .debug$S                   0000000180000000     ucrt:api-ms-win-crt-runtime-l1-1-0.dll
 0000:fffdf000       .debug$S                   0000000180000000     ucrt:api-ms-win-crt-runtime-l1-1-0.dll
 0000:fffdf000       .debug$S                   0000000180000000     ucrt:api-ms-win-crt-runtime-l1-1-0.dll
 0000:fffdf000       .debug$S                   0000000180000000     ucrt:api-ms-win-crt-stdio-l1-1-0.dll
 0000:fffdf000       .debug$S                   0000000180000000     ucrt:api-ms-win-crt-stdio-l1-1-0.dll
 0000:fffdf000       .debug$S                   0000000180000000     ucrt:api-ms-win-crt-stdio-l1-1-0.dll
 0000:fffdf000       .debug$S                   0000000180000000     ucrt:api-ms-win-crt-stdio-l1-1-0.dll
 0000:fffdf000       .debug$S                   0000000180000000     ucrt:api-ms-win-crt-stdio-l1-1-0.dll
 0000:fffdf000       .debug$S                   0000000180000000     ucrt:api-ms-win-crt-stdio-l1-1-0.dll
 0000:fffdf000       .debug$S                   0000000180000000     ucrt:api-ms-win-crt-stdio-l1-1-0.dll
 0000:fffdf000       .debug$S                   0000000180000000     ucrt:api-ms-win-crt-stdio-l1-1-0.dll
 0000:fffdf000       .debug$S                   0000000180000000     ucrt:api-ms-win-crt-stdio-l1-1-0.dll
 0000:fffdf000       .debug$S                   0000000180000000     ucrt:api-ms-win-crt-stdio-l1-1-0.dll
 0000:fffdf000       .debug$S                   0000000180000000     ucrt:api-ms-win-crt-stdio-l1-1-0.dll
 0000:fffdf000       .debug$S                   0000000180000000     ucrt:api-ms-win-crt-stdio-l1-1-0.dll
 0000:fffdf000       .debug$S                   0000000180000000     ucrt:api-ms-win-crt-stdio-l1-1-0.dll
 0000:fffdf000       .debug$S                   0000000180000000     ucrt:api-ms-win-crt-stdio-l1-1-0.dll
 0000:fffdf000       .debug$S                   0000000180000000     ucrt:api-ms-win-crt-stdio-l1-1-0.dll
 0000:fffdf000       .debug$S                   0000000180000000     ucrt:api-ms-win-crt-stdio-l1-1-0.dll
 0000:fffdf000       .debug$S                   0000000180000000     ucrt:api-ms-win-crt-time-l1-1-0.dll
 0000:fffdf000       .debug$S                   0000000180000000     ucrt:api-ms-win-crt-utility-l1-1-0.dll
 0000:fffdf000       .debug$S                   0000000180000000     ucrt:api-ms-win-crt-utility-l1-1-0.dll
 0000:fffdf000       .debug$S                   0000000180000000     kernel32:KERNEL32.dll
 0000:fffdf000       .debug$S                   0000000180000000     kernel32:KERNEL32.dll
 0000:fffdf000       .debug$S                   0000000180000000     kernel32:KERNEL32.dll
 0000:fffdf000       .debug$S                   0000000180000000     kernel32:KERNEL32.dll
 0000:fffdf000       .debug$S                   0000000180000000     kernel32:KERNEL32.dll
 0000:fffdf000       .debug$S                   0000000180000000     kernel32:KERNEL32.dll
 0000:fffdf000       .debug$S                   0000000180000000     kernel32:KERNEL32.dll
 0000:fffdf000       .debug$S                   0000000180000000     kernel32:KERNEL32.dll
 0000:fffdf000       .debug$S                   0000000180000000     kernel32:KERNEL32.dll
 0000:fffdf000       .debug$S                   0000000180000000     kernel32:KERNEL32.dll
 0000:fffdf000       .debug$S                   0000000180000000     kernel32:KERNEL32.dll
 0000:fffdf000       .debug$S                   0000000180000000     kernel32:KERNEL32.dll
 0000:fffdf000       .debug$S                   0000000180000000     kernel32:KERNEL32.dll
 0000:fffdf000       .debug$S                   0000000180000000     kernel32:KERNEL32.dll
 0000:fffdf000       .debug$S                   0000000180000000     kernel32:KERNEL32.dll
 0000:fffdf000       .debug$S                   0000000180000000     kernel32:KERNEL32.dll
 0000:fffdf000       .debug$S                   0000000180000000     kernel32:KERNEL32.dll
 0000:fffdf000       .debug$S                   0000000180000000     kernel32:KERNEL32.dll
 0000:fffdf000       .debug$S                   0000000180000000     kernel32:KERNEL32.dll
 0000:fffdf000       .debug$S                   0000000180000000     kernel32:KERNEL32.dll
 0000:fffdf000       .debug$S                   0000000180000000     kernel32:KERNEL32.dll
 0000:fffdf000       .debug$S                   0000000180000000     kernel32:KERNEL32.dll
 0000:00000000       _volmd                     0000000180000000     MSVCRT:cpu_disp.obj
 0002:fffec000       __guard_ehcont_?dllmain_dispatch@@YAHQEAUHINSTANCE__@@KQEAX@Z 0000000180000000     MSVCRT:dll_dllmain.obj
 0002:fffec000       __guard_fids_?dllmain_dispatch@@YAHQEAUHINSTANCE__@@KQEAX@Z 0000000180000000     MSVCRT:dll_dllmain.obj
 0002:fffec000       __guard_fids__             0000000180000000     MSVCRT:guard_support.obj
 0002:fffec000       __guard_fids__             0000000180000000     MSVCRT:guard_support.obj
 0002:fffec000       __guard_fids__guard_icall_checks_enforced 0000000180000000     MSVCRT:guard_support.obj
 0000:00000000       _volmd                     0000000180000000     MSVCRT:guard_support.obj
 0000:00000000       _volmd                     0000000180000000     MSVCRT:guard_support.obj
 0000:00000000       _volmd                     0000000180000000     MSVCRT:guard_support.obj
 0000:00000000       _volmd                     0000000180000000     MSVCRT:guard_support.obj
 0000:00000000       _volmd                     0000000180000000     MSVCRT:guard_support.obj
 0000:00000000       _volmd                     0000000180000000     MSVCRT:guard_support.obj
 0000:00000000       _volmd                     0000000180000000     MSVCRT:guard_support.obj
 0000:00000000       _volmd                     0000000180000000     MSVCRT:guard_support.obj
 0000:00000000       _volmd                     0000000180000000     MSVCRT:guard_support.obj
 0000:00000000       _volmd                     0000000180000000     MSVCRT:guard_support.obj
 0002:fffec000       __guard_ehcont___scrt_is_nonwritable_in_current_image 0000000180000000     MSVCRT:utility.obj
 0000:00000000       _volmd                     0000000180000000     MSVCRT:utility.obj
 0000:00000000       _volmd                     0000000180000000     MSVCRT:utility.obj
 0000:00000000       _volmd                     0000000180000000     MSVCRT:utility.obj
 0002:fffec000       __guard_fids___scrt_set_unhandled_exception_filter 0000000180000000     MSVCRT:utility_desktop.obj
 0000:00000000       _volmd                     0000000180000000     MSVCRT:utility_desktop.obj
 0002:fffec000       __guard_fids__             0000000180000000     vcruntime:softmemtag.obj
 0000:fffdf000       .debug$S                   0000000180000000     vcruntime:VCRUNTIME140.dll
 0000:fffdf000       .debug$S                   0000000180000000     vcruntime:VCRUNTIME140.dll
 0000:fffdf000       .debug$S                   0000000180000000     vcruntime:VCRUNTIME140.dll
 0000:fffdf000       .debug$S                   0000000180000000     vcruntime:VCRUNTIME140.dll
 0000:fffdf000       .debug$S                   0000000180000000     vcruntime:VCRUNTIME140.dll
 0000:fffdf000       .debug$S                   0000000180000000     vcruntime:VCRUNTIME140.dll
 0000:fffdf000       .debug$S                   0000000180000000     vcruntime:VCRUNTIME140.dll
 0001:000002f0       adler32_combine_           00000001800012f0 f   adler32.obj
 0001:00000550       crc32_little               0000000180001550 f   crc32.obj
 0001:00000860       crc32_big                  0000000180001860 f   crc32.obj
 0001:00000b90       gf2_matrix_times           0000000180001b90 f   crc32.obj
 0001:00000bb0       gf2_matrix_square          0000000180001bb0 f   crc32.obj
 0001:00000bf0       crc32_combine_             0000000180001bf0 f   crc32.obj
 0001:00000db0       slide_hash                 0000000180001db0 f   deflate.obj
 0001:00001100       deflateStateCheck          0000000180002100 f   deflate.obj
 0001:000018e0       putShortMSB                00000001800028e0 f   deflate.obj
 0001:00001910       flush_pending              0000000180002910 f   deflate.obj
 0001:00002600       read_buf                   0000000180003600 f   deflate.obj
 0001:000026a0       lm_init                    00000001800036a0 f   deflate.obj
 0001:00002750       longest_match              0000000180003750 f   deflate.obj
 0001:00002910       fill_window                0000000180003910 f   deflate.obj
 0001:00002b20       deflate_stored             0000000180003b20 f   deflate.obj
 0001:00002f30       deflate_fast               0000000180003f30 f   deflate.obj
 0001:00003370       deflate_slow               0000000180004370 f   deflate.obj
 0001:00003880       deflate_rle                0000000180004880 f   deflate.obj
 0001:00003bb0       deflate_huff               0000000180004bb0 f   deflate.obj
 0001:00003e80       gz_reset                   0000000180004e80 f   gzlib.obj
 0001:00003ed0       gz_open                    0000000180004ed0 f   gzlib.obj
 0001:0000417c       $LN60                      000000018000517c     gzlib.obj
 0001:000041a8       $LN59                      00000001800051a8     gzlib.obj
 0001:00004770       gz_load                    0000000180005770 f   gzread.obj
 0001:00004820       gz_avail                   0000000180005820 f   gzread.obj
 0001:000048b0       gz_look                    00000001800058b0 f   gzread.obj
 0001:00004a90       gz_decomp                  0000000180005a90 f   gzread.obj
 0001:00004bc0       gz_fetch                   0000000180005bc0 f   gzread.obj
 0001:00004c70       gz_skip                    0000000180005c70 f   gzread.obj
 0001:00004cf0       gz_read                    0000000180005cf0 f   gzread.obj
 0001:00005320       gz_init                    0000000180006320 f   gzwrite.obj
 0001:00005450       gz_comp                    0000000180006450 f   gzwrite.obj
 0001:00005620       gz_zero                    0000000180006620 f   gzwrite.obj
 0001:000056d0       gz_write                   00000001800066d0 f   gzwrite.obj
 0001:00005f30       fixedtables                0000000180006f30 f   infback.obj
 0001:00006e98       $LN485                     0000000180007e98     infback.obj
 0001:00007460       inflateStateCheck          0000000180008460 f   inflate.obj
 0001:00007770       fixedtables                0000000180008770 f   inflate.obj
 0001:000077a0       updatewindow               00000001800087a0 f   inflate.obj
 0001:00009030       $LN844                     000000018000a030     inflate.obj
 0001:000092a0       syncsearch                 000000018000a2a0 f   inflate.obj
 0001:00009dd0       fopen_file_func            000000018000add0 f   ioapi.obj
 0001:00009e20       fopen64_file_func          000000018000ae20 f   ioapi.obj
 0001:00009e70       fread_file_func            000000018000ae70 f   ioapi.obj
 0001:00009e90       fwrite_file_func           000000018000ae90 f   ioapi.obj
 0001:00009eb0       ftell_file_func            000000018000aeb0 f   ioapi.obj
 0001:00009ec0       ftell64_file_func          000000018000aec0 f   ioapi.obj
 0001:00009ed0       fseek_file_func            000000018000aed0 f   ioapi.obj
 0001:00009f20       fseek64_file_func          000000018000af20 f   ioapi.obj
 0001:00009f70       fclose_file_func           000000018000af70 f   ioapi.obj
 0001:00009f80       ferror_file_func           000000018000af80 f   ioapi.obj
 0001:00009ff0       win32_translate_open_mode  000000018000aff0 f   iowin32.obj
 0001:0000a050       win32_build_iowin          000000018000b050 f   iowin32.obj
 0001:0000a3a0       MySetFilePointerEx         000000018000b3a0 f   iowin32.obj
 0001:0000a7a0       tr_static_init             000000018000b7a0 f   trees.obj
 0001:0000a820       init_block                 000000018000b820 f   trees.obj
 0001:0000a9f0       pqdownheap                 000000018000b9f0 f   trees.obj
 0001:0000aae0       gen_bitlen                 000000018000bae0 f   trees.obj
 0001:0000ad00       gen_codes                  000000018000bd00 f   trees.obj
 0001:0000ae20       build_tree                 000000018000be20 f   trees.obj
 0001:0000b070       scan_tree                  000000018000c070 f   trees.obj
 0001:0000b180       send_tree                  000000018000c180 f   trees.obj
 0001:0000b680       build_bl_tree              000000018000c680 f   trees.obj
 0001:0000b750       send_all_trees             000000018000c750 f   trees.obj
 0001:0000be30       compress_block             000000018000ce30 f   trees.obj
 0001:0000c280       detect_data_type           000000018000d280 f   trees.obj
 0001:0000c300       bi_reverse                 000000018000d300 f   trees.obj
 0001:0000c320       bi_flush                   000000018000d320 f   trees.obj
 0001:0000c3a0       bi_windup                  000000018000d3a0 f   trees.obj
 0001:0000c580       unz64local_getByte         000000018000d580 f   unzip.obj
 0001:0000c5f0       unz64local_getShort        000000018000d5f0 f   unzip.obj
 0001:0000c670       unz64local_getLong         000000018000d670 f   unzip.obj
 0001:0000c740       unz64local_getLong64       000000018000d740 f   unzip.obj
 0001:0000c8c0       strcmpcasenosensitive_internal 000000018000d8c0 f   unzip.obj
 0001:0000c970       unz64local_SearchCentralDir 000000018000d970 f   unzip.obj
 0001:0000cae0       unz64local_SearchCentralDir64 000000018000dae0 f   unzip.obj
 0001:0000cd00       unzOpenInternal            000000018000dd00 f   unzip.obj
 0001:0000d2c0       unz64local_DosDateToTmuDate 000000018000e2c0 f   unzip.obj
 0001:0000d320       unz64local_GetCurrentFileInfoInternal 000000018000e320 f   unzip.obj
 0001:0000de50       unz64local_CheckCurrentFileCoherencyHeader 000000018000ee50 f   unzip.obj
 0001:0000e920       time                       000000018000f920 f   zip.obj
 0001:0000e930       decrypt_byte               000000018000f930 f   zip.obj
 0001:0000e950       update_keys                000000018000f950 f   zip.obj
 0001:0000e9b0       init_keys                  000000018000f9b0 f   zip.obj
 0001:0000ea20       crypthead                  000000018000fa20 f   zip.obj
 0001:0000eb70       allocate_new_datablock     000000018000fb70 f   zip.obj
 0001:0000eba0       free_datablock             000000018000fba0 f   zip.obj
 0001:0000ebd0       init_linkedlist            000000018000fbd0 f   zip.obj
 0001:0000ebe0       free_linkedlist            000000018000fbe0 f   zip.obj
 0001:0000ec00       add_data_in_datablock      000000018000fc00 f   zip.obj
 0001:0000ece0       zip64local_putValue        000000018000fce0 f   zip.obj
 0001:0000ed60       zip64local_putValue_inmemory 000000018000fd60 f   zip.obj
 0001:0000eda0       zip64local_TmzDateToDosDate 000000018000fda0 f   zip.obj
 0001:0000edf0       zip64local_getByte         000000018000fdf0 f   zip.obj
 0001:0000ee60       zip64local_getShort        000000018000fe60 f   zip.obj
 0001:0000eee0       zip64local_getLong         000000018000fee0 f   zip.obj
 0001:0000efb0       zip64local_getLong64       000000018000ffb0 f   zip.obj
 0001:0000f130       zip64local_SearchCentralDir 0000000180010130 f   zip.obj
 0001:0000f2a0       zip64local_SearchCentralDir64 00000001800102a0 f   zip.obj
 0001:000106d0       zip64FlushWriteBuffer      00000001800116d0 f   zip.obj
 0001:000113f4       ?dllmain_crt_dispatch@@YAHQEAUHINSTANCE__@@KQEAX@Z 00000001800123f4 f   MSVCRT:dll_dllmain.obj
 0001:00011444       ?dllmain_crt_process_attach@@YAHQEAUHINSTANCE__@@QEAX@Z 0000000180012444 f   MSVCRT:dll_dllmain.obj
 0001:0001155c       ?dllmain_crt_process_detach@@YAH_N@Z 000000018001255c f   MSVCRT:dll_dllmain.obj
 0001:000115dc       ?dllmain_dispatch@@YAHQEAUHINSTANCE__@@KQEAX@Z 00000001800125dc f   MSVCRT:dll_dllmain.obj
 0001:00011704       ?dllmain_raw@@YAHQEAUHINSTANCE__@@KQEAX@Z 0000000180012704 f   MSVCRT:dll_dllmain.obj
 0001:00011768       __get_entropy              0000000180012768 f   MSVCRT:gs_support.obj
 0001:000118f8       ?find_pe_section@@YAPEAU_IMAGE_SECTION_HEADER@@QEAE_K@Z 00000001800128f8 f   MSVCRT:utility.obj
 0001:0001194c       ?is_potentially_valid_image_base@@YA_NQEAX@Z 000000018001294c f   MSVCRT:utility.obj
 0001:00012078       __castguard_check_failure_os_handled_wrapper 0000000180013078 f   MSVCRT:guard_support.obj
 0001:000120c8       __castguard_check_failure_user_handled_wrapper 00000001800130c8 f   MSVCRT:guard_support.obj
 0001:000120e4       __castguard_compat_check   00000001800130e4 f   MSVCRT:guard_support.obj
 0001:00012220       __castguard_slow_path_compat_check 0000000180013220 f   MSVCRT:guard_support.obj
 0001:000126b0       $$000000                   00000001800136b0     MSVCRT:chkstk.obj
 0001:00012720       $$000000                   0000000180013720     MSVCRT:guard_dispatch.obj
 0001:00012740       $$000000                   0000000180013740     MSVCRT:guard_xfg_dispatch.obj
 0001:00012756       ?fin$0@?0??dllmain_crt_process_attach@@YAHQEAUHINSTANCE__@@QEAX@Z@4HA 0000000180013756 f   MSVCRT:dll_dllmain.obj
 0001:0001276d       ?fin$0@?0??dllmain_crt_process_detach@@YAH_N@Z@4HA 000000018001376d f   MSVCRT:dll_dllmain.obj
 0001:00012786       ?fin$1@?0??dllmain_crt_process_detach@@YAH_N@Z@4HA 0000000180013786 f   MSVCRT:dll_dllmain.obj
 0001:0001279a       ?filt$0@?0??dllmain_dispatch@@YAHQEAUHINSTANCE__@@KQEAX@Z@4HA 000000018001379a f   MSVCRT:dll_dllmain.obj
 0001:000127d0       __scrt_is_nonwritable_in_current_image$filt$0 00000001800137d0 f   MSVCRT:utility.obj
 0002:000002f0       crc_table                  00000001800142f0     crc32.obj
 0002:000022f0       ?my_version@?1??deflateInit2_@@9@9 00000001800162f0     deflate.obj
 0002:00002300       configuration_table        0000000180016300     deflate.obj
 0002:000023a0       ?lenfix@?1??fixedtables@@9@9 00000001800163a0     infback.obj
 0002:00002ba0       ?distfix@?1??fixedtables@@9@9 0000000180016ba0     infback.obj
 0002:00002c20       ?order@?1??inflateBack@@9@9 0000000180016c20     infback.obj
 0002:00002c50       ?lenfix@?1??fixedtables@@9@9 0000000180016c50     inflate.obj
 0002:00003450       ?distfix@?1??fixedtables@@9@9 0000000180017450     inflate.obj
 0002:000034d0       ?order@?1??inflate@@9@9    00000001800174d0     inflate.obj
 0002:00003500       ?dext@?1??inflate_table@@9@9 0000000180017500     inftrees.obj
 0002:00003540       ?lext@?1??inflate_table@@9@9 0000000180017540     inftrees.obj
 0002:00003580       ?lbase@?1??inflate_table@@9@9 0000000180017580     inftrees.obj
 0002:000035c0       ?dbase@?1??inflate_table@@9@9 00000001800175c0     inftrees.obj
 0002:00003900       static_dtree               0000000180017900     trees.obj
 0002:00003980       extra_blbits               0000000180017980     trees.obj
 0002:000039d0       extra_lbits                00000001800179d0     trees.obj
 0002:00003a50       base_dist                  0000000180017a50     trees.obj
 0002:00003ad0       base_length                0000000180017ad0     trees.obj
 0002:00003b48       static_l_desc              0000000180017b48     trees.obj
 0002:00003b68       static_bl_desc             0000000180017b68     trees.obj
 0002:00003b90       extra_dbits                0000000180017b90     trees.obj
 0002:00003c10       static_ltree               0000000180017c10     trees.obj
 0002:00004090       static_d_desc              0000000180018090     trees.obj
 0002:000040b0       bl_order                   00000001800180b0     trees.obj
 0002:00004c70       $unwind$adler32_combine_   0000000180018c70     adler32.obj
 0002:00004c78       $unwind$compress2          0000000180018c78     compress.obj
 0002:00004c90       $unwind$compress           0000000180018c90     compress.obj
 0002:00004c98       $unwind$crc32_little       0000000180018c98     crc32.obj
 0002:00004ca0       $chain$0$crc32_little      0000000180018ca0     crc32.obj
 0002:00004cb4       $chain$1$crc32_little      0000000180018cb4     crc32.obj
 0002:00004cc4       $unwind$crc32_big          0000000180018cc4     crc32.obj
 0002:00004ccc       $chain$0$crc32_big         0000000180018ccc     crc32.obj
 0002:00004ce0       $chain$1$crc32_big         0000000180018ce0     crc32.obj
 0002:00004cf0       $unwind$gf2_matrix_square  0000000180018cf0     crc32.obj
 0002:00004cf8       $unwind$crc32_combine_     0000000180018cf8     crc32.obj
 0002:00004d10       $unwind$slide_hash         0000000180018d10     deflate.obj
 0002:00004d18       $unwind$deflateInit_       0000000180018d18     deflate.obj
 0002:00004d20       $unwind$deflateInit2_      0000000180018d20     deflate.obj
 0002:00004d30       $chain$1$deflateInit2_     0000000180018d30     deflate.obj
 0002:00004d48       $chain$2$deflateInit2_     0000000180018d48     deflate.obj
 0002:00004d5c       $chain$3$deflateInit2_     0000000180018d5c     deflate.obj
 0002:00004d6c       $chain$5$deflateInit2_     0000000180018d6c     deflate.obj
 0002:00004d88       $chain$6$deflateInit2_     0000000180018d88     deflate.obj
 0002:00004da0       $chain$7$deflateInit2_     0000000180018da0     deflate.obj
 0002:00004db0       $unwind$deflateSetDictionary 0000000180018db0     deflate.obj
 0002:00004dc0       $chain$2$deflateSetDictionary 0000000180018dc0     deflate.obj
 0002:00004ddc       $chain$3$deflateSetDictionary 0000000180018ddc     deflate.obj
 0002:00004dec       $unwind$deflateGetDictionary 0000000180018dec     deflate.obj
 0002:00004df8       $unwind$deflateResetKeep   0000000180018df8     deflate.obj
 0002:00004e08       $unwind$deflateReset       0000000180018e08     deflate.obj
 0002:00004e14       $unwind$deflateSetHeader   0000000180018e14     deflate.obj
 0002:00004e1c       $unwind$deflatePending     0000000180018e1c     deflate.obj
 0002:00004e24       $unwind$deflatePrime       0000000180018e24     deflate.obj
 0002:00004e30       $unwind$deflateParams      0000000180018e30     deflate.obj
 0002:00004e48       $unwind$deflateTune        0000000180018e48     deflate.obj
 0002:00004e50       $unwind$deflateBound       0000000180018e50     deflate.obj
 0002:00004e58       $unwind$flush_pending      0000000180018e58     deflate.obj
 0002:00004e68       $chain$0$flush_pending     0000000180018e68     deflate.obj
 0002:00004e7c       $chain$1$flush_pending     0000000180018e7c     deflate.obj
 0002:00004e8c       $unwind$deflate            0000000180018e8c     deflate.obj
 0002:00004e98       $chain$4$deflate           0000000180018e98     deflate.obj
 0002:00004ebc       $chain$6$deflate           0000000180018ebc     deflate.obj
 0002:00004ee0       $chain$7$deflate           0000000180018ee0     deflate.obj
 0002:00004ef4       $chain$8$deflate           0000000180018ef4     deflate.obj
 0002:00004f04       $unwind$deflateEnd         0000000180018f04     deflate.obj
 0002:00004f18       $chain$4$deflateEnd        0000000180018f18     deflate.obj
 0002:00004f30       $chain$5$deflateEnd        0000000180018f30     deflate.obj
 0002:00004f44       $unwind$deflateCopy        0000000180018f44     deflate.obj
 0002:00004f4c       $chain$1$deflateCopy       0000000180018f4c     deflate.obj
 0002:00004f64       $chain$4$deflateCopy       0000000180018f64     deflate.obj
 0002:00004f80       $chain$6$deflateCopy       0000000180018f80     deflate.obj
 0002:00004f9c       $chain$7$deflateCopy       0000000180018f9c     deflate.obj
 0002:00004fac       $unwind$read_buf           0000000180018fac     deflate.obj
 0002:00004fc0       $unwind$lm_init            0000000180018fc0     deflate.obj
 0002:00004fcc       $unwind$longest_match      0000000180018fcc     deflate.obj
 0002:00004fe8       $unwind$fill_window        0000000180018fe8     deflate.obj
 0002:00004ffc       $unwind$deflate_stored     0000000180018ffc     deflate.obj
 0002:0000500c       $chain$0$deflate_stored    000000018001900c     deflate.obj
 0002:00005020       $chain$3$deflate_stored    0000000180019020     deflate.obj
 0002:0000503c       $chain$4$deflate_stored    000000018001903c     deflate.obj
 0002:00005050       $chain$5$deflate_stored    0000000180019050     deflate.obj
 0002:00005064       $unwind$deflate_fast       0000000180019064     deflate.obj
 0002:00005080       $unwind$deflate_slow       0000000180019080     deflate.obj
 0002:0000509c       $unwind$deflate_rle        000000018001909c     deflate.obj
 0002:000050b8       $unwind$deflate_huff       00000001800190b8     deflate.obj
 0002:000050c8       $unwind$vsnprintf          00000001800190c8     gzlib.obj
 0002:000050dc       $unwind$snprintf           00000001800190dc     gzlib.obj
 0002:000050ec       $unwind$gz_reset           00000001800190ec     gzlib.obj
 0002:000050f8       $unwind$gz_open            00000001800190f8     gzlib.obj
 0002:00005110       $chain$0$gz_open           0000000180019110     gzlib.obj
 0002:00005124       $chain$1$gz_open           0000000180019124     gzlib.obj
 0002:00005134       $chain$2$gz_open           0000000180019134     gzlib.obj
 0002:00005148       $chain$3$gz_open           0000000180019148     gzlib.obj
 0002:00005158       $unwind$gzdopen            0000000180019158     gzlib.obj
 0002:00005168       $unwind$gzrewind           0000000180019168     gzlib.obj
 0002:00005170       $unwind$gzseek64           0000000180019170     gzlib.obj
 0002:00005184       $unwind$gzseek             0000000180019184     gzlib.obj
 0002:0000518c       $unwind$gztell             000000018001918c     gzlib.obj
 0002:00005194       $unwind$gzoffset64         0000000180019194     gzlib.obj
 0002:0000519c       $unwind$gzoffset           000000018001919c     gzlib.obj
 0002:000051a4       $unwind$gz_error           00000001800191a4     gzlib.obj
 0002:000051b8       $unwind$gz_load            00000001800191b8     gzread.obj
 0002:000051d0       $unwind$gz_avail           00000001800191d0     gzread.obj
 0002:000051d8       $unwind$gz_look            00000001800191d8     gzread.obj
 0002:000051e8       $unwind$gz_decomp          00000001800191e8     gzread.obj
 0002:000051fc       $unwind$gz_fetch           00000001800191fc     gzread.obj
 0002:00005204       $unwind$gz_skip            0000000180019204     gzread.obj
 0002:00005210       $unwind$gz_read            0000000180019210     gzread.obj
 0002:0000522c       $unwind$gzread             000000018001922c     gzread.obj
 0002:00005234       $unwind$gzfread            0000000180019234     gzread.obj
 0002:0000523c       $unwind$gzgetc             000000018001923c     gzread.obj
 0002:00005244       $unwind$gzungetc           0000000180019244     gzread.obj
 0002:00005250       $unwind$gzgets             0000000180019250     gzread.obj
 0002:0000526c       $unwind$gzdirect           000000018001926c     gzread.obj
 0002:00005274       $unwind$gzclose_r          0000000180019274     gzread.obj
 0002:0000527c       $chain$1$gzclose_r         000000018001927c     gzread.obj
 0002:00005294       $chain$2$gzclose_r         0000000180019294     gzread.obj
 0002:000052a4       $unwind$gz_init            00000001800192a4     gzwrite.obj
 0002:000052b8       $unwind$gz_comp            00000001800192b8     gzwrite.obj
 0002:000052cc       $chain$1$gz_comp           00000001800192cc     gzwrite.obj
 0002:000052e0       $chain$2$gz_comp           00000001800192e0     gzwrite.obj
 0002:000052f0       $unwind$gz_zero            00000001800192f0     gzwrite.obj
 0002:00005304       $unwind$gz_write           0000000180019304     gzwrite.obj
 0002:0000531c       $unwind$gzwrite            000000018001931c     gzwrite.obj
 0002:00005324       $unwind$gzfwrite           0000000180019324     gzwrite.obj
 0002:0000532c       $unwind$gzputc             000000018001932c     gzwrite.obj
 0002:00005338       $unwind$gzputs             0000000180019338     gzwrite.obj
 0002:00005340       $chain$0$gzputs            0000000180019340     gzwrite.obj
 0002:00005354       $chain$1$gzputs            0000000180019354     gzwrite.obj
 0002:00005364       $unwind$gzvprintf          0000000180019364     gzwrite.obj
 0002:00005374       $chain$1$gzvprintf         0000000180019374     gzwrite.obj
 0002:0000538c       $chain$3$gzvprintf         000000018001938c     gzwrite.obj
 0002:000053a4       $chain$4$gzvprintf         00000001800193a4     gzwrite.obj
 0002:000053b4       $unwind$gzprintf           00000001800193b4     gzwrite.obj
[...]
 0002:0000604c       $unwind$zipOpenNewFileInZip2_64 000000018001a04c     zip.obj
 0002:00006054       $unwind$zipOpenNewFileInZip64 000000018001a054     zip.obj
 0002:0000605c       $unwind$zipOpenNewFileInZip 000000018001a05c     zip.obj
 0002:00006064       $unwind$zip64FlushWriteBuffer 000000018001a064     zip.obj
 0002:0000606c       $chain$0$zip64FlushWriteBuffer 000000018001a06c     zip.obj
 0002:00006080       $chain$3$zip64FlushWriteBuffer 000000018001a080     zip.obj
 0002:0000609c       $chain$4$zip64FlushWriteBuffer 000000018001a09c     zip.obj
 0002:000060ac       $chain$5$zip64FlushWriteBuffer 000000018001a0ac     zip.obj
 0002:000060bc       $unwind$zipWriteInFileInZip 000000018001a0bc     zip.obj
 0002:000060d0       $chain$0$zipWriteInFileInZip 000000018001a0d0     zip.obj
 0002:000060e4       $chain$2$zipWriteInFileInZip 000000018001a0e4     zip.obj
 0002:000060f8       $chain$3$zipWriteInFileInZip 000000018001a0f8     zip.obj
 0002:00006108       $unwind$zipCloseFileInZipRaw64 000000018001a108     zip.obj
 0002:00006118       $chain$3$zipCloseFileInZipRaw64 000000018001a118     zip.obj
 0002:00006138       $chain$5$zipCloseFileInZipRaw64 000000018001a138     zip.obj
 0002:00006158       $chain$6$zipCloseFileInZipRaw64 000000018001a158     zip.obj
 0002:00006168       $unwind$Write_Zip64EndOfCentralDirectoryLocator 000000018001a168     zip.obj
 0002:00006174       $unwind$Write_Zip64EndOfCentralDirectoryRecord 000000018001a174     zip.obj
 0002:00006184       $unwind$Write_EndOfCentralDirectoryRecord 000000018001a184     zip.obj
 0002:00006190       $chain$0$Write_EndOfCentralDirectoryRecord 000000018001a190     zip.obj
 0002:000061a4       $chain$2$Write_EndOfCentralDirectoryRecord 000000018001a1a4     zip.obj
 0002:000061bc       $chain$3$Write_EndOfCentralDirectoryRecord 000000018001a1bc     zip.obj
 0002:000061cc       $chain$4$Write_EndOfCentralDirectoryRecord 000000018001a1cc     zip.obj
 0002:000061dc       $unwind$Write_GlobalComment 000000018001a1dc     zip.obj
 0002:000061f4       $unwind$zipClose           000000018001a1f4     zip.obj
 0002:00006204       $chain$0$zipClose          000000018001a204     zip.obj
 0002:00006218       $chain$1$zipClose          000000018001a218     zip.obj
 0002:0000622c       $chain$2$zipClose          000000018001a22c     zip.obj
 0002:00006240       $chain$3$zipClose          000000018001a240     zip.obj
 0002:00006250       $chain$4$zipClose          000000018001a250     zip.obj
 0002:00006260       $chain$5$zipClose          000000018001a260     zip.obj
 0002:00006270       $unwind$?dllmain_crt_process_attach@@YAHQEAUHINSTANCE__@@QEAX@Z 000000018001a270     MSVCRT:dll_dllmain.obj
 0002:000062ac       $unwind$?fin$0@?0??dllmain_crt_process_attach@@YAHQEAUHINSTANCE__@@QEAX@Z@4HA 000000018001a2ac     MSVCRT:dll_dllmain.obj
 0002:000062b4       $unwind$?dllmain_crt_process_detach@@YAH_N@Z 000000018001a2b4     MSVCRT:dll_dllmain.obj
 0002:00006308       $unwind$?fin$0@?0??dllmain_crt_process_detach@@YAH_N@Z@4HA 000000018001a308     MSVCRT:dll_dllmain.obj
 0002:00006310       $unwind$?fin$1@?0??dllmain_crt_process_detach@@YAH_N@Z@4HA 000000018001a310     MSVCRT:dll_dllmain.obj
 0002:00006318       $unwind$?dllmain_crt_dispatch@@YAHQEAUHINSTANCE__@@KQEAX@Z 000000018001a318     MSVCRT:dll_dllmain.obj
 0002:00006320       $unwind$?dllmain_dispatch@@YAHQEAUHINSTANCE__@@KQEAX@Z 000000018001a320     MSVCRT:dll_dllmain.obj
 0002:00006348       $unwind$?filt$0@?0??dllmain_dispatch@@YAHQEAUHINSTANCE__@@KQEAX@Z@4HA 000000018001a348     MSVCRT:dll_dllmain.obj
 0002:00006350       $unwind$_DllMainCRTStartup 000000018001a350     MSVCRT:dll_dllmain.obj
 0002:00006360       $unwind$__security_init_cookie 000000018001a360     MSVCRT:gs_support.obj
 0002:0000636c       $unwind$__get_entropy      000000018001a36c     MSVCRT:gs_support.obj
 0002:00006374       $unwind$DllMain            000000018001a374     MSVCRT:dll_dllmain_stub.obj
 0002:0000637c       $unwind$__scrt_initialize_default_local_stdio_options 000000018001a37c     MSVCRT:default_local_stdio_options.obj
 0002:00006384       $unwind$atexit             000000018001a384     MSVCRT:utility.obj
 0002:0000638c       $unwind$_onexit            000000018001a38c     MSVCRT:utility.obj
 0002:00006394       $unwind$__scrt_is_nonwritable_in_current_image 000000018001a394     MSVCRT:utility.obj
 0002:000063b4       $unwind$__scrt_is_nonwritable_in_current_image$filt$0 000000018001a3b4     MSVCRT:utility.obj
 0002:000063bc       $unwind$__scrt_acquire_startup_lock 000000018001a3bc     MSVCRT:utility.obj
 0002:000063c4       $unwind$__scrt_release_startup_lock 000000018001a3c4     MSVCRT:utility.obj
 0002:000063cc       $unwind$__scrt_initialize_crt 000000018001a3cc     MSVCRT:utility.obj
 0002:000063d4       $unwind$__scrt_uninitialize_crt 000000018001a3d4     MSVCRT:utility.obj
 0002:000063dc       $unwind$__scrt_initialize_onexit_tables 000000018001a3dc     MSVCRT:utility.obj
 0002:000063e4       $unwind$__scrt_dllmain_exception_filter 000000018001a3e4     MSVCRT:utility.obj
 0002:000063f8       $unwind$__scrt_dllmain_before_initialize_c 000000018001a3f8     MSVCRT:utility.obj
 0002:00006400       $unwind$__scrt_dllmain_after_initialize_c 000000018001a400     MSVCRT:utility.obj
 0002:00006408       $unwind$__scrt_dllmain_uninitialize_c 000000018001a408     MSVCRT:utility.obj
 0002:00006410       $unwind$__scrt_dllmain_uninitialize_critical 000000018001a410     MSVCRT:utility.obj
 0002:00006418       $unwind$__scrt_dllmain_crt_thread_attach 000000018001a418     MSVCRT:utility.obj
 0002:00006420       $unwind$__scrt_dllmain_crt_thread_detach 000000018001a420     MSVCRT:utility.obj
 0002:00006428       $unwind$?configure_argv@__scrt_narrow_argv_policy@@SAHXZ 000000018001a428     MSVCRT:utility.obj
 0002:00006430       $unwind$__scrt_get_show_window_mode 000000018001a430     MSVCRT:utility_desktop.obj
 0002:00006438       $unwind$__scrt_is_managed_app 000000018001a438     MSVCRT:utility_desktop.obj
 0002:00006440       $unwind$__scrt_fastfail    000000018001a440     MSVCRT:utility_desktop.obj
 0002:00006450       $unwind$__scrt_unhandled_exception_filter 000000018001a450     MSVCRT:utility_desktop.obj
 0002:0000645c       $unwind$_RTC_Initialize    000000018001a45c     MSVCRT:initsect.obj
 0002:00006468       $unwind$_RTC_Terminate     000000018001a468     MSVCRT:initsect.obj
 0002:00006474       $unwind$__castguard_check_failure_os_handled_wrapper 000000018001a474     MSVCRT:guard_support.obj
 0002:0000647c       $unwind$__castguard_check_failure_user_handled_wrapper 000000018001a47c     MSVCRT:guard_support.obj
 0002:00006484       $unwind$__castguard_check_failure_os_handled 000000018001a484     MSVCRT:guard_support.obj
 0002:0000648c       $unwind$__castguard_check_failure_user_handled 000000018001a48c     MSVCRT:guard_support.obj
 0002:00006494       $unwind$__castguard_slow_path_check_os_handled 000000018001a494     MSVCRT:guard_support.obj
 0002:0000649c       $unwind$__castguard_slow_path_check_user_handled 000000018001a49c     MSVCRT:guard_support.obj
 0002:000064a4       $unwind$__isa_available_init 000000018001a4a4     MSVCRT:cpu_disp.obj
 0002:000064b8       $xdatasym                  000000018001a4b8     MSVCRT:guard_dispatch.obj
 0002:000064c0       $xdatasym                  000000018001a4c0     MSVCRT:guard_xfg_dispatch.obj
 0002:000064c8       $xdatasym                  000000018001a4c8     MSVCRT:chkstk.obj
 0002:000064d0       .edata                     000000018001a4d0     zlibwapi.exp
 0002:000064f8       rgpv                       000000018001a4f8     zlibwapi.exp
 0002:000067b4       rgszName                   000000018001a7b4     zlibwapi.exp
 0002:000069b8       rgwOrd                     000000018001a9b8     zlibwapi.exp
 0002:00006aba       szName                     000000018001aaba     zlibwapi.exp
 0002:00006ac7       $N00001                    000000018001aac7     zlibwapi.exp
 0002:00006acf       $N00140                    000000018001aacf     zlibwapi.exp
 0002:00006adf       $N00174                    000000018001aadf     zlibwapi.exp
 0002:00006ae9       $N00002                    000000018001aae9     zlibwapi.exp
 0002:00006af2       $N00039                    000000018001aaf2     zlibwapi.exp
 0002:00006afc       $N00046                    000000018001aafc     zlibwapi.exp
 0002:00006b0a       $N00003                    000000018001ab0a     zlibwapi.exp
 0002:00006b10       $N00142                    000000018001ab10     zlibwapi.exp
 0002:00006b1e       $N00175                    000000018001ab1e     zlibwapi.exp
 0002:00006b26       $N00004                    000000018001ab26     zlibwapi.exp
 0002:00006b2e       $N00047                    000000018001ab2e     zlibwapi.exp
 0002:00006b3b       $N00005                    000000018001ab3b     zlibwapi.exp
 0002:00006b47       $N00006                    000000018001ab47     zlibwapi.exp
 0002:00006b52       $N00173                    000000018001ab52     zlibwapi.exp
 0002:00006b67       $N00007                    000000018001ab67     zlibwapi.exp
 0002:00006b75       $N00008                    000000018001ab75     zlibwapi.exp
 0002:00006b82       $N00009                    000000018001ab82     zlibwapi.exp
 0002:00006b90       $N00052                    000000018001ab90     zlibwapi.exp
 0002:00006b9f       $N00051                    000000018001ab9f     zlibwapi.exp
 0002:00006bac       $N00010                    000000018001abac     zlibwapi.exp
 0002:00006bb9       $N00164                    000000018001abb9     zlibwapi.exp
 0002:00006bca       $N00011                    000000018001abca     zlibwapi.exp
 0002:00006bdf       $N00144                    000000018001abdf     zlibwapi.exp
 0002:00006bf0       $N00145                    000000018001abf0     zlibwapi.exp
 0002:00006bfc       $N00110                    000000018001abfc     zlibwapi.exp
 0002:00006c10       $N00111                    000000018001ac10     zlibwapi.exp
 0002:00006c26       $N00112                    000000018001ac26     zlibwapi.exp
 0002:00006c3d       $N00113                    000000018001ac3d     zlibwapi.exp
 0002:00006c54       $N00038                    000000018001ac54     zlibwapi.exp
 0002:00006c62       $N00146                    000000018001ac62     zlibwapi.exp
 0002:00006c6b       $N00048                    000000018001ac6b     zlibwapi.exp
 0002:00006c76       $N00012                    000000018001ac76     zlibwapi.exp
 0002:00006c7e       $N00147                    000000018001ac7e     zlibwapi.exp
 0002:00006c88       $N00148                    000000018001ac88     zlibwapi.exp
 0002:00006c92       $N00149                    000000018001ac92     zlibwapi.exp
 0002:00006c9b       $N00013                    000000018001ac9b     zlibwapi.exp
 0002:00006ca3       $N00034                    000000018001aca3     zlibwapi.exp
 0002:00006ca9       $N00014                    000000018001aca9     zlibwapi.exp
 0002:00006cb1       $N00015                    000000018001acb1     zlibwapi.exp
 0002:00006cb9       $N00171                    000000018001acb9     zlibwapi.exp
 0002:00006cc1       $N00172                    000000018001acc1     zlibwapi.exp
 0002:00006cca       $N00030                    000000018001acca     zlibwapi.exp
 0002:00006cd1       $N00161                    000000018001acd1     zlibwapi.exp
 0002:00006cd9       $N00041                    000000018001acd9     zlibwapi.exp
 0002:00006ce0       $N00150                    000000018001ace0     zlibwapi.exp
 0002:00006ce9       $N00016                    000000018001ace9     zlibwapi.exp
 0002:00006cf0       $N00165                    000000018001acf0     zlibwapi.exp
 0002:00006cf9       $N00028                    000000018001acf9     zlibwapi.exp
 0002:00006d02       $N00029                    000000018001ad02     zlibwapi.exp
 0002:00006d09       $N00040                    000000018001ad09     zlibwapi.exp
 0002:00006d10       $N00017                    000000018001ad10     zlibwapi.exp
 0002:00006d17       $N00032                    000000018001ad17     zlibwapi.exp
 0002:00006d20       $N00031                    000000018001ad20     zlibwapi.exp
 0002:00006d27       $N00035                    000000018001ad27     zlibwapi.exp
 0002:00006d33       $N00033                    000000018001ad33     zlibwapi.exp
 0002:00006d3a       $N00049                    000000018001ad3a     zlibwapi.exp
 0002:00006d43       $N00167                    000000018001ad43     zlibwapi.exp
 0002:00006d4d       $N00018                    000000018001ad4d     zlibwapi.exp
 0002:00006d55       $N00019                    000000018001ad55     zlibwapi.exp
 0002:00006d5d       $N00044                    000000018001ad5d     zlibwapi.exp
 0002:00006d69       $N00045                    000000018001ad69     zlibwapi.exp
 0002:00006d78       $N00043                    000000018001ad78     zlibwapi.exp
 0002:00006d89       $N00168                    000000018001ad89     zlibwapi.exp
 0002:00006d9a       $N00042                    000000018001ad9a     zlibwapi.exp
 0002:00006da6       $N00020                    000000018001ada6     zlibwapi.exp
 0002:00006db1       $N00166                    000000018001adb1     zlibwapi.exp
 0002:00006dc6       $N00156                    000000018001adc6     zlibwapi.exp
 0002:00006dd7       $N00021                    000000018001add7     zlibwapi.exp
 0002:00006de5       $N00022                    000000018001ade5     zlibwapi.exp
 0002:00006df2       $N00157                    000000018001adf2     zlibwapi.exp
 0002:00006dfe       $N00158                    000000018001adfe     zlibwapi.exp
 0002:00006e0b       $N00023                    000000018001ae0b     zlibwapi.exp
 0002:00006e18       $N00159                    000000018001ae18     zlibwapi.exp
 0002:00006e26       $N00163                    000000018001ae26     zlibwapi.exp
 0002:00006e37       $N00024                    000000018001ae37     zlibwapi.exp
 0002:00006e4c       $N00025                    000000018001ae4c     zlibwapi.exp
 0002:00006e58       $N00037                    000000018001ae58     zlibwapi.exp
 0002:00006e69       $N00160                    000000018001ae69     zlibwapi.exp
 0002:00006e7a       $N00169                    000000018001ae7a     zlibwapi.exp
 0002:00006e8a       $N00026                    000000018001ae8a     zlibwapi.exp
 0002:00006e95       $N00170                    000000018001ae95     zlibwapi.exp
 0002:00006ea1       $N00062                    000000018001aea1     zlibwapi.exp
 0002:00006eaa       $N00072                    000000018001aeaa     zlibwapi.exp
 0002:00006ebe       $N00064                    000000018001aebe     zlibwapi.exp
 0002:00006ed4       $N00124                    000000018001aed4     zlibwapi.exp
 0002:00006eec       $N00125                    000000018001aeec     zlibwapi.exp
 0002:00006f0a       $N00100                    000000018001af0a     zlibwapi.exp
 0002:00006f18       $N00127                    000000018001af18     zlibwapi.exp
 0002:00006f28       $N00073                    000000018001af28     zlibwapi.exp
 0002:00006f3c       $N00063                    000000018001af3c     zlibwapi.exp
 0002:00006f4d       $N00122                    000000018001af4d     zlibwapi.exp
 0002:00006f60       $N00076                    000000018001af60     zlibwapi.exp
 0002:00006f76       $N00101                    000000018001af76     zlibwapi.exp
 0002:00006f85       $N00128                    000000018001af85     zlibwapi.exp
 0002:00006f96       $N00065                    000000018001af96     zlibwapi.exp
 0002:00006fa7       $N00066                    000000018001afa7     zlibwapi.exp
 0002:00006fb7       $N00075                    000000018001afb7     zlibwapi.exp
 0002:00006fc5       $N00061                    000000018001afc5     zlibwapi.exp
 0002:00006fcd       $N00077                    000000018001afcd     zlibwapi.exp
 0002:00006fd6       $N00121                    000000018001afd6     zlibwapi.exp
 0002:00006fe2       $N00120                    000000018001afe2     zlibwapi.exp
 0002:00006fec       $N00067                    000000018001afec     zlibwapi.exp
 0002:00006fff       $N00078                    000000018001afff     zlibwapi.exp
 0002:00007013       $N00069                    000000018001b013     zlibwapi.exp
 0002:00007027       $N00079                    000000018001b027     zlibwapi.exp
 0002:00007042       $N00068                    000000018001b042     zlibwapi.exp
 0002:00007055       $N00074                    000000018001b055     zlibwapi.exp
 0002:0000706e       $N00071                    000000018001b06e     zlibwapi.exp
 0002:00007075       $N00070                    000000018001b075     zlibwapi.exp
 0002:0000707d       $N00126                    000000018001b07d     zlibwapi.exp
 0002:00007087       $N00036                    000000018001b087     zlibwapi.exp
 0002:0000708e       $N00084                    000000018001b08e     zlibwapi.exp
 0002:00007097       $N00083                    000000018001b097     zlibwapi.exp
 0002:000070a9       $N00087                    000000018001b0a9     zlibwapi.exp
 0002:000070be       $N00136                    000000018001b0be     zlibwapi.exp
 0002:000070d5       $N00080                    000000018001b0d5     zlibwapi.exp
 0002:000070dd       $N00088                    000000018001b0dd     zlibwapi.exp
 0002:000070e6       $N00131                    000000018001b0e6     zlibwapi.exp
 0002:000070f2       $N00130                    000000018001b0f2     zlibwapi.exp
 0002:000070fc       $N00081                    000000018001b0fc     zlibwapi.exp
 0002:00007110       $N00086                    000000018001b110     zlibwapi.exp
 0002:00007125       $N00133                    000000018001b125     zlibwapi.exp
 0002:0000713d       $N00089                    000000018001b13d     zlibwapi.exp
 0002:00007152       $N00134                    000000018001b152     zlibwapi.exp
 0002:0000716a       $N00135                    000000018001b16a     zlibwapi.exp
 0002:00007182       $N00132                    000000018001b182     zlibwapi.exp
 0002:00007198       $N00082                    000000018001b198     zlibwapi.exp
 0002:000071ac       $N00050                    000000018001b1ac     zlibwapi.exp
 0002:000071bd       $N00027                    000000018001b1bd     zlibwapi.exp
 0002:0000752c       .idata$6                   000000018001b52c     kernel32:KERNEL32.dll
 0002:000075b0       .idata$6                   000000018001b5b0     vcruntime:VCRUNTIME140.dll
 0002:000077ac       .idata$6                   000000018001b7ac     ucrt:api-ms-win-crt-stdio-l1-1-0.dll
 0002:000077cc       .idata$6                   000000018001b7cc     ucrt:api-ms-win-crt-convert-l1-1-0.dll
 0002:000077ee       .idata$6                   000000018001b7ee     ucrt:api-ms-win-crt-heap-l1-1-0.dll
 0002:0000780e       .idata$6                   000000018001b80e     ucrt:api-ms-win-crt-runtime-l1-1-0.dll
 0002:00007830       .idata$6                   000000018001b830     ucrt:api-ms-win-crt-utility-l1-1-0.dll
 0002:00007852       .idata$6                   000000018001b852     ucrt:api-ms-win-crt-time-l1-1-0.dll
 0003:000000c0       ?__proc_attached@@3HA      000000018001c0c0     MSVCRT:dll_dllmain.obj
 0003:00000100       ?is_initialized_as_dll@@3_NA 000000018001c100     MSVCRT:utility.obj
 0003:00000101       ?module_local_atexit_table_initialized@@3_NA 000000018001c101     MSVCRT:utility.obj
 0003:00000108       ?module_local_atexit_table@@3U_onexit_table_t@@A 000000018001c108     MSVCRT:utility.obj
 0003:00000120       ?module_local_at_quick_exit_table@@3U_onexit_table_t@@A 000000018001c120     MSVCRT:utility.obj
 0003:00000150       ?calls@?1??crypthead@@9@9  000000018001c150     zip.obj
 0005:00000060       $R000000                   000000018001f060     zlib.res
